
> edumind-platform@1.0.3 build
> vite build

[36mvite v6.4.1 [32mbuilding for production...[36m[39m
transforming...
[32m✓[39m 2766 modules transformed.
✗ Build failed in 14.63s
error during build:
Could not resolve "./shared/PedagogicalFooter" from "src/components/sheet-renderers/QueueOrderingSheet.tsx"
file: D:/bbma/bursadisleksi/oogmatik/src/components/sheet-renderers/QueueOrderingSheet.tsx
    at getRollupError (file:///D:/bbma/bursadisleksi/oogmatik/node_modules/rollup/dist/es/shared/parseAst.js:406:41)
    at error (file:///D:/bbma/bursadisleksi/oogmatik/node_modules/rollup/dist/es/shared/parseAst.js:402:42)
    at ModuleLoader.handleInvalidResolvedId (file:///D:/bbma/bursadisleksi/oogmatik/node_modules/rollup/dist/es/shared/node-entry.js:22106:24)
    at file:///D:/bbma/bursadisleksi/oogmatik/node_modules/rollup/dist/es/shared/node-entry.js:22066:26
