src/__tests__/premium-builder.test.ts(3,1): error TS2582: Cannot find name 'test'. Do you need to install type definitions for a test runner? Try `npm i --save-dev @types/jest` or `npm i --save-dev @types/mocha`.
src/__tests__/premium-builder.test.ts(10,3): error TS2304: Cannot find name 'expect'.
src/__tests__/premium-builder.test.ts(11,3): error TS2304: Cannot find name 'expect'.
src/__tests__/premium-builder.test.ts(12,3): error TS2304: Cannot find name 'expect'.
src/__tests__/premium-builder.test.ts(13,3): error TS2304: Cannot find name 'expect'.
src/__tests__/premium-builder.test.ts(14,3): error TS2304: Cannot find name 'expect'.
src/__tests__/premium-builder.test.ts(14,10): error TS18048: 'content.riddles' is possibly 'undefined'.
src/components/A4Editor/ContentPanel.tsx(136,80): error TS18046: 's' is of type 'unknown'.
src/components/activity-configs/AdvancedMissingPartsConfig.tsx(5,3): error TS2305: Module '"lucide-react"' has no exported member 'Type'.
src/components/activity-configs/AdvancedMissingPartsConfig.tsx(6,3): error TS2305: Module '"lucide-react"' has no exported member 'Palette'.
src/components/activity-configs/AdvancedMissingPartsConfig.tsx(13,3): error TS2305: Module '"lucide-react"' has no exported member 'Zap'.
src/components/activity-configs/AdvancedMissingPartsConfig.tsx(15,3): error TS2305: Module '"lucide-react"' has no exported member 'Sliders'.
src/components/activity-configs/AdvancedMissingPartsConfig.tsx(16,3): error TS2305: Module '"lucide-react"' has no exported member 'Grid'.
src/components/activity-configs/AdvancedMissingPartsConfig.tsx(17,3): error TS2305: Module '"lucide-react"' has no exported member 'AlignLeft'.
src/components/activity-configs/AdvancedMissingPartsConfig.tsx(18,3): error TS2305: Module '"lucide-react"' has no exported member 'AlignCenter'.
src/components/activity-configs/AdvancedMissingPartsConfig.tsx(19,3): error TS2305: Module '"lucide-react"' has no exported member 'AlignRight'.
src/components/activity-configs/AdvancedMissingPartsConfig.tsx(20,3): error TS2305: Module '"lucide-react"' has no exported member 'Hash'.
src/components/activity-configs/AdvancedMissingPartsConfig.tsx(21,3): error TS2305: Module '"lucide-react"' has no exported member 'Minus'.
src/components/activity-configs/AdvancedMissingPartsConfig.tsx(22,3): error TS2305: Module '"lucide-react"' has no exported member 'Underline'.
src/components/activity-configs/AdvancedMissingPartsConfig.tsx(23,3): error TS2305: Module '"lucide-react"' has no exported member 'List'.
src/components/activity-configs/AdvancedMissingPartsConfig.tsx(24,3): error TS2305: Module '"lucide-react"' has no exported member 'Columns'.
src/components/activity-configs/AdvancedMissingPartsConfig.tsx(25,3): error TS2305: Module '"lucide-react"' has no exported member 'Maximize2'.
src/components/activity-configs/AdvancedMissingPartsConfig.tsx(26,3): error TS2305: Module '"lucide-react"' has no exported member 'Minimize2'.
src/components/activity-configs/AdvancedMissingPartsConfig.tsx(203,41): error TS2345: Argument of type 'string' is not assignable to parameter of type 'keyof GeneratorOptions'.
src/components/activity-configs/AdvancedMissingPartsConfig.tsx(203,55): error TS7053: Element implicitly has an 'any' type because expression of type 'string' can't be used to index type 'GeneratorOptions'.
  No index signature with a parameter of type 'string' was found on type 'GeneratorOptions'.
src/components/activity-configs/AdvancedMissingPartsConfig.tsx(205,19): error TS7053: Element implicitly has an 'any' type because expression of type 'string' can't be used to index type 'GeneratorOptions'.
  No index signature with a parameter of type 'string' was found on type 'GeneratorOptions'.
src/components/activity-configs/AdvancedMissingPartsConfig.tsx(209,19): error TS7053: Element implicitly has an 'any' type because expression of type 'string' can't be used to index type 'GeneratorOptions'.
  No index signature with a parameter of type 'string' was found on type 'GeneratorOptions'.
src/components/activity-configs/AdvancedMissingPartsConfig.tsx(313,43): error TS2345: Argument of type 'string' is not assignable to parameter of type 'keyof GeneratorOptions'.
src/components/activity-configs/AdvancedMissingPartsConfig.tsx(313,57): error TS7053: Element implicitly has an 'any' type because expression of type 'string' can't be used to index type 'GeneratorOptions'.
  No index signature with a parameter of type 'string' was found on type 'GeneratorOptions'.
src/components/activity-configs/AdvancedMissingPartsConfig.tsx(315,21): error TS7053: Element implicitly has an 'any' type because expression of type 'string' can't be used to index type 'GeneratorOptions'.
  No index signature with a parameter of type 'string' was found on type 'GeneratorOptions'.
src/components/activity-configs/AdvancedMissingPartsConfig.tsx(319,21): error TS7053: Element implicitly has an 'any' type because expression of type 'string' can't be used to index type 'GeneratorOptions'.
  No index signature with a parameter of type 'string' was found on type 'GeneratorOptions'.
src/components/activity-configs/BrainTeasersConfig.tsx(13,68): error TS2339: Property 'selectedCategories' does not exist on type 'GeneratorOptions'.
src/components/activity-configs/BrainTeasersConfig.tsx(14,16): error TS2339: Property 'selectedCategories' does not exist on type 'GeneratorOptions'.
src/components/activity-configs/BrainTeasersConfig.tsx(114,38): error TS2551: Property 'showHints' does not exist on type 'GeneratorOptions'. Did you mean 'showPoints'?
src/components/activity-configs/DirectionalCodeReadingConfig.tsx(68,50): error TS2339: Property 'aestheticMode' does not exist on type 'GeneratorOptions'.
src/components/activity-configs/FinancialMathConfig.tsx(42,25): error TS2322: Type 'string | [number, number]' is not assignable to type 'string | number | readonly string[] | undefined'.
  Type '[number, number]' is not assignable to type 'string | number | readonly string[] | undefined'.
    Type '[number, number]' is not assignable to type 'readonly string[]'.
      Type 'number' is not assignable to type 'string'.
src/components/activity-configs/FiveWOneHConfig.tsx(51,39): error TS2339: Property 'classLevel' does not exist on type 'GeneratorOptions'.
src/components/activity-configs/FiveWOneHConfig.tsx(52,52): error TS2345: Argument of type '"classLevel"' is not assignable to parameter of type 'keyof GeneratorOptions'.
src/components/activity-configs/MathPuzzleConfig.tsx(33,36): error TS2339: Property 'puzzleType' does not exist on type 'GeneratorOptions'.
src/components/activity-configs/MathPuzzleConfig.tsx(75,40): error TS2339: Property 'storyMode' does not exist on type 'GeneratorOptions'.
src/components/activity-configs/MathPuzzleConfig.tsx(80,40): error TS2339: Property 'colorfulText' does not exist on type 'GeneratorOptions'.
src/components/activity-configs/SentenceFiveWOneHConfig.tsx(99,43): error TS2339: Property 'complexity' does not exist on type 'GeneratorOptions'.
src/components/activity-configs/SentenceFiveWOneHConfig.tsx(100,59): error TS2345: Argument of type '"complexity"' is not assignable to parameter of type 'keyof GeneratorOptions'.
src/components/activity-configs/SentenceFiveWOneHConfig.tsx(112,40): error TS2339: Property 'profile' does not exist on type 'GeneratorOptions'.
src/components/activity-configs/SentenceFiveWOneHConfig.tsx(113,51): error TS2345: Argument of type '"profile"' is not assignable to parameter of type 'keyof GeneratorOptions'.
src/components/activity-configs/SentenceFiveWOneHConfig.tsx(129,53): error TS2345: Argument of type '"compact"' is not assignable to parameter of type 'keyof GeneratorOptions'.
src/components/activity-configs/SentenceFiveWOneHConfig.tsx(129,73): error TS2339: Property 'compact' does not exist on type 'GeneratorOptions'.
src/components/activity-configs/SentenceFiveWOneHConfig.tsx(130,97): error TS2339: Property 'compact' does not exist on type 'GeneratorOptions'.
src/components/activity-configs/SentenceFiveWOneHConfig.tsx(132,116): error TS2339: Property 'compact' does not exist on type 'GeneratorOptions'.
src/components/activity-configs/SentenceFiveWOneHConfig.tsx(155,53): error TS2345: Argument of type '"showPredicate"' is not assignable to parameter of type 'keyof GeneratorOptions'.
src/components/activity-configs/SentenceFiveWOneHConfig.tsx(155,79): error TS2339: Property 'showPredicate' does not exist on type 'GeneratorOptions'.
src/components/activity-configs/SentenceFiveWOneHConfig.tsx(156,97): error TS2339: Property 'showPredicate' does not exist on type 'GeneratorOptions'.
src/components/activity-configs/SentenceFiveWOneHConfig.tsx(158,116): error TS2339: Property 'showPredicate' does not exist on type 'GeneratorOptions'.
src/components/activity-configs/ShapeCountingConfig.tsx(74,54): error TS2339: Property 'overlapping' does not exist on type 'GeneratorOptions'.
src/components/activity-configs/ShapeCountingConfig.tsx(78,100): error TS2339: Property 'overlapping' does not exist on type 'GeneratorOptions'.
src/components/activity-configs/ShapeCountingConfig.tsx(79,133): error TS2339: Property 'overlapping' does not exist on type 'GeneratorOptions'.
src/components/activity-configs/ShapeCountingConfig.tsx(92,140): error TS2339: Property 'aestheticMode' does not exist on type 'GeneratorOptions'.
src/components/activity-configs/StorySequencingConfig.tsx(63,44): error TS2339: Property 'panelCount' does not exist on type 'GeneratorOptions'.
src/components/activity-configs/StorySequencingConfig.tsx(64,55): error TS2345: Argument of type '"panelCount"' is not assignable to parameter of type 'keyof GeneratorOptions'.
src/components/activity-configs/StorySequencingConfig.tsx(90,49): error TS2345: Argument of type '"showTransitionWords"' is not assignable to parameter of type 'keyof GeneratorOptions'.
src/components/activity-configs/StorySequencingConfig.tsx(90,81): error TS2339: Property 'showTransitionWords' does not exist on type 'GeneratorOptions'.
src/components/activity-configs/StorySequencingConfig.tsx(91,107): error TS2339: Property 'showTransitionWords' does not exist on type 'GeneratorOptions'.
src/components/activity-configs/StorySequencingConfig.tsx(93,34): error TS2339: Property 'showTransitionWords' does not exist on type 'GeneratorOptions'.
src/components/activity-configs/StorySequencingConfig.tsx(116,53): error TS2345: Argument of type '"compact"' is not assignable to parameter of type 'keyof GeneratorOptions'.
src/components/activity-configs/StorySequencingConfig.tsx(116,73): error TS2339: Property 'compact' does not exist on type 'GeneratorOptions'.
src/components/activity-configs/StorySequencingConfig.tsx(117,97): error TS2339: Property 'compact' does not exist on type 'GeneratorOptions'.
src/components/activity-configs/StorySequencingConfig.tsx(119,116): error TS2339: Property 'compact' does not exist on type 'GeneratorOptions'.
src/components/activity-configs/VisualPerceptionConfig.tsx(73,140): error TS2339: Property 'aestheticMode' does not exist on type 'GeneratorOptions'.
src/components/ActivityImporterModal.tsx(56,60): error TS2345: Argument of type 'unknown' is not assignable to parameter of type 'Record<string, unknown> | undefined'.
src/components/ActivityStudio/preview/ExportEngine.ts(45,60): error TS18046: 's' is of type 'unknown'.
src/components/ActivityStudio/preview/ExportEngine.ts(70,12): error TS2339: Property 'jsPDF' does not exist on type '{ default: typeof jsPDF; prototype: jsPDF; }'.
src/components/ActivityStudio/preview/PreviewRenderer.tsx(14,43): error TS7006: Parameter 'state' implicitly has an 'any' type.
src/components/ActivityStudio/preview/PreviewRenderer.tsx(15,47): error TS7006: Parameter 'state' implicitly has an 'any' type.
src/components/ActivityStudio/preview/PreviewRenderer.tsx(16,51): error TS7006: Parameter 'state' implicitly has an 'any' type.
src/components/ActivityStudio/validation/pedagogicValidator.ts(2,15): error TS2459: Module '"../../../types/activityStudio"' declares 'Difficulty' locally, but it is not exported.
src/components/ActivityStudio/wizard/panels/CompactA4LayoutPanel.tsx(47,54): error TS7006: Parameter 'state' implicitly has an 'any' type.
src/components/ActivityStudio/wizard/panels/CompactA4LayoutPanel.tsx(48,50): error TS7006: Parameter 'state' implicitly has an 'any' type.
src/components/ActivityStudio/wizard/panels/ThemeSyncPanel.tsx(17,47): error TS7006: Parameter 'state' implicitly has an 'any' type.
src/components/ActivityStudio/wizard/panels/ThemeSyncPanel.tsx(18,50): error TS7006: Parameter 'state' implicitly has an 'any' type.
src/components/ActivityStudio/wizard/StepPreview.tsx(22,26): error TS7006: Parameter 'block' implicitly has an 'any' type.
src/components/ActivityStudio/wizard/StepPreview.tsx(22,33): error TS7006: Parameter 'index' implicitly has an 'any' type.
src/components/Admin/ActivityManagerPanel.tsx(12,3): error TS2305: Module '"lucide-react"' has no exported member 'Zap'.
src/components/Admin/ActivityManagerPanel.tsx(15,3): error TS2305: Module '"lucide-react"' has no exported member 'EyeOff'.
src/components/Admin/ActivityManagerPanel.tsx(17,3): error TS2305: Module '"lucide-react"' has no exported member 'Box'.
src/components/Admin/ActivityManagerPanel.tsx(20,3): error TS2305: Module '"lucide-react"' has no exported member 'MoreVertical'.
src/components/Admin/ActivityManagerPanel.tsx(23,3): error TS2305: Module '"lucide-react"' has no exported member 'BrainCircuit'.
src/components/Admin/ActivityManagerPanel.tsx(25,3): error TS2724: '"lucide-react"' has no exported member named 'RefreshCw'. Did you mean 'RefreshCcw'?
src/components/Admin/AdminCommunication.tsx(2,57): error TS2724: '"lucide-react"' has no exported member named 'RefreshCw'. Did you mean 'RefreshCcw'?
src/components/AdminDashboard/AdminActivityApproval.tsx(46,48): error TS2345: Argument of type 'unknown' is not assignable to parameter of type 'Record<string, unknown> | undefined'.
src/components/AdminDashboard/AdminActivityApproval.tsx(65,38): error TS2345: Argument of type 'unknown' is not assignable to parameter of type 'Record<string, unknown> | undefined'.
src/components/AdminDashboard/AdminActivityApproval.tsx(79,37): error TS2345: Argument of type 'unknown' is not assignable to parameter of type 'Record<string, unknown> | undefined'.
src/components/AdminDashboard/AdminActivityManager.tsx(10,3): error TS2305: Module '"lucide-react"' has no exported member 'Zap'.
src/components/AdminDashboard/AdminActivityManager.tsx(13,3): error TS2305: Module '"lucide-react"' has no exported member 'EyeOff'.
src/components/AdminDashboard/AdminActivityManager.tsx(19,3): error TS2305: Module '"lucide-react"' has no exported member 'BrainCircuit'.
src/components/AdminDashboard/AdminActivityManager.tsx(21,3): error TS2724: '"lucide-react"' has no exported member named 'RefreshCw'. Did you mean 'RefreshCcw'?
src/components/AdminDashboard/AdminDraftReview.tsx(73,38): error TS2345: Argument of type 'unknown' is not assignable to parameter of type 'Record<string, unknown> | undefined'.
src/components/AdminDashboard/AdminUserManagement.tsx(8,3): error TS2305: Module '"lucide-react"' has no exported member 'ShieldCheck'.
src/components/AdminDashboard/AdminUserManagement.tsx(9,3): error TS2724: '"lucide-react"' has no exported member named 'UserX'. Did you mean 'Users'?
src/components/AdminDashboard/AdminUserManagement.tsx(10,3): error TS2305: Module '"lucide-react"' has no exported member 'UserCheck'.
src/components/AdminDashboard/AdminUserManagement.tsx(15,3): error TS2724: '"lucide-react"' has no exported member named 'RefreshCw'. Did you mean 'RefreshCcw'?
src/components/AdminDashboard/AdminUserManagement.tsx(17,3): error TS2724: '"lucide-react"' has no exported member named 'Lock'. Did you mean 'Clock'?
src/components/AdminDashboard/AdminUserManagement.tsx(18,3): error TS2305: Module '"lucide-react"' has no exported member 'Unlock'.
src/components/AdminDashboard/AdminUserManagement.tsx(19,3): error TS2724: '"lucide-react"' has no exported member named 'CheckCircle2'. Did you mean 'CheckCircle'?
src/components/AdminDashboard/AdminUserManagement.tsx(31,3): error TS2353: Object literal may only specify known properties, and 'student' does not exist in type 'Record<UserRole, string>'.
src/components/AdminDashboard/AdminUserManagement.tsx(42,3): error TS2353: Object literal may only specify known properties, and 'student' does not exist in type 'Record<UserRole, string>'.
src/components/AdminDashboard/index.tsx(229,62): error TS2322: Type '{ onInspectUser: Dispatch<SetStateAction<User | null>>; }' is not assignable to type 'IntrinsicAttributes'.
  Property 'onInspectUser' does not exist on type 'IntrinsicAttributes'.
src/components/AdminDashboard/PermissionManager.tsx(17,11): error TS2339: Property 'roles' does not exist on type '{ canAccess: (module: PermissionModule) => boolean; hasPermission: (module: PermissionModule, action: PermissionAction) => boolean; ... 4 more ...; role: any; }'.
src/components/AdminDashboard/PermissionManager.tsx(17,18): error TS2339: Property 'grantPermission' does not exist on type '{ canAccess: (module: PermissionModule) => boolean; hasPermission: (module: PermissionModule, action: PermissionAction) => boolean; ... 4 more ...; role: any; }'.
src/components/AdminDashboard/PermissionManager.tsx(17,35): error TS2339: Property 'revokePermission' does not exist on type '{ canAccess: (module: PermissionModule) => boolean; hasPermission: (module: PermissionModule, action: PermissionAction) => boolean; ... 4 more ...; role: any; }'.
src/components/AdminDashboard/PermissionManager.tsx(17,53): error TS2339: Property 'exportMatrix' does not exist on type '{ canAccess: (module: PermissionModule) => boolean; hasPermission: (module: PermissionModule, action: PermissionAction) => boolean; ... 4 more ...; role: any; }'.
src/components/AdminDashboard/PermissionManager.tsx(17,67): error TS2339: Property 'deleteRole' does not exist on type '{ canAccess: (module: PermissionModule) => boolean; hasPermission: (module: PermissionModule, action: PermissionAction) => boolean; ... 4 more ...; role: any; }'.
src/components/AdminDashboard/PermissionManager.tsx(21,36): error TS7006: Parameter 'r' implicitly has an 'any' type.
src/components/AdminDashboard/PermissionManager.tsx(54,29): error TS7006: Parameter 'r' implicitly has an 'any' type.
src/components/AdminDashboard/PermissionManager.tsx(63,31): error TS7006: Parameter 'r' implicitly has an 'any' type.
src/components/AdminDashboard/PermissionManager.tsx(83,25): error TS7006: Parameter 'role' implicitly has an 'any' type.
src/components/AdminDashboard/PromptSimulator.tsx(66,41): error TS2345: Argument of type 'unknown' is not assignable to parameter of type 'Record<string, unknown> | undefined'.
src/components/AdminDashboard/PromptSimulator.tsx(73,23): error TS2345: Argument of type 'object' is not assignable to parameter of type 'SetStateAction<WorksheetData>'.
src/components/AdminDashboard/PromptSimulator.tsx(179,41): error TS2739: Type '{ fontFamily: string; fontSize: number; showTitle: true; showStudentInfo: false; showFooter: true; themeBorder: "simple"; scale: number; borderColor: string; borderWidth: number; margin: number; ... 20 more ...; footerText: string; }' is missing the following properties from type 'StyleSettings': showAnswers, showClues
src/components/AdminDashboard/UserManagement.tsx(2,28): error TS2305: Module '"../../types/admin"' has no exported member 'UserRoleType'.
src/components/AdminDashboard/UserManagement.tsx(21,7): error TS2741: Property 'deleted' is missing in type '{ active: string; pending: string; suspended: string; }' but required in type 'Record<ExtendedUserStatus, string>'.
src/components/AdminDashboard/UserManagement.tsx(30,5): error TS2741: Property 'avatar' is missing in type '{ id: string; name: string; email: string; role: "admin"; status: "active"; createdAt: string; lastLogin: string; worksheetCount: number; exportCount: number; }' but required in type 'ManagedUser'.
src/components/AdminDashboard/UserManagement.tsx(31,5): error TS2741: Property 'avatar' is missing in type '{ id: string; name: string; email: string; role: "teacher"; status: "active"; createdAt: string; lastLogin: string; worksheetCount: number; exportCount: number; }' but required in type 'ManagedUser'.
src/components/AdminDashboard/UserManagement.tsx(32,67): error TS2322: Type '"student"' is not assignable to type 'UserRole'.
src/components/AdminDashboard/UserManagement.tsx(33,5): error TS2741: Property 'avatar' is missing in type '{ id: string; name: string; email: string; role: "teacher"; status: "pending"; createdAt: string; worksheetCount: number; exportCount: number; }' but required in type 'ManagedUser'.
src/components/AdminDashboard/UserManagement.tsx(34,62): error TS2322: Type '"student"' is not assignable to type 'UserRole'.
src/components/AdminDashboard/UserManagement.tsx(127,86): error TS2322: Type 'unknown' is not assignable to type 'Key | null | undefined'.
src/components/AdminDashboard/UserManagement.tsx(127,94): error TS2322: Type 'unknown' is not assignable to type 'string | number | readonly string[] | undefined'.
src/components/AdminDashboard/UserManagement.tsx(127,119): error TS2538: Type 'unknown' cannot be used as an index type.
src/components/AssessmentReportViewer.tsx(121,22): error TS2345: Argument of type 'unknown' is not assignable to parameter of type 'string | AppError | Error'.
src/components/AssessmentReportViewer.tsx(133,48): error TS2345: Argument of type 'unknown' is not assignable to parameter of type 'Record<string, unknown> | undefined'.
src/components/ErrorBoundary.tsx(28,40): error TS2554: Expected 1-2 arguments, but got 3.
src/components/ErrorDisplay.tsx(110,11): error TS2322: Type 'unknown' is not assignable to type 'ReactNode'.
src/components/ErrorDisplay.tsx(121,28): error TS2362: The left-hand side of an arithmetic operation must be of type 'any', 'number', 'bigint' or an enum type.
src/components/FavoritesSection.tsx(159,46): error TS2345: Argument of type 'unknown' is not assignable to parameter of type 'Record<string, unknown> | undefined'.
src/components/KelimeCumleStudio/hooks/useKelimeCumleGenerator.ts(36,39): error TS2339: Property 'showPredicate' does not exist on type 'KelimeCumleConfig'.
src/components/KelimeCumleStudio/hooks/useKelimeCumleGenerator.ts(55,46): error TS2345: Argument of type 'unknown' is not assignable to parameter of type 'Record<string, unknown> | undefined'.
src/components/MathStudio/hooks/useProblemGenerator.ts(40,29): error TS18046: 'result' is of type 'unknown'.
src/components/MathStudio/hooks/useProblemGenerator.ts(51,28): error TS18046: 'result' is of type 'unknown'.
src/components/MathStudio/hooks/useProblemGenerator.ts(54,22): error TS2345: Argument of type 'unknown' is not assignable to parameter of type 'string | AppError | Error'.
src/components/Messages/Attachments/SafeDocViewer.tsx(3,20): error TS2724: '"lucide-react"' has no exported member named 'Lock'. Did you mean 'Clock'?
src/components/Messages/Config/ChatSettings.tsx(4,5): error TS2305: Module '"../../../services/messaging/notificationService"' has no exported member 'NotificationSettings'.
src/components/Messages/Config/ChatSettings.tsx(5,5): error TS2305: Module '"../../../services/messaging/notificationService"' has no exported member 'defaultNotificationSettings'.
src/components/Messages/Config/ChatSettings.tsx(17,21): error TS7006: Parameter 'prev' implicitly has an 'any' type.
src/components/Messages/Config/ChatSettings.tsx(20,44): error TS7006: Parameter 'id' implicitly has an 'any' type.
src/components/Messages/Config/ChatSettings.tsx(61,58): error TS7006: Parameter 's' implicitly has an 'any' type.
src/components/Messages/Config/ChatSettings.tsx(63,45): error TS7006: Parameter 's' implicitly has an 'any' type.
src/components/Messages/Config/ChatSettings.tsx(79,52): error TS7006: Parameter 's' implicitly has an 'any' type.
src/components/Messages/Config/ChatSettings.tsx(93,52): error TS7006: Parameter 's' implicitly has an 'any' type.
src/components/Messages/Core/ChatWindow.tsx(12,109): error TS2305: Module '"lucide-react"' has no exported member 'Sun'.
src/components/Messages/Core/ChatWindow.tsx(12,114): error TS2305: Module '"lucide-react"' has no exported member 'Moon'.
src/components/Messages/Core/MessageBubble.tsx(21,100): error TS2339: Property '0' does not exist on type 'IAttachment[] | undefined'.
src/components/Messages/Features/ArchivePanel.tsx(3,55): error TS2724: '"lucide-react"' has no exported member named 'RefreshCw'. Did you mean 'RefreshCcw'?
src/components/Messages/Notification/ToastNotification.tsx(26,22): error TS7006: Parameter 'toast' implicitly has an 'any' type.
src/components/Messages/Notification/ToastNotification.tsx(38,28): error TS7053: Element implicitly has an 'any' type because expression of type 'any' can't be used to index type 'Record<ToastType, string>'.
src/components/Messages/Notification/ToastNotification.tsx(53,18): error TS7053: Element implicitly has an 'any' type because expression of type 'any' can't be used to index type 'Record<ToastType, ReactNode>'.
src/components/MobileWorksheetViewer.tsx(169,13): error TS2322: Type '(block: WorksheetContentBlock) => void' is not assignable to type '(block: Omit<WorksheetContentBlock, "id">) => void'.
  Types of parameters 'block' and 'block' are incompatible.
    Property 'id' is missing in type 'Omit<WorksheetContentBlock, "id">' but required in type 'WorksheetContentBlock'.
src/components/OCRScanner.tsx(16,7): error TS2739: Type '{ fontSize: number; scale: number; borderColor: string; borderWidth: number; margin: number; columns: number; gap: number; orientation: "portrait"; themeBorder: "simple"; contentAlign: "center"; ... 20 more ...; footerText: string; }' is missing the following properties from type 'StyleSettings': showAnswers, showClues
src/components/OCRScanner.tsx(829,54): error TS2345: Argument of type 'string' is not assignable to parameter of type 'Record<string, unknown>'.
src/components/Onboarding/AboutModule.tsx(2,35): error TS2305: Module '"lucide-react"' has no exported member 'Globe'.
src/components/Onboarding/AboutModule.tsx(2,42): error TS2305: Module '"lucide-react"' has no exported member 'Heart'.
src/components/Onboarding/AboutModule.tsx(2,55): error TS2305: Module '"lucide-react"' has no exported member 'Twitter'.
src/components/Onboarding/AboutModule.tsx(2,64): error TS2305: Module '"lucide-react"' has no exported member 'Linkedin'.
src/components/Onboarding/AboutModule.tsx(2,74): error TS2305: Module '"lucide-react"' has no exported member 'Github'.
src/components/Onboarding/AboutModule.tsx(2,117): error TS2305: Module '"lucide-react"' has no exported member 'ShieldCheck'.
src/components/Onboarding/AboutModule.tsx(168,31): error TS2304: Cannot find name 'Phone'.
src/components/Onboarding/DeveloperVisionModule.tsx(2,13): error TS2305: Module '"lucide-react"' has no exported member 'Code'.
src/components/Onboarding/DeveloperVisionModule.tsx(2,19): error TS2305: Module '"lucide-react"' has no exported member 'Zap'.
src/components/Onboarding/DeveloperVisionModule.tsx(2,24): error TS2305: Module '"lucide-react"' has no exported member 'Rocket'.
src/components/Onboarding/DeveloperVisionModule.tsx(2,32): error TS2305: Module '"lucide-react"' has no exported member 'GitBranch'.
src/components/Onboarding/DeveloperVisionModule.tsx(2,53): error TS2305: Module '"lucide-react"' has no exported member 'Cloud'.
src/components/Onboarding/DeveloperVisionModule.tsx(2,95): error TS2305: Module '"lucide-react"' has no exported member 'Cpu'.
src/components/Onboarding/DeveloperVisionModule.tsx(2,100): error TS2305: Module '"lucide-react"' has no exported member 'Globe'.
src/components/Onboarding/DeveloperVisionModule.tsx(2,138): error TS2305: Module '"lucide-react"' has no exported member 'Github'.
src/components/Onboarding/GuideModule.tsx(2,37): error TS2305: Module '"lucide-react"' has no exported member 'Lightbulb'.
src/components/Onboarding/GuideModule.tsx(2,56): error TS2305: Module '"lucide-react"' has no exported member 'Zap'.
src/components/Onboarding/PremiumHelpModule.tsx(2,21): error TS2305: Module '"lucide-react"' has no exported member 'MessageCircle'.
src/components/Onboarding/PremiumHelpModule.tsx(2,75): error TS2305: Module '"lucide-react"' has no exported member 'ExternalLink'.
src/components/Onboarding/PremiumHelpModule.tsx(2,101): error TS2305: Module '"lucide-react"' has no exported member 'ShieldCheck'.
src/components/Onboarding/TourModule.tsx(2,13): error TS2305: Module '"lucide-react"' has no exported member 'Play'.
src/components/Onboarding/TourModule.tsx(2,19): error TS2305: Module '"lucide-react"' has no exported member 'SkipForward'.
src/components/Onboarding/TourModule.tsx(2,68): error TS2724: '"lucide-react"' has no exported member named 'Circle'. Did you mean 'XCircle'?
src/components/Onboarding/TourModule.tsx(2,76): error TS2305: Module '"lucide-react"' has no exported member 'Rocket'.
src/components/PDFViewer/hooks/useDyslexiaSettings.ts(35,43): error TS7006: Parameter 's' implicitly has an 'any' type.
src/components/PDFViewer/hooks/usePDFViewer.ts(48,40): error TS7006: Parameter 's' implicitly has an 'any' type.
src/components/PDFViewer/PDFErrorBoundary.tsx(27,43): error TS2554: Expected 1-2 arguments, but got 3.
src/components/PrintPreviewModal.tsx(62,61): error TS2345: Argument of type 'unknown' is not assignable to parameter of type 'Record<string, unknown> | undefined'.
src/components/PrintPreviewModal.tsx(134,39): error TS2345: Argument of type 'unknown' is not assignable to parameter of type 'Record<string, unknown> | undefined'.
src/components/Profile/index.tsx(49,5): error TS2322: Type '"analytics"' is not assignable to type 'PermissionModule | null'.
src/components/Profile/index.tsx(50,5): error TS2322: Type '"planning"' is not assignable to type 'PermissionModule | null'.
src/components/Profile/index.tsx(51,5): error TS2322: Type '"reports"' is not assignable to type 'PermissionModule | null'.
src/components/Profile/index.tsx(52,5): error TS2322: Type '"settings"' is not assignable to type 'PermissionModule | null'.
src/components/Profile/modules/settings/StudentsSettings.tsx(25,45): error TS7006: Parameter 'student' implicitly has an 'any' type.
src/components/Profile/modules/settings/StudentsSettings.tsx(28,29): error TS7006: Parameter 'd' implicitly has an 'any' type.
src/components/Profile/modules/settings/StudentsSettings.tsx(110,34): error TS7006: Parameter 'student' implicitly has an 'any' type.
src/components/Profile/modules/settings/StudentsSettings.tsx(124,57): error TS7006: Parameter 'd' implicitly has an 'any' type.
src/components/Profile/modules/settings/StudentsSettings.tsx(171,15): error TS2322: Type 'Student | null' is not assignable to type 'Partial<Student> | undefined'.
  Type 'null' is not assignable to type 'Partial<Student> | undefined'.
src/components/ProgressDashboard/HistoryList.tsx(5,17): error TS2724: '"lucide-react"' has no exported member named 'CheckCircle2'. Did you mean 'CheckCircle'?
src/components/ProgressDashboard/HistoryList.tsx(14,19): error TS2339: Property 'DYSLEXIA_SUPPORT' does not exist on type 'typeof ActivityType'.
src/components/ProgressDashboard/ProgressDashboard.tsx(8,10): error TS2305: Module '"lucide-react"' has no exported member 'Trophy'.
src/components/ProgressDashboard/ProgressDashboard.tsx(8,46): error TS2305: Module '"lucide-react"' has no exported member 'LogIn'.
src/components/ProgressDashboard/SkillOverview.tsx(3,22): error TS2305: Module '"lucide-react"' has no exported member 'TrendingDown'.
src/components/ProgressDashboard/SkillOverview.tsx(3,36): error TS2305: Module '"lucide-react"' has no exported member 'Minus'.
src/components/ProtectedRoute.tsx(5,10): error TS2305: Module '"lucide-react"' has no exported member 'ShieldAlert'.
src/components/ReadingStudio/Editor/ArchivePanel.tsx(17,51): error TS2345: Argument of type 'unknown' is not assignable to parameter of type 'Record<string, unknown> | undefined'.
src/components/ReadingStudio/Editor/StudentSelector.tsx(11,39): error TS7006: Parameter 's' implicitly has an 'any' type.
src/components/Screening/ResultDashboard.tsx(208,36): error TS2345: Argument of type 'unknown' is not assignable to parameter of type 'Record<string, unknown> | undefined'.
src/components/ScreeningAssessment/components/CognitiveTests/CognitiveTestPanel.tsx(3,40): error TS2724: '"lucide-react"' has no exported member named 'CheckCircle2'. Did you mean 'CheckCircle'?
src/components/ScreeningAssessment/hooks/useScreeningAssessment.ts(17,52): error TS7006: Parameter 'item' implicitly has an 'any' type.
src/components/ScreeningAssessment/hooks/useScreeningHistory.ts(12,29): error TS7006: Parameter 'item' implicitly has an 'any' type.
src/components/ScreeningAssessment/hooks/useScreeningHistory.ts(25,45): error TS7006: Parameter 's' implicitly has an 'any' type.
src/components/ScreeningAssessment/hooks/useScreeningHistory.ts(26,43): error TS7006: Parameter 's' implicitly has an 'any' type.
src/components/ScreeningAssessment/hooks/useScreeningHistory.ts(27,44): error TS7006: Parameter 's' implicitly has an 'any' type.
src/components/ScreeningAssessment/hooks/useScreeningHistory.ts(32,33): error TS7006: Parameter 's' implicitly has an 'any' type.
src/components/ScreeningAssessment/hooks/useScreeningHistory.ts(40,35): error TS7006: Parameter 'sum' implicitly has an 'any' type.
src/components/ScreeningAssessment/hooks/useScreeningHistory.ts(40,40): error TS7006: Parameter 's' implicitly has an 'any' type.
src/components/ScreeningAssessment/panels/DashboardPanel.tsx(16,42): error TS7006: Parameter 's' implicitly has an 'any' type.
src/components/ScreeningAssessment/panels/DashboardPanel.tsx(18,40): error TS7006: Parameter 's' implicitly has an 'any' type.
src/components/ScreeningAssessment/panels/DashboardPanel.tsx(18,43): error TS7006: Parameter 'r' implicitly has an 'any' type.
src/components/ScreeningAssessment/panels/DashboardPanel.tsx(20,46): error TS7006: Parameter 's' implicitly has an 'any' type.
src/components/ScreeningAssessment/panels/DashboardPanel.tsx(73,42): error TS7006: Parameter 'item' implicitly has an 'any' type.
src/components/ScreeningAssessment/panels/DashboardPanel.tsx(73,48): error TS7006: Parameter 'i' implicitly has an 'any' type.
src/components/ScreeningAssessment/panels/HistoryPanel.tsx(38,48): error TS7006: Parameter 'd' implicitly has an 'any' type.
src/components/ScreeningAssessment/panels/HistoryPanel.tsx(91,34): error TS7006: Parameter 'item' implicitly has an 'any' type.
src/components/ScreeningAssessment/store/useScreeningStore.ts(21,58): error TS7006: Parameter 'set' implicitly has an 'any' type.
src/components/ScreeningAssessment/store/useScreeningStore.ts(37,10): error TS7006: Parameter 'state' implicitly has an 'any' type.
src/components/ScreeningAssessment/store/useScreeningStore.ts(38,47): error TS7006: Parameter 'item' implicitly has an 'any' type.
src/components/ScreeningAssessment/store/useScreeningStore.ts(44,10): error TS7006: Parameter 'state' implicitly has an 'any' type.
src/components/ScreeningAssessment/store/useScreeningStore.ts(45,50): error TS7006: Parameter 'item' implicitly has an 'any' type.
src/components/sheets/verbal/AdvancedMissingPartsSheet.tsx(8,3): error TS2305: Module '"lucide-react"' has no exported member 'Lightbulb'.
src/components/sheets/verbal/AdvancedMissingPartsSheet.tsx(14,3): error TS2305: Module '"lucide-react"' has no exported member 'Zap'.
src/components/sheets/verbal/AdvancedMissingPartsSheet.tsx(16,3): error TS2305: Module '"lucide-react"' has no exported member 'Heart'.
src/components/sheets/verbal/AdvancedMissingPartsSheet.tsx(17,3): error TS2305: Module '"lucide-react"' has no exported member 'Trophy'.
src/components/sheets/verbal/MissingPartsSheet.tsx(17,77): error TS2339: Property 'length' does not exist on type '{ words: string[]; categories?: string[] | undefined; showCategories: boolean; randomOrder: boolean; }'.
src/components/sheets/verbal/MissingPartsSheet.tsx(26,43): error TS2339: Property 'map' does not exist on type '{ words: string[]; categories?: string[] | undefined; showCategories: boolean; randomOrder: boolean; }'.
src/components/sheets/verbal/MissingPartsSheet.tsx(26,48): error TS7006: Parameter 'word' implicitly has an 'any' type.
src/components/sheets/verbal/MissingPartsSheet.tsx(26,54): error TS7006: Parameter 'i' implicitly has an 'any' type.
src/components/sheets/visual/FindTheDifferenceSheet.tsx(205,64): error TS2339: Property 'includeClinicalNotes' does not exist on type 'StyleSettings'.
src/components/sheets/visual/PatternCompletionSheet.tsx(3,10): error TS2459: Module '"../../../types/core"' declares 'ShapeType' locally, but it is not exported.
src/components/sheets/visual/PatternCompletionSheet.tsx(15,33): error TS2339: Property 'puzzles' does not exist on type '{ title: string; instruction: string; matrix: PatternCell[]; options: { id: string; isCorrect: boolean; cell: PatternCell; }[]; }'.
src/components/sheets/visual/PatternCompletionSheet.tsx(26,63): error TS2339: Property 'compactLayout' does not exist on type '{ difficulty: "orta" | "zor" | "çok kolay" | "kolay"; patternType: "geometric" | "color_blocks" | "logic_sequence"; gridSize: number; }'.
src/components/sheets/visual/PatternCompletionSheet.tsx(115,25): error TS7006: Parameter 'pz' implicitly has an 'any' type.
src/components/sheets/visual/PatternCompletionSheet.tsx(115,29): error TS7006: Parameter 'index' implicitly has an 'any' type.
src/components/sheets/visual/PatternCompletionSheet.tsx(126,54): error TS2339: Property 'showNumbers' does not exist on type '{ difficulty: "orta" | "zor" | "çok kolay" | "kolay"; patternType: "geometric" | "color_blocks" | "logic_sequence"; gridSize: number; }'.
src/components/Student/AdvancedStudentManager.tsx(139,5): error TS2322: Type '"analytics"' is not assignable to type 'PermissionModule | null'.
src/components/Student/AdvancedStudentManager.tsx(140,5): error TS2322: Type '"bep"' is not assignable to type 'PermissionModule | null'.
src/components/Student/AdvancedStudentManager.tsx(141,5): error TS2322: Type '"reports"' is not assignable to type 'PermissionModule | null'.
src/components/Student/AdvancedStudentManager.tsx(143,5): error TS2322: Type '"reports"' is not assignable to type 'PermissionModule | null'.
src/components/Student/AdvancedStudentManager.tsx(145,5): error TS2322: Type '"reports"' is not assignable to type 'PermissionModule | null'.
src/components/Student/AdvancedStudentManager.tsx(146,5): error TS2322: Type '"settings"' is not assignable to type 'PermissionModule | null'.
src/components/Student/modules/AdvancedStudentForm.tsx(3,10): error TS2614: Module '"../../../services/privacyService"' has no exported member 'PrivacyService'. Did you mean to use 'import PrivacyService from "../../../services/privacyService"' instead?
src/components/Student/modules/AdvancedStudentForm.tsx(89,42): error TS2345: Argument of type 'unknown' is not assignable to parameter of type 'Record<string, unknown> | undefined'.
src/components/Student/modules/AdvancedStudentForm.tsx(234,18): error TS18046: 's' is of type 'unknown'.
src/components/Student/modules/AdvancedStudentForm.tsx(236,36): error TS18046: 's' is of type 'unknown'.
src/components/Student/modules/AdvancedStudentForm.tsx(241,39): error TS18046: 's' is of type 'unknown'.
src/components/Student/modules/AdvancedStudentForm.tsx(246,41): error TS18046: 's' is of type 'unknown'.
src/components/Student/modules/AdvancedStudentForm.tsx(250,39): error TS18046: 's' is of type 'unknown'.
src/components/Student/modules/AdvancedStudentForm.tsx(252,16): error TS18046: 's' is of type 'unknown'.
src/components/Student/modules/AIInsightsModule.tsx(4,28): error TS2305: Module '"../../../services/aiStudentService"' has no exported member 'CognitiveProfileResult'.
src/components/Student/modules/AIInsightsModule.tsx(16,47): error TS2339: Property 'generateCognitiveInsight' does not exist on type '{ generateIEPGoals: (student: AdvancedStudent) => Promise<any>; generateNeuroInsights: (student: AdvancedStudent) => Promise<any>; }'.
src/components/Student/modules/AIInsightsModule.tsx(19,49): error TS2345: Argument of type 'unknown' is not assignable to parameter of type 'Record<string, unknown> | undefined'.
src/components/Student/modules/AIInsightsModule.tsx(66,38): error TS7006: Parameter 'str' implicitly has an 'any' type.
src/components/Student/modules/AIInsightsModule.tsx(66,43): error TS7006: Parameter 'idx' implicitly has an 'any' type.
src/components/Student/modules/AIInsightsModule.tsx(96,31): error TS7006: Parameter 'item' implicitly has an 'any' type.
src/components/Student/modules/AIInsightsModule.tsx(96,37): error TS7006: Parameter 'i' implicitly has an 'any' type.
src/components/Student/modules/AIInsightsModule.tsx(123,31): error TS7006: Parameter 'step' implicitly has an 'any' type.
src/components/Student/modules/AIInsightsModule.tsx(123,37): error TS7006: Parameter 'i' implicitly has an 'any' type.
src/components/Student/modules/OverviewModule.tsx(148,13): error TS2322: Type 'number[]' is not assignable to type 'DataPoint[]'.
  Type 'number' is not assignable to type 'DataPoint'.
src/components/Student/modules/PortfolioModule.tsx(89,31): error TS18046: 's' is of type 'unknown'.
src/components/Student/modules/PortfolioModule.tsx(90,69): error TS18046: 's' is of type 'unknown'.
src/components/Student/modules/PortfolioModule.tsx(90,91): error TS18046: 's' is of type 'unknown'.
src/components/Student/modules/PortfolioModule.tsx(90,114): error TS18046: 's' is of type 'unknown'.
src/components/Student/modules/PortfolioModule.tsx(91,55): error TS18046: 's' is of type 'unknown'.
src/components/Student/modules/PortfolioModule.tsx(94,117): error TS18046: 's' is of type 'unknown'.
src/components/Student/modules/PortfolioModule.tsx(95,111): error TS18046: 's' is of type 'unknown'.
src/components/Student/StudentSelector.tsx(37,41): error TS2345: Argument of type 'unknown' is not assignable to parameter of type 'Record<string, unknown> | undefined'.
src/components/SuperStudio/components/ConfiguratorCascade.tsx(31,48): error TS2345: Argument of type 'unknown' is not assignable to parameter of type 'Record<string, unknown> | undefined'.
src/components/UniversalStudio/UniversalAdapter.ts(42,37): error TS18046: 's' is of type 'unknown'.
src/components/UniversalStudio/UniversalAdapter.ts(292,9): error TS18046: 'items' is of type 'unknown'.
src/components/UniversalStudio/UniversalCanvas.tsx(49,48): error TS2345: Argument of type '{}' is not assignable to parameter of type 'string'.
src/components/UniversalStudio/UniversalCanvas.tsx(305,19): error TS2352: Conversion of type 'number' to type 'string' may be a mistake because neither type sufficiently overlaps with the other. If this was intentional, convert the expression to 'unknown' first.
src/components/UniversalWorksheetViewer/hooks/useCloudStorage.ts(183,54): error TS2345: Argument of type 'unknown' is not assignable to parameter of type 'Record<string, unknown> | undefined'.
src/components/UniversalWorksheetViewer/hooks/useCloudStorage.ts(210,49): error TS2345: Argument of type 'unknown' is not assignable to parameter of type 'Record<string, unknown> | undefined'.
src/components/UniversalWorksheetViewer/hooks/useCloudStorage.ts(228,53): error TS2345: Argument of type 'unknown' is not assignable to parameter of type 'Record<string, unknown> | undefined'.
src/components/UniversalWorksheetViewer/UniversalWorksheetViewer.tsx(322,13): error TS2322: Type '(block: WorksheetContentBlock) => void' is not assignable to type '(block: Omit<WorksheetContentBlock, "id">) => void'.
  Types of parameters 'block' and 'block' are incompatible.
    Property 'id' is missing in type 'Omit<WorksheetContentBlock, "id">' but required in type 'WorksheetContentBlock'.
src/components/VariationResultsView.tsx(196,19): error TS2322: Type 'unknown' is not assignable to type 'ReactNode'.
src/components/WordSentenceStudio/WordSentenceStudioComponents.tsx(4,3): error TS2305: Module '"../../types/verbal.js"' has no exported member 'FillBlanksData'.
src/components/WordSentenceStudio/WordSentenceStudioComponents.tsx(5,3): error TS2305: Module '"../../types/verbal.js"' has no exported member 'MultipleChoiceVerbalData'.
src/components/WordSentenceStudio/WordSentenceStudioComponents.tsx(6,3): error TS2305: Module '"../../types/verbal.js"' has no exported member 'WordCompletionData'.
src/components/WordSentenceStudio/WordSentenceStudioComponents.tsx(7,3): error TS2305: Module '"../../types/verbal.js"' has no exported member 'MixedSentenceData'.
src/components/WordSentenceStudio/WordSentenceStudioComponents.tsx(8,3): error TS2305: Module '"../../types/verbal.js"' has no exported member 'AntonymData'.
src/components/WordSentenceStudio/WordSentenceStudioComponents.tsx(25,39): error TS7006: Parameter 'word' implicitly has an 'any' type.
src/components/WordSentenceStudio/WordSentenceStudioComponents.tsx(25,45): error TS7006: Parameter 'i' implicitly has an 'any' type.
src/components/WordSentenceStudio/WordSentenceStudioComponents.tsx(34,26): error TS7006: Parameter 'item' implicitly has an 'any' type.
src/components/WordSentenceStudio/WordSentenceStudioComponents.tsx(34,32): error TS7006: Parameter 'index' implicitly has an 'any' type.
src/components/WordSentenceStudio/WordSentenceStudioComponents.tsx(40,49): error TS7006: Parameter 'part' implicitly has an 'any' type.
src/components/WordSentenceStudio/WordSentenceStudioComponents.tsx(40,55): error TS7006: Parameter 'i' implicitly has an 'any' type.
src/components/WordSentenceStudio/WordSentenceStudioComponents.tsx(40,58): error TS7006: Parameter 'arr' implicitly has an 'any' type.
src/components/WordSentenceStudio/WordSentenceStudioComponents.tsx(70,26): error TS7006: Parameter 'item' implicitly has an 'any' type.
src/components/WordSentenceStudio/WordSentenceStudioComponents.tsx(70,32): error TS7006: Parameter 'idx' implicitly has an 'any' type.
src/components/WordSentenceStudio/WordSentenceStudioComponents.tsx(77,34): error TS7006: Parameter 'opt' implicitly has an 'any' type.
src/components/WordSentenceStudio/WordSentenceStudioComponents.tsx(77,39): error TS7006: Parameter 'i' implicitly has an 'any' type.
src/components/WordSentenceStudio/WordSentenceStudioComponents.tsx(105,26): error TS7006: Parameter 'item' implicitly has an 'any' type.
src/components/WordSentenceStudio/WordSentenceStudioComponents.tsx(105,32): error TS7006: Parameter 'idx' implicitly has an 'any' type.
src/components/WordSentenceStudio/WordSentenceStudioComponents.tsx(113,41): error TS7006: Parameter 'char' implicitly has an 'any' type.
src/components/WordSentenceStudio/WordSentenceStudioComponents.tsx(113,47): error TS7006: Parameter 'ci' implicitly has an 'any' type.
src/components/WordSentenceStudio/WordSentenceStudioComponents.tsx(132,24): error TS7006: Parameter 'item' implicitly has an 'any' type.
src/components/WordSentenceStudio/WordSentenceStudioComponents.tsx(132,30): error TS7006: Parameter 'idx' implicitly has an 'any' type.
src/components/WordSentenceStudio/WordSentenceStudioComponents.tsx(139,43): error TS7006: Parameter 'word' implicitly has an 'any' type.
src/components/WordSentenceStudio/WordSentenceStudioComponents.tsx(139,49): error TS7006: Parameter 'wi' implicitly has an 'any' type.
src/components/WordSentenceStudio/WordSentenceStudioComponents.tsx(172,26): error TS7006: Parameter 'item' implicitly has an 'any' type.
src/components/WordSentenceStudio/WordSentenceStudioComponents.tsx(172,32): error TS7006: Parameter 'idx' implicitly has an 'any' type.
src/components/workbook/WorkbookActivityRenderer.tsx(83,17): error TS2322: Type 'Record<string, unknown> | SingleWorksheetData[]' is not assignable to type 'SingleWorksheetData'.
  Type 'Record<string, unknown>' is missing the following properties from type 'SingleWorksheetData': title, instruction
src/components/WorkbookAI.tsx(12,36): error TS2724: '"lucide-react"' has no exported member named 'Loader'. Did you mean 'Loader2'?
src/components/WorkbookAI.tsx(16,31): error TS2459: Module '"../types/core"' declares 'StyleSettings' locally, but it is not exported.
src/components/WorkbookAI.tsx(141,21): error TS18046: 's' is of type 'unknown'.
src/components/WorkbookAI.tsx(142,24): error TS18046: 's' is of type 'unknown'.
src/components/WorkbookAI.tsx(143,23): error TS18046: 's' is of type 'unknown'.
src/components/WorkbookAI.tsx(174,16): error TS2345: Argument of type 'unknown' is not assignable to parameter of type 'string | AppError | Error'.
src/components/WorkbookAI.tsx(184,42): error TS18046: 's' is of type 'unknown'.
src/components/WorkbookAI.tsx(184,69): error TS2698: Spread types may only be created from object types.
src/components/WorkbookAI.tsx(187,44): error TS2345: Argument of type 'unknown' is not assignable to parameter of type 'Record<string, unknown> | undefined'.
src/components/WorkbookAI.tsx(193,40): error TS18046: 's' is of type 'unknown'.
src/components/WorkbookAI.tsx(193,66): error TS2698: Spread types may only be created from object types.
src/components/WorkbookAI.tsx(260,51): error TS18046: 's' is of type 'unknown'.
src/components/WorkbookAI.tsx(266,51): error TS18046: 's' is of type 'unknown'.
src/components/WorkbookAI.tsx(272,51): error TS18046: 's' is of type 'unknown'.
src/components/WorkbookLibrary.tsx(12,18): error TS2305: Module '"lucide-react"' has no exported member 'Grid'.
src/components/WorkbookLibrary.tsx(12,24): error TS2305: Module '"lucide-react"' has no exported member 'List'.
src/components/WorkbookLibrary.tsx(12,44): error TS2305: Module '"lucide-react"' has no exported member 'Copy'.
src/data/dummyData.ts(30,9): error TS2739: Type '{ id: string; category: "academic"; title: string; description: string; targetDate: string; status: "in_progress"; progress: number; priority: "high"; strategies: string[]; resources: string[]; evaluationMethod: "test"; reviews: never[]; }' is missing the following properties from type 'IEPGoal': baseline, shortTermObjective, successCriteria
src/hooks/useActivitySettings.ts(25,83): error TS2345: Argument of type 'unknown' is not assignable to parameter of type 'Record<string, unknown> | undefined'.
src/hooks/useActivitySettings.ts(39,52): error TS2345: Argument of type 'unknown' is not assignable to parameter of type 'Record<string, unknown> | undefined'.
src/hooks/useAmbientLight.ts(72,50): error TS2345: Argument of type 'string' is not assignable to parameter of type 'Record<string, unknown>'.
src/hooks/useAmbientLight.ts(81,63): error TS2345: Argument of type 'unknown' is not assignable to parameter of type 'Record<string, unknown> | undefined'.
src/hooks/useAuditLog.ts(2,43): error TS2305: Module '"../types/admin"' has no exported member 'UserRoleType'.
src/modules/activities/_boilerplate/generators.ts(18,34): error TS2339: Property 'count' does not exist on type 'GeneratorOptions'.
src/modules/activities/harf-baglama/generators.ts(53,17): error TS18046: 'result' is of type 'unknown'.
src/modules/activities/harf-baglama/generators.ts(54,5): error TS2698: Spread types may only be created from object types.
src/modules/activities/letter-connect/offlineGenerators.ts(10,26): error TS2339: Property 'count' does not exist on type 'GeneratorOptions'.
src/modules/activities/letter-maze-test/types.ts(1,34): error TS2307: Cannot find module '../../common' or its corresponding type declarations.
src/pages/LandingPage.tsx(3,23): error TS2305: Module '"lucide-react"' has no exported member 'Zap'.
src/pages/LandingPage.tsx(3,75): error TS2724: '"lucide-react"' has no exported member named 'CheckCircle2'. Did you mean 'CheckCircle'?
src/pages/LoginPage.tsx(5,16): error TS2724: '"lucide-react"' has no exported member named 'Lock'. Did you mean 'Clock'?
src/pages/LoginPage.tsx(5,22): error TS2724: '"lucide-react"' has no exported member named 'User'. Did you mean 'Users'?
src/pages/LoginPage.tsx(5,59): error TS2305: Module '"lucide-react"' has no exported member 'Github'.
src/pages/LoginPage.tsx(5,67): error TS2724: '"lucide-react"' has no exported member named 'Chrome'. Did you mean 'Home'?
src/pages/PricingPage.tsx(3,32): error TS2305: Module '"lucide-react"' has no exported member 'Zap'.
src/registry.ts(175,9): error TS2353: Object literal may only specify known properties, and 'profile' does not exist in type 'GeneratorOptions'.
src/registry.ts(184,9): error TS2322: Type 'number' is not assignable to type '"medium" | "small" | "large" | "xl" | undefined'.
src/registry.ts(197,9): error TS2353: Object literal may only specify known properties, and 'locationType' does not exist in type 'GeneratorOptions'.
src/services/activityStudioContentService.ts(86,37): error TS2339: Property 'pedagogicalNote' does not exist on type 'AgentOutput'.
src/services/activityStudioEnhancementService.ts(67,40): error TS2339: Property 'pedagogicalNote' does not exist on type 'AgentOutput'.
src/services/adminService.ts(298,9): error TS2322: Type 'unknown' is not assignable to type 'Partial<DynamicActivity>'.
src/services/aiContentService.ts(174,14): error TS18046: 'result' is of type 'unknown'.
src/services/aiContentService.ts(176,48): error TS2345: Argument of type 'unknown' is not assignable to parameter of type 'Record<string, unknown> | undefined'.
src/services/aiContentService.ts(213,7): error TS2322: Type 'unknown' is not assignable to type 'T | null'.
src/services/aiStudentService.ts(21,26): error TS2339: Property 'diagnosisContext' does not exist on type 'AdvancedStudent'.
src/services/aiStudentService.ts(67,14): error TS18046: 'result' is of type 'unknown'.
src/services/aiStudentService.ts(69,39): error TS2345: Argument of type 'unknown' is not assignable to parameter of type 'Record<string, unknown> | undefined'.
src/services/aiStudentService.ts(86,46): error TS2339: Property 'progressNotes' does not exist on type 'AdvancedStudent'.
src/services/aiStudentService.ts(125,14): error TS18046: 'result' is of type 'unknown'.
src/services/aiStudentService.ts(127,44): error TS2345: Argument of type 'unknown' is not assignable to parameter of type 'Record<string, unknown> | undefined'.
src/services/aiWorksheetService.ts(6,30): error TS2307: Cannot find module './agentService.js' or its corresponding type declarations.
src/services/aiWorksheetService.ts(177,13): error TS18046: 'worksheet' is of type 'unknown'.
src/services/aiWorksheetService.ts(178,20): error TS18046: 'worksheet' is of type 'unknown'.
src/services/aiWorksheetService.ts(181,19): error TS18046: 'worksheet' is of type 'unknown'.
src/services/aiWorksheetService.ts(228,27): error TS7006: Parameter 'task' implicitly has an 'any' type.
src/services/aiWorksheetService.ts(253,32): error TS7006: Parameter 'result' implicitly has an 'any' type.
src/services/aiWorksheetService.ts(253,40): error TS7006: Parameter 'index' implicitly has an 'any' type.
src/services/aiWorksheetService.ts(425,38): error TS2339: Property 'name' does not exist on type '(SingleWorksheetData | undefined)[]'.
src/services/aiWorksheetService.ts(425,46): error TS18047: 'worksheet' is possibly 'null'.
src/services/aiWorksheetService.ts(425,56): error TS2339: Property 'name' does not exist on type 'SingleWorksheetData[]'.
src/services/aiWorksheetService.ts(426,45): error TS2339: Property 'description' does not exist on type '(SingleWorksheetData | undefined)[]'.
src/services/aiWorksheetService.ts(426,60): error TS18047: 'worksheet' is possibly 'null'.
src/services/aiWorksheetService.ts(426,70): error TS2339: Property 'description' does not exist on type 'SingleWorksheetData[]'.
src/services/aiWorksheetService.ts(427,58): error TS2339: Property 'activities' does not exist on type '(SingleWorksheetData | undefined)[]'.
src/services/aiWorksheetService.ts(428,35): error TS2339: Property 'activities' does not exist on type '(SingleWorksheetData | undefined)[]'.
src/services/aiWorksheetService.ts(429,13): error TS18047: 'worksheet' is possibly 'null'.
src/services/aiWorksheetService.ts(429,23): error TS2339: Property 'activities' does not exist on type 'SingleWorksheetData[]'.
src/services/assessmentService.ts(64,53): error TS2345: Argument of type 'unknown' is not assignable to parameter of type 'Record<string, unknown> | undefined'.
src/services/assessmentService.ts(94,61): error TS2345: Argument of type 'unknown' is not assignable to parameter of type 'Record<string, unknown> | undefined'.
src/services/assessmentService.ts(155,60): error TS2345: Argument of type 'unknown' is not assignable to parameter of type 'Record<string, unknown> | undefined'.
src/services/assessmentService.ts(167,93): error TS2345: Argument of type 'unknown' is not assignable to parameter of type 'Record<string, unknown> | undefined'.
src/services/assignmentService.ts(29,5): error TS2345: Argument of type '(payload: CreateAssignmentPayload, assignedBy: string) => Promise<ActivityAssignment[]>' is not assignable to parameter of type '(...args: unknown[]) => Promise<unknown>'.
  Types of parameters 'payload' and 'args' are incompatible.
    Type 'unknown' is not assignable to type 'CreateAssignmentPayload'.
src/services/assignmentService.ts(75,5): error TS2345: Argument of type '(teacherId: string) => Promise<ActivityAssignment[]>' is not assignable to parameter of type '(...args: unknown[]) => Promise<unknown>'.
  Types of parameters 'teacherId' and 'args' are incompatible.
    Type 'unknown' is not assignable to type 'string'.
src/services/assignmentService.ts(95,5): error TS2345: Argument of type '(studentId: string) => Promise<ActivityAssignment[]>' is not assignable to parameter of type '(...args: unknown[]) => Promise<unknown>'.
  Types of parameters 'studentId' and 'args' are incompatible.
    Type 'unknown' is not assignable to type 'string'.
src/services/assignmentService.ts(115,5): error TS2345: Argument of type '(assignmentId: string, payload: AssignmentUpdatePayload) => Promise<void>' is not assignable to parameter of type '(...args: unknown[]) => Promise<unknown>'.
  Types of parameters 'assignmentId' and 'args' are incompatible.
    Type 'unknown' is not assignable to type 'string'.
src/services/cacheService.ts(57,53): error TS2345: Argument of type 'unknown' is not assignable to parameter of type 'Record<string, unknown> | undefined'.
src/services/cacheService.ts(74,37): error TS2345: Argument of type 'unknown' is not assignable to parameter of type 'Record<string, unknown> | undefined'.
src/services/cacheService.ts(91,36): error TS2345: Argument of type 'unknown' is not assignable to parameter of type 'Record<string, unknown> | undefined'.
src/services/curriculumService.ts(96,26): error TS18046: 'result' is of type 'unknown'.
src/services/curriculumService.ts(113,20): error TS18046: 'result' is of type 'unknown'.
src/services/curriculumService.ts(115,19): error TS18046: 'result' is of type 'unknown'.
src/services/generators/ActivityService.ts(66,52): error TS2304: Cannot find name 'generateInfographic'.
src/services/generators/ActivityService.ts(70,38): error TS2304: Cannot find name 'generateInfographic'.
src/services/generators/ActivityService.ts(78,52): error TS2304: Cannot find name 'generateOfflineInfographic'.
src/services/generators/ActivityService.ts(83,38): error TS2304: Cannot find name 'generateOfflineInfographic'.
src/services/generators/advancedMissingParts.ts(184,28): error TS2339: Property 'content' does not exist on type '{}'.
src/services/generators/algorithm.ts(6,32): error TS2339: Property '_studentContext' does not exist on type 'GeneratorOptions'.
src/services/generators/algorithm.ts(58,5): error TS2322: Type 'unknown' is not assignable to type 'AlgorithmData[]'.
src/services/generators/assessment.ts(75,21): error TS2769: No overload matches this call.
  Overload 1 of 2, '(o: {}): string[]', gave the following error.
    Argument of type 'unknown' is not assignable to parameter of type '{}'.
  Overload 2 of 2, '(o: object): string[]', gave the following error.
    Argument of type 'unknown' is not assignable to parameter of type 'object'.
src/services/generators/assessment.ts(77,31): error TS18046: 'rawData' is of type 'unknown'.
src/services/generators/assessment.ts(87,54): error TS2345: Argument of type 'unknown' is not assignable to parameter of type 'Record<string, unknown> | undefined'.
src/services/generators/brainTeasers.ts(67,7): error TS2698: Spread types may only be created from object types.
src/services/generators/brainTeasers.ts(68,11): error TS18046: 'parsedData' is of type 'unknown'.
src/services/generators/core/BaseGenerator.ts(24,80): error TS2345: Argument of type 'GeneratorOptions' is not assignable to parameter of type 'Record<string, unknown>'.
  Index signature for type 'string' is missing in type 'GeneratorOptions'.
src/services/generators/core/BaseGenerator.ts(34,71): error TS2345: Argument of type 'unknown' is not assignable to parameter of type 'Record<string, unknown> | undefined'.
src/services/generators/core/SmartFallbackGenerator.ts(22,30): error TS2339: Property 'studentAge' does not exist on type 'GeneratorOptions'.
src/services/generators/core/SmartFallbackGenerator.ts(22,42): error TS2339: Property 'profile' does not exist on type 'GeneratorOptions'.
src/services/generators/core/SmartFallbackGenerator.ts(103,46): error TS18046: 'response' is of type 'unknown'.
src/services/generators/core/SmartFallbackGenerator.ts(105,21): error TS18046: 'response' is of type 'unknown'.
src/services/generators/core/SmartFallbackGenerator.ts(106,25): error TS18046: 'response' is of type 'unknown'.
src/services/generators/core/SmartFallbackGenerator.ts(108,7): error TS18046: 'response' is of type 'unknown'.
src/services/generators/core/SmartFallbackGenerator.ts(109,7): error TS18046: 'response' is of type 'unknown'.
src/services/generators/core/SmartFallbackGenerator.ts(112,7): error TS18046: 'response' is of type 'unknown'.
src/services/generators/core/SmartFallbackGenerator.ts(113,7): error TS18046: 'response' is of type 'unknown'.
src/services/generators/core/SmartFallbackGenerator.ts(114,7): error TS18046: 'response' is of type 'unknown'.
src/services/generators/core/WorksheetBuilder.ts(60,9): error TS2353: Object literal may only specify known properties, and 'padding' does not exist in type '{ textAlign?: string | undefined; fontWeight?: string | undefined; fontSize?: number | undefined; backgroundColor?: string | undefined; borderRadius?: number | undefined; color?: string | undefined; }'.
src/services/generators/creativeStudio.ts(34,31): error TS18046: 'result' is of type 'unknown'.
src/services/generators/creativeStudio.ts(34,70): error TS18046: 'result' is of type 'unknown'.
src/services/generators/dyscalculia.ts(60,12): error TS18046: 'result' is of type 'unknown'.
src/services/generators/dyslexiaSupport.ts(8,13): error TS2339: Property '_worksheetCount' does not exist on type 'GeneratorOptions'.
src/services/generators/esAnlamliKelimeler.ts(72,7): error TS2698: Spread types may only be created from object types.
src/services/generators/fiveWOneH.ts(10,32): error TS2339: Property 'classLevel' does not exist on type 'GeneratorOptions'.
src/services/generators/fiveWOneH.ts(39,64): error TS2304: Cannot find name 'age'.
src/services/generators/logicProblems.ts(259,5): error TS2322: Type 'unknown' is not assignable to type 'KendokuData[]'.
src/services/generators/logicProblems.ts(266,5): error TS2322: Type 'unknown' is not assignable to type 'NumberPyramidData[]'.
src/services/generators/math/queueOrdering.ts(10,58): error TS2339: Property 'customSettings' does not exist on type 'GeneratorOptions'.
src/services/generators/mathLogicGames.ts(69,5): error TS2322: Type 'unknown' is not assignable to type 'NumberLogicRiddleData[]'.
src/services/generators/mathPuzzle.ts(14,5): error TS2339: Property 'profile' does not exist on type 'GeneratorOptions'.
src/services/generators/mathPuzzle.ts(16,5): error TS2339: Property 'params' does not exist on type 'GeneratorOptions'.
src/services/generators/mathPuzzle.ts(116,12): error TS18046: 'result' is of type 'unknown'.
src/services/generators/mathPuzzle.ts(117,18): error TS18046: 'result' is of type 'unknown'.
src/services/generators/mathPuzzle.ts(118,22): error TS18046: 'result' is of type 'unknown'.
src/services/generators/mathPuzzle.ts(121,14): error TS18046: 'result' is of type 'unknown'.
src/services/generators/missingParts.ts(50,28): error TS2339: Property 'content' does not exist on type '{}'.
src/services/generators/offline/abcConnect.ts(24,25): error TS18048: 'worksheetCount' is possibly 'undefined'.
src/services/generators/offline/capsuleGame.ts(17,25): error TS18048: 'worksheetCount' is possibly 'undefined'.
src/services/generators/offline/futoshiki.ts(51,25): error TS18048: 'worksheetCount' is possibly 'undefined'.
src/services/generators/offline/magicPyramid.ts(14,25): error TS18048: 'worksheetCount' is possibly 'undefined'.
src/services/generators/offline/oddEvenSudoku.ts(51,25): error TS18048: 'worksheetCount' is possibly 'undefined'.
src/services/generators/perceptualSkills.ts(41,5): error TS2339: Property 'aestheticMode' does not exist on type 'GeneratorOptions'.
src/services/generators/perceptualSkills.ts(54,20): error TS2367: This comparison appears to be unintentional because the types '"radial" | "tree" | "horizontal" | "vertical" | undefined' and '"ultra_full"' have no overlap.
src/services/generators/perceptualSkills.ts(54,51): error TS2367: This comparison appears to be unintentional because the types '"radial" | "tree" | "horizontal" | "vertical" | undefined' and '"ultra_dense"' have no overlap.
src/services/generators/perceptualSkills.ts(148,23): error TS2339: Property '_worksheetCount' does not exist on type 'GeneratorOptions'.
src/services/generators/premiumCompositeGenerator.ts(15,20): error TS2339: Property 'studentAge' does not exist on type 'CompositeGeneratorOptions'.
src/services/generators/premiumCompositeGenerator.ts(15,44): error TS2339: Property 'profile' does not exist on type 'CompositeGeneratorOptions'.
src/services/generators/premiumCompositeGenerator.ts(101,47): error TS2339: Property 'text' does not exist on type '{}'.
src/services/generators/premiumCompositeGenerator.ts(103,47): error TS2339: Property 'text' does not exist on type '{}'.
src/services/generators/premiumCompositeGenerator.ts(106,57): error TS2345: Argument of type 'unknown' is not assignable to parameter of type 'Record<string, unknown> | undefined'.
src/services/generators/premiumCompositeGenerator.ts(113,41): error TS2339: Property 'premiumCompositeWorksheet' does not exist on type '{}'.
src/services/generators/premiumCompositeGenerator.ts(114,33): error TS2339: Property 'premiumCompositeWorksheet' does not exist on type '{}'.
src/services/generators/premiumCompositeGenerator.ts(115,41): error TS2339: Property 'worksheet' does not exist on type '{}'.
src/services/generators/premiumCompositeGenerator.ts(116,33): error TS2339: Property 'worksheet' does not exist on type '{}'.
src/services/generators/premiumCompositeGenerator.ts(117,41): error TS2339: Property 'data' does not exist on type '{}'.
src/services/generators/premiumCompositeGenerator.ts(118,33): error TS2339: Property 'data' does not exist on type '{}'.
src/services/generators/premiumCompositeGenerator.ts(122,35): error TS2339: Property 'widgets' does not exist on type '{}'.
src/services/generators/premiumCompositeGenerator.ts(123,78): error TS7053: Element implicitly has an 'any' type because expression of type 'string' can't be used to index type '{}'.
  No index signature with a parameter of type 'string' was found on type '{}'.
src/services/generators/premiumCompositeGenerator.ts(125,26): error TS2339: Property 'widgets' does not exist on type '{}'.
src/services/generators/premiumCompositeGenerator.ts(125,36): error TS7053: Element implicitly has an 'any' type because expression of type 'string' can't be used to index type '{}'.
  No index signature with a parameter of type 'string' was found on type '{}'.
src/services/generators/premiumCompositeGenerator.ts(129,36): error TS2339: Property 'widgets' does not exist on type '{}'.
src/services/generators/premiumCompositeGenerator.ts(129,71): error TS2339: Property 'widgets' does not exist on type '{}'.
src/services/generators/premiumCompositeGenerator.ts(130,48): error TS2345: Argument of type 'unknown' is not assignable to parameter of type 'Record<string, unknown> | undefined'.
src/services/generators/premiumCompositeGenerator.ts(135,18): error TS2339: Property 'widgets' does not exist on type '{}'.
src/services/generators/premiumCompositeGenerator.ts(162,59): error TS2345: Argument of type 'unknown' is not assignable to parameter of type 'Record<string, unknown> | undefined'.
src/services/generators/readingComprehension.ts(12,25): error TS2339: Property '_worksheetCount' does not exist on type 'GeneratorOptions'.
src/services/generators/readingComprehension.ts(76,25): error TS2339: Property '_worksheetCount' does not exist on type 'GeneratorOptions'.
src/services/generators/readingStudio.ts(130,5): error TS2322: Type 'unknown' is not assignable to type 'InteractiveStoryData'.
src/services/generators/sariKitap/hizliOkuma.ts(10,58): error TS2339: Property 'customSettings' does not exist on type 'GeneratorOptions'.
src/services/generators/sentenceFiveWOneH.ts(14,25): error TS2339: Property 'count' does not exist on type 'GeneratorOptions'.
src/services/generators/sentenceFiveWOneH.ts(17,5): error TS2339: Property 'complexity' does not exist on type 'GeneratorOptions'.
src/services/generators/sentenceFiveWOneH.ts(69,28): error TS2339: Property 'items' does not exist on type '{}'.
src/services/generators/sentenceFiveWOneH.ts(77,21): error TS2339: Property 'items' does not exist on type '{}'.
src/services/generators/sentenceFiveWOneH.ts(83,32): error TS2339: Property 'showPredicate' does not exist on type 'GeneratorOptions'.
src/services/generators/sentenceFiveWOneH.ts(90,32): error TS2339: Property 'showPredicate' does not exist on type 'GeneratorOptions'.
src/services/generators/storyAnalysis.ts(177,28): error TS2339: Property 'content' does not exist on type '{}'.
src/services/generators/storyAnalysis.ts(177,47): error TS2339: Property 'content' does not exist on type '{}'.
src/services/generators/storySequencing.ts(40,28): error TS2339: Property 'items' does not exist on type '{}'.
src/services/generators/superStudioGenerator.ts(328,32): error TS2339: Property 'title' does not exist on type '{}'.
src/services/generators/visualInterpretation.ts(112,41): error TS2339: Property 'id' does not exist on type '{}'.
src/services/generators/visualInterpretation.ts(113,21): error TS2339: Property 'id' does not exist on type '{}'.
src/services/generators/wordGames.ts(68,12): error TS18046: 'result' is of type 'unknown'.
src/services/generators/wordSentenceStudio.ts(4,3): error TS2305: Module '"../../types/verbal.js"' has no exported member 'FillBlanksData'.
src/services/generators/wordSentenceStudio.ts(5,3): error TS2305: Module '"../../types/verbal.js"' has no exported member 'MultipleChoiceVerbalData'.
src/services/generators/wordSentenceStudio.ts(6,3): error TS2305: Module '"../../types/verbal.js"' has no exported member 'WordCompletionData'.
src/services/generators/wordSentenceStudio.ts(7,3): error TS2305: Module '"../../types/verbal.js"' has no exported member 'MixedSentenceData'.
src/services/generators/wordSentenceStudio.ts(8,3): error TS2305: Module '"../../types/verbal.js"' has no exported member 'AntonymData'.
src/services/generators/wordSentenceStudio.ts(9,3): error TS2305: Module '"../../types/verbal.js"' has no exported member 'KelimeCumleBaseData'.
src/services/generators/wordSentenceStudio.ts(68,5): error TS2698: Spread types may only be created from object types.
src/services/generators/wordSentenceStudio.ts(121,5): error TS2698: Spread types may only be created from object types.
src/services/generators/wordSentenceStudio.ts(162,5): error TS2698: Spread types may only be created from object types.
src/services/generators/wordSentenceStudio.ts(202,5): error TS2698: Spread types may only be created from object types.
src/services/generators/wordSentenceStudio.ts(243,5): error TS2698: Spread types may only be created from object types.
src/services/imageService.ts(43,45): error TS2345: Argument of type 'unknown' is not assignable to parameter of type 'Record<string, unknown> | undefined'.
src/services/messaging/fileSharingService.ts(84,79): error TS2554: Expected 0-1 arguments, but got 2.
src/services/messaging/messageService.ts(277,21): error TS2304: Cannot find name 'writeBatch'.
src/services/offlineGenerators/algorithm.ts(13,25): error TS2769: No overload matches this call.
  Overload 1 of 4, '(iterable: Iterable<unknown> | ArrayLike<unknown>, mapfn: (v: unknown, k: number) => AlgorithmData, thisArg?: any): AlgorithmData[]', gave the following error.
    Type 'number | undefined' is not assignable to type 'number'.
      Type 'undefined' is not assignable to type 'number'.
  Overload 2 of 4, '(arrayLike: ArrayLike<unknown>, mapfn: (v: unknown, k: number) => AlgorithmData, thisArg?: any): AlgorithmData[]', gave the following error.
    Type 'number | undefined' is not assignable to type 'number'.
      Type 'undefined' is not assignable to type 'number'.
src/services/offlineGenerators/apartmentLogic.ts(8,25): error TS2769: No overload matches this call.
  Overload 1 of 4, '(iterable: Iterable<unknown> | ArrayLike<unknown>, mapfn: (v: unknown, k: number) => any, thisArg?: any): any[]', gave the following error.
    Type 'number | undefined' is not assignable to type 'number'.
      Type 'undefined' is not assignable to type 'number'.
  Overload 2 of 4, '(arrayLike: ArrayLike<unknown>, mapfn: (v: unknown, k: number) => any, thisArg?: any): any[]', gave the following error.
    Type 'number | undefined' is not assignable to type 'number'.
      Type 'undefined' is not assignable to type 'number'.
src/services/offlineGenerators/clockReading.ts(44,25): error TS18048: 'worksheetCount' is possibly 'undefined'.
src/services/offlineGenerators/colorfulSyllable.ts(7,25): error TS2769: No overload matches this call.
  Overload 1 of 4, '(iterable: Iterable<unknown> | ArrayLike<unknown>, mapfn: (v: unknown, k: number) => any, thisArg?: any): any[]', gave the following error.
    Type 'number | undefined' is not assignable to type 'number'.
      Type 'undefined' is not assignable to type 'number'.
  Overload 2 of 4, '(arrayLike: ArrayLike<unknown>, mapfn: (v: unknown, k: number) => any, thisArg?: any): any[]', gave the following error.
    Type 'number | undefined' is not assignable to type 'number'.
      Type 'undefined' is not assignable to type 'number'.
src/services/offlineGenerators/dyscalculia.ts(16,25): error TS2769: No overload matches this call.
  Overload 1 of 4, '(iterable: Iterable<unknown> | ArrayLike<unknown>, mapfn: (v: unknown, k: number) => { title: string; instruction: string; exercises: any[]; }, thisArg?: any): { title: string; instruction: string; exercises: any[]; }[]', gave the following error.
    Type 'number | undefined' is not assignable to type 'number'.
      Type 'undefined' is not assignable to type 'number'.
  Overload 2 of 4, '(arrayLike: ArrayLike<unknown>, mapfn: (v: unknown, k: number) => { title: string; instruction: string; exercises: any[]; }, thisArg?: any): { title: string; instruction: string; exercises: any[]; }[]', gave the following error.
    Type 'number | undefined' is not assignable to type 'number'.
      Type 'undefined' is not assignable to type 'number'.
src/services/offlineGenerators/dyscalculia.ts(32,25): error TS2769: No overload matches this call.
  Overload 1 of 4, '(iterable: Iterable<unknown> | ArrayLike<unknown>, mapfn: (v: unknown, k: number) => { title: string; instruction: string; problems: { num1: number; num2: number; operator: string; answer: number; visualType: "ten-frame"; }[]; }, thisArg?: any): { ...; }[]', gave the following error.
    Type 'number | undefined' is not assignable to type 'number'.
      Type 'undefined' is not assignable to type 'number'.
  Overload 2 of 4, '(arrayLike: ArrayLike<unknown>, mapfn: (v: unknown, k: number) => { title: string; instruction: string; problems: { num1: number; num2: number; operator: string; answer: number; visualType: "ten-frame"; }[]; }, thisArg?: any): { ...; }[]', gave the following error.
    Type 'number | undefined' is not assignable to type 'number'.
      Type 'undefined' is not assignable to type 'number'.
src/services/offlineGenerators/dyscalculia.ts(43,25): error TS18048: 'worksheetCount' is possibly 'undefined'.
src/services/offlineGenerators/dyscalculia.ts(80,44): error TS2322: Type 'string | undefined' is not assignable to type 'string'.
  Type 'undefined' is not assignable to type 'string'.
src/services/offlineGenerators/familyTreeMatrix.ts(7,25): error TS2769: No overload matches this call.
  Overload 1 of 4, '(iterable: Iterable<unknown> | ArrayLike<unknown>, mapfn: (v: unknown, k: number) => any, thisArg?: any): any[]', gave the following error.
    Type 'number | undefined' is not assignable to type 'number'.
      Type 'undefined' is not assignable to type 'number'.
  Overload 2 of 4, '(arrayLike: ArrayLike<unknown>, mapfn: (v: unknown, k: number) => any, thisArg?: any): any[]', gave the following error.
    Type 'number | undefined' is not assignable to type 'number'.
      Type 'undefined' is not assignable to type 'number'.
src/services/offlineGenerators/financialMarket.ts(7,25): error TS2769: No overload matches this call.
  Overload 1 of 4, '(iterable: Iterable<unknown> | ArrayLike<unknown>, mapfn: (v: unknown, k: number) => any, thisArg?: any): any[]', gave the following error.
    Type 'number | undefined' is not assignable to type 'number'.
      Type 'undefined' is not assignable to type 'number'.
  Overload 2 of 4, '(arrayLike: ArrayLike<unknown>, mapfn: (v: unknown, k: number) => any, thisArg?: any): any[]', gave the following error.
    Type 'number | undefined' is not assignable to type 'number'.
      Type 'undefined' is not assignable to type 'number'.
src/services/offlineGenerators/financialMath.ts(17,25): error TS18048: 'worksheetCount' is possibly 'undefined'.
src/services/offlineGenerators/gizemliSayilar.ts(143,5): error TS2339: Property 'itemsPerPage' does not exist on type 'GeneratorOptions'.
src/services/offlineGenerators/logicErrorHunter.ts(28,25): error TS2769: No overload matches this call.
  Overload 1 of 4, '(iterable: Iterable<unknown> | ArrayLike<unknown>, mapfn: (v: unknown, k: number) => any, thisArg?: any): any[]', gave the following error.
    Type 'number | undefined' is not assignable to type 'number'.
      Type 'undefined' is not assignable to type 'number'.
  Overload 2 of 4, '(arrayLike: ArrayLike<unknown>, mapfn: (v: unknown, k: number) => any, thisArg?: any): any[]', gave the following error.
    Type 'number | undefined' is not assignable to type 'number'.
      Type 'undefined' is not assignable to type 'number'.
src/services/offlineGenerators/mapDetective.ts(123,25): error TS18048: 'worksheetCount' is possibly 'undefined'.
src/services/offlineGenerators/math/queueOrdering.ts(10,58): error TS2339: Property 'customSettings' does not exist on type 'GeneratorOptions'.
src/services/offlineGenerators/mathLogic.ts(9,29): error TS2339: Property '_difficulty' does not exist on type 'GeneratorOptions'.
src/services/offlineGenerators/mathLogic.ts(18,25): error TS18048: 'worksheetCount' is possibly 'undefined'.
src/services/offlineGenerators/mathLogic.ts(74,80): error TS2339: Property '_difficulty' does not exist on type 'GeneratorOptions'.
src/services/offlineGenerators/mathLogic.ts(77,34): error TS2339: Property 'split' does not exist on type 'string | [number, number]'.
  Property 'split' does not exist on type '[number, number]'.
src/services/offlineGenerators/mathLogic.ts(80,25): error TS18048: 'worksheetCount' is possibly 'undefined'.
src/services/offlineGenerators/mathLogic.ts(137,29): error TS2339: Property '_difficulty' does not exist on type 'GeneratorOptions'.
src/services/offlineGenerators/mathLogic.ts(141,25): error TS18048: 'worksheetCount' is possibly 'undefined'.
src/services/offlineGenerators/matSinav.ts(95,5): error TS2339: Property 'profile' does not exist on type 'GeneratorOptions'.
src/services/offlineGenerators/memoryAttention.ts(6,59): error TS2339: Property '_memorizeRatio' does not exist on type 'GeneratorOptions'.
src/services/offlineGenerators/memoryAttention.ts(8,25): error TS18048: 'worksheetCount' is possibly 'undefined'.
src/services/offlineGenerators/memoryAttention.ts(13,42): error TS2345: Argument of type 'string | undefined' is not assignable to parameter of type 'string'.
  Type 'undefined' is not assignable to type 'string'.
src/services/offlineGenerators/memoryAttention.ts(14,80): error TS2345: Argument of type 'string | undefined' is not assignable to parameter of type 'string'.
  Type 'undefined' is not assignable to type 'string'.
src/services/offlineGenerators/memoryAttention.ts(41,40): error TS2339: Property '_memorizeRatio' does not exist on type 'GeneratorOptions'.
src/services/offlineGenerators/memoryAttention.ts(46,25): error TS18048: 'worksheetCount' is possibly 'undefined'.
src/services/offlineGenerators/memoryAttention.ts(83,25): error TS18048: 'worksheetCount' is possibly 'undefined'.
src/services/offlineGenerators/memoryAttention.ts(111,25): error TS18048: 'worksheetCount' is possibly 'undefined'.
src/services/offlineGenerators/memoryAttention.ts(144,23): error TS2339: Property '_difficulty' does not exist on type 'GeneratorOptions'.
src/services/offlineGenerators/memoryAttention.ts(147,25): error TS18048: 'worksheetCount' is possibly 'undefined'.
src/services/offlineGenerators/memoryAttention.ts(192,23): error TS2339: Property '_difficulty' does not exist on type 'GeneratorOptions'.
src/services/offlineGenerators/memoryAttention.ts(192,80): error TS2339: Property '_itemCount' does not exist on type 'GeneratorOptions'.
src/services/offlineGenerators/memoryAttention.ts(194,25): error TS18048: 'worksheetCount' is possibly 'undefined'.
src/services/offlineGenerators/memoryAttention.ts(216,25): error TS18048: 'worksheetCount' is possibly 'undefined'.
src/services/offlineGenerators/memoryAttention.ts(250,25): error TS18048: 'worksheetCount' is possibly 'undefined'.
src/services/offlineGenerators/memoryAttention.ts(268,40): error TS2339: Property '_memorizeRatio' does not exist on type 'GeneratorOptions'.
src/services/offlineGenerators/memoryAttention.ts(273,25): error TS18048: 'worksheetCount' is possibly 'undefined'.
src/services/offlineGenerators/memoryAttention.ts(325,25): error TS18048: 'worksheetCount' is possibly 'undefined'.
src/services/offlineGenerators/memoryAttention.ts(350,25): error TS18048: 'worksheetCount' is possibly 'undefined'.
src/services/offlineGenerators/meyveliToplama.ts(43,5): error TS2339: Property 'itemsPerPage' does not exist on type 'GeneratorOptions'.
src/services/offlineGenerators/newActivities.ts(146,33): error TS2339: Property '_difficulty' does not exist on type 'GeneratorOptions'.
src/services/offlineGenerators/newActivities.ts(146,46): error TS2339: Property '_itemCount' does not exist on type 'GeneratorOptions'.
src/services/offlineGenerators/sariKitap/heceMotoru.ts(111,69): error TS18046: 's' is of type 'unknown'.
src/services/offlineGenerators/sariKitap/heceMotoru.ts(112,69): error TS18046: 's' is of type 'unknown'.
src/services/offlineGenerators/sayiDedektifi.ts(108,20): error TS2552: Cannot find name 'SayiDedektifRiddle'. Did you mean 'SayiDedektifiRiddle'?
src/services/offlineGenerators/sentenceFiveWOneH.ts(50,30): error TS2339: Property 'showPredicate' does not exist on type 'GeneratorOptions'.
src/services/offlineGenerators/sinav.ts(84,5): error TS2339: Property 'profile' does not exist on type 'GeneratorOptions'.
src/services/sinavService.ts(58,9): error TS2345: Argument of type 'TypeError' is not assignable to parameter of type 'Record<string, unknown>'.
  Index signature for type 'string' is missing in type 'TypeError'.
src/services/statsService.ts(31,46): error TS2345: Argument of type 'unknown' is not assignable to parameter of type 'Record<string, unknown> | undefined'.
src/services/statsService.ts(59,49): error TS2345: Argument of type 'unknown' is not assignable to parameter of type 'Record<string, unknown> | undefined'.
src/services/templateEngine.ts(20,5): error TS2459: Module '"../types/ocr-activity"' declares 'Difficulty' locally, but it is not exported.
src/services/templateEngine.ts(59,9): error TS2322: Type '"architecture_clone"' is not assignable to type '"prompt_generation"'.
src/services/templateEngine.ts(130,17): error TS2353: Object literal may only specify known properties, and 'pedagogicalNote' does not exist in type 'ActivityMetadata'.
src/services/templateEngine.ts(210,22): error TS2339: Property 'pedagogicalNote' does not exist on type 'ActivityMetadata'.
src/services/templateEngine.ts(221,62): error TS2339: Property 'pedagogicalNote' does not exist on type 'ActivityMetadata'.
src/services/templateEngine.ts(243,32): error TS2339: Property 'pedagogicalNote' does not exist on type 'ActivityMetadata'.
src/services/templateEngine.ts(243,69): error TS2339: Property 'pedagogicalNote' does not exist on type 'ActivityMetadata'.
src/services/templateEngine.ts(295,75): error TS18046: 's' is of type 'unknown'.
src/services/templateLibrary.ts(13,5): error TS2459: Module '"../types/ocr-activity"' declares 'Difficulty' locally, but it is not exported.
src/services/themeContrastService.ts(1,15): error TS2459: Module '"@/types/activityStudio"' declares 'Difficulty' locally, but it is not exported.
src/services/workbook/workbookExport.ts(21,10): error TS2300: Duplicate identifier 'logError'.
src/services/workbook/workbookExport.ts(25,19): error TS2300: Duplicate identifier 'logError'.
src/services/workbookAIAssistant/validators/contentValidator.ts(319,9): error TS2345: Argument of type 'string[]' is not assignable to parameter of type 'Record<string, unknown>'.
  Index signature for type 'string' is missing in type 'string[]'.
src/services/workbookAIAssistant/validators/contentValidator.ts(325,54): error TS2345: Argument of type 'string[]' is not assignable to parameter of type 'Record<string, unknown>'.
  Index signature for type 'string' is missing in type 'string[]'.
src/services/workbookAIAssistant/validators/contentValidator.ts(330,64): error TS2345: Argument of type 'unknown' is not assignable to parameter of type 'Record<string, unknown> | undefined'.
src/shared/store/useGlobalStore.ts(38,18): error TS7006: Parameter 'theme' implicitly has an 'any' type.
src/shared/store/useGlobalStore.ts(39,32): error TS7006: Parameter 'settings' implicitly has an 'any' type.
src/shared/store/useGlobalStore.ts(40,14): error TS7006: Parameter 'state' implicitly has an 'any' type.
src/store/useA4EditorStore.ts(19,58): error TS7006: Parameter 'set' implicitly has an 'any' type.
src/store/useA4EditorStore.ts(19,63): error TS7006: Parameter 'get' implicitly has an 'any' type.
src/store/useA4EditorStore.ts(33,10): error TS7006: Parameter 'state' implicitly has an 'any' type.
src/store/useAppStore.ts(27,48): error TS7006: Parameter 'set' implicitly has an 'any' type.
src/store/useAppStore.ts(27,53): error TS7006: Parameter 'get' implicitly has an 'any' type.
src/store/useAssignmentStore.ts(38,62): error TS7006: Parameter 'set' implicitly has an 'any' type.
src/store/useCreativeStore.ts(39,58): error TS7006: Parameter 'set' implicitly has an 'any' type.
src/store/useCreativeStore.ts(39,63): error TS7006: Parameter 'get' implicitly has an 'any' type.
src/store/useMatSinavStore.ts(72,61): error TS7006: Parameter 'set' implicitly has an 'any' type.
src/store/useMatSinavStore.ts(72,66): error TS7006: Parameter 'get' implicitly has an 'any' type.
src/store/useMatSinavStore.ts(78,18): error TS7006: Parameter 'partial' implicitly has an 'any' type.
src/store/useMatSinavStore.ts(79,14): error TS7006: Parameter 's' implicitly has an 'any' type.
src/store/useMatSinavStore.ts(81,16): error TS7006: Parameter 'sinif' implicitly has an 'any' type.
src/store/useMatSinavStore.ts(82,14): error TS7006: Parameter 's' implicitly has an 'any' type.
src/store/useMatSinavStore.ts(91,26): error TS7006: Parameter 'uniteler' implicitly has an 'any' type.
src/store/useMatSinavStore.ts(92,14): error TS7006: Parameter 's' implicitly has an 'any' type.
src/store/useMatSinavStore.ts(94,28): error TS7006: Parameter 'kazanimlar' implicitly has an 'any' type.
src/store/useMatSinavStore.ts(95,14): error TS7006: Parameter 's' implicitly has an 'any' type.
src/store/useMatSinavStore.ts(97,23): error TS7006: Parameter 'tip' implicitly has an 'any' type.
src/store/useMatSinavStore.ts(97,28): error TS7006: Parameter 'sayi' implicitly has an 'any' type.
src/store/useMatSinavStore.ts(98,14): error TS7006: Parameter 's' implicitly has an 'any' type.
src/store/useMatSinavStore.ts(105,21): error TS7006: Parameter 'sinav' implicitly has an 'any' type.
src/store/useMatSinavStore.ts(106,23): error TS7006: Parameter 'v' implicitly has an 'any' type.
src/store/useMatSinavStore.ts(108,23): error TS7006: Parameter 'sinav' implicitly has an 'any' type.
src/store/useMatSinavStore.ts(114,26): error TS7006: Parameter 'id' implicitly has an 'any' type.
src/store/useMatSinavStore.ts(115,66): error TS18046: 's' is of type 'unknown'.
src/store/useMessageStore.ts(53,33): error TS7006: Parameter 'id' implicitly has an 'any' type.
src/store/useMessageStore.ts(61,27): error TS7006: Parameter 'id' implicitly has an 'any' type.
src/store/useMessageStore.ts(62,27): error TS7006: Parameter 'msg' implicitly has an 'any' type.
src/store/useMessageStore.ts(66,27): error TS7006: Parameter 'msg' implicitly has an 'any' type.
src/store/useMessageStore.ts(70,29): error TS7006: Parameter 'count' implicitly has an 'any' type.
src/store/useMessageStore.ts(71,31): error TS7006: Parameter 'id' implicitly has an 'any' type.
src/store/useMessageStore.ts(80,16): error TS18046: 'state' is of type 'unknown'.
src/store/useMessageStore.ts(85,25): error TS18046: 'state' is of type 'unknown'.
src/store/useMessageStore.ts(88,16): error TS18046: 'state' is of type 'unknown'.
src/store/useMessageStore.ts(96,25): error TS18046: 'state' is of type 'unknown'.
src/store/useMessageStore.ts(99,16): error TS18046: 'state' is of type 'unknown'.
src/store/useMessageStore.ts(111,31): error TS18046: 'state' is of type 'unknown'.
src/store/usePaperSizeStore.ts(12,60): error TS7006: Parameter 'set' implicitly has an 'any' type.
src/store/usePaperSizeStore.ts(12,65): error TS7006: Parameter 'get' implicitly has an 'any' type.
src/store/useProgressStore.ts(16,56): error TS7006: Parameter 'set' implicitly has an 'any' type.
src/store/useReadingStore.ts(43,56): error TS7006: Parameter 'set' implicitly has an 'any' type.
src/store/useReadingStore.ts(43,61): error TS7006: Parameter 'get' implicitly has an 'any' type.
src/store/useReadingStore.ts(90,15): error TS7006: Parameter 'config' implicitly has an 'any' type.
src/store/useReadingStore.ts(91,18): error TS7006: Parameter 'storyData' implicitly has an 'any' type.
src/store/useReadingStore.ts(92,15): error TS7006: Parameter 'layoutUpdate' implicitly has an 'any' type.
src/store/useReadingStore.ts(96,19): error TS7006: Parameter 'selectedId' implicitly has an 'any' type.
src/store/useReadingStore.ts(97,19): error TS7006: Parameter 'designMode' implicitly has an 'any' type.
src/store/useReadingStore.ts(98,22): error TS7006: Parameter 'activeStudent' implicitly has an 'any' type.
src/store/useReadingStore.ts(99,18): error TS7006: Parameter 'isLoading' implicitly has an 'any' type.
src/store/useReadingStore.ts(102,21): error TS7006: Parameter 'instanceId' implicitly has an 'any' type.
src/store/useReadingStore.ts(102,33): error TS7006: Parameter 'updates' implicitly has an 'any' type.
src/store/useReadingStore.ts(115,22): error TS7006: Parameter 'instanceId' implicitly has an 'any' type.
src/store/useReadingStore.ts(117,30): error TS7006: Parameter 'i' implicitly has an 'any' type.
src/store/useSariKitapStore.ts(132,58): error TS7006: Parameter 'set' implicitly has an 'any' type.
src/store/useSinavStore.ts(60,55): error TS7006: Parameter 'set' implicitly has an 'any' type.
src/store/useSinavStore.ts(66,16): error TS7006: Parameter 'partial' implicitly has an 'any' type.
src/store/useSinavStore.ts(67,10): error TS7006: Parameter 'state' implicitly has an 'any' type.
src/store/useSinavStore.ts(71,14): error TS7006: Parameter 'sinif' implicitly has an 'any' type.
src/store/useSinavStore.ts(72,10): error TS7006: Parameter 'state' implicitly has an 'any' type.
src/store/useSinavStore.ts(81,24): error TS7006: Parameter 'uniteler' implicitly has an 'any' type.
src/store/useSinavStore.ts(82,10): error TS7006: Parameter 'state' implicitly has an 'any' type.
src/store/useSinavStore.ts(86,26): error TS7006: Parameter 'kazanimlar' implicitly has an 'any' type.
src/store/useSinavStore.ts(87,10): error TS7006: Parameter 'state' implicitly has an 'any' type.
src/store/useSinavStore.ts(91,21): error TS7006: Parameter 'tip' implicitly has an 'any' type.
src/store/useSinavStore.ts(91,26): error TS7006: Parameter 'sayi' implicitly has an 'any' type.
src/store/useSinavStore.ts(92,10): error TS7006: Parameter 'state' implicitly has an 'any' type.
src/store/useSinavStore.ts(102,19): error TS7006: Parameter 'sinav' implicitly has an 'any' type.
src/store/useSinavStore.ts(104,21): error TS7006: Parameter 'isGenerating' implicitly has an 'any' type.
src/store/useSinavStore.ts(106,25): error TS7006: Parameter 'sinav' implicitly has an 'any' type.
src/store/useSinavStore.ts(107,10): error TS7006: Parameter 'state' implicitly has an 'any' type.
src/store/useSuperStudioStore.ts(55,64): error TS7006: Parameter 'set' implicitly has an 'any' type.
src/store/useSuperStudioStore.ts(55,69): error TS7006: Parameter 'get' implicitly has an 'any' type.
src/store/useToastStore.ts(33,52): error TS7006: Parameter 'set' implicitly has an 'any' type.
src/store/useToastStore.ts(41,10): error TS7006: Parameter 'state' implicitly has an 'any' type.
src/store/useToastStore.ts(45,14): error TS7006: Parameter 'state' implicitly has an 'any' type.
src/store/useToastStore.ts(45,56): error TS7006: Parameter 't' implicitly has an 'any' type.
src/store/useToastStore.ts(64,10): error TS7006: Parameter 'state' implicitly has an 'any' type.
src/store/useToastStore.ts(64,52): error TS7006: Parameter 't' implicitly has an 'any' type.
src/store/useWorksheetStore.ts(28,65): error TS7006: Parameter 'set' implicitly has an 'any' type.
src/store/useWorksheetStore.ts(28,70): error TS7006: Parameter 'get' implicitly has an 'any' type.
src/utils/inputSanitizer.ts(207,5): error TS2322: Type '{ sanitized: string; threats: DetectedThreat[]; isSafe: boolean; }' is not assignable to type 'string'.
src/utils/print/CaptureEngine.ts(43,57): error TS2345: Argument of type 'unknown' is not assignable to parameter of type 'Record<string, unknown> | undefined'.
src/utils/print/CaptureEngine.ts(101,49): error TS2345: Argument of type 'unknown' is not assignable to parameter of type 'Record<string, unknown> | undefined'.
src/utils/print/index.ts(74,41): error TS2345: Argument of type 'unknown' is not assignable to parameter of type 'Record<string, unknown> | undefined'.
src/utils/print/OverlayPrinter.ts(120,42): error TS2345: Argument of type 'string' is not assignable to parameter of type 'Record<string, unknown>'.
src/utils/print/PDFGenerator.ts(78,31): error TS2339: Property 'jsPDF' does not exist on type '{ default: typeof jsPDF; prototype: jsPDF; }'.
src/utils/print/PDFGenerator.ts(78,83): error TS2339: Property 'jsPDF' does not exist on type 'typeof jsPDF'.
src/utils/snapshotService.ts(118,44): error TS2345: Argument of type 'unknown' is not assignable to parameter of type 'Record<string, unknown> | undefined'.
src/utils/snapshotService.ts(147,35): error TS2345: Argument of type 'unknown' is not assignable to parameter of type 'Record<string, unknown> | undefined'.
src/utils/themeUtils.ts(1,30): error TS2307: Cannot find module '../components/InfographicStudio/hooks/useInfographicStudio' or its corresponding type declarations.
src/utils/validator.ts(59,89): error TS2345: Argument of type '{} | null' is not assignable to parameter of type 'Record<string, unknown> | undefined'.
  Type 'null' is not assignable to type 'Record<string, unknown> | undefined'.
src/utils/validator.ts(84,47): error TS2345: Argument of type 'unknown' is not assignable to parameter of type 'Record<string, unknown> | undefined'.
tests/ActivityApprovalService.test.ts(36,13): error TS2353: Object literal may only specify known properties, and 'pedagogicalNote' does not exist in type 'ActivityMetadata'.
tests/activityStudio/approvalFilter.test.ts(9,3): error TS2322: Type '"ocr_variation"' is not assignable to type '"prompt_generation"'.
tests/activityStudio/approvalFilter.test.ts(21,31): error TS2322: Type '"ocr_variation"' is not assignable to type '"prompt_generation"'.
tests/activityStudio/approvalFilter.test.ts(30,28): error TS2322: Type '"ocr_variation"' is not assignable to type '"prompt_generation"'.
tests/activityStudio/clinicalValidator.test.ts(6,20): error TS2554: Expected 2 arguments, but got 1.
tests/activityStudio/clinicalValidator.test.ts(12,20): error TS2554: Expected 2 arguments, but got 1.
tests/activityStudio/compactA4Panel.test.tsx(9,3): error TS2305: Module '"@/services/compactA4LayoutService"' has no exported member 'buildCompactA4LayoutWithMinimums'.
tests/activityStudio/compactA4Panel.test.tsx(49,30): error TS7006: Parameter 'section' implicitly has an 'any' type.
tests/activityStudio/contentService.test.ts(19,5): error TS2353: Object literal may only specify known properties, and 'pedagogicalNote' does not exist in type 'AgentOutput'.
tests/activityStudio/contentService.test.ts(27,50): error TS2353: Object literal may only specify known properties, and 'pedagogicalNote' does not exist in type 'AgentOutput'.
tests/activityStudio/contentService.test.ts(29,46): error TS2353: Object literal may only specify known properties, and 'pedagogicalNote' does not exist in type 'AgentOutput'.
tests/activityStudio/contentService.test.ts(30,42): error TS2353: Object literal may only specify known properties, and 'pedagogicalNote' does not exist in type 'AgentOutput'.
tests/activityStudio/contentService.test.ts(31,54): error TS2353: Object literal may only specify known properties, and 'pedagogicalNote' does not exist in type 'AgentOutput'.
tests/activityStudio/contentService.test.ts(32,56): error TS2353: Object literal may only specify known properties, and 'pedagogicalNote' does not exist in type 'AgentOutput'.
tests/activityStudio/contentService.test.ts(128,16): error TS18048: 'b.pedagogicalNote' is possibly 'undefined'.
tests/activityStudio/contentService.test.ts(162,9): error TS2353: Object literal may only specify known properties, and 'pedagogicalNote' does not exist in type 'AgentOutput'.
tests/activityStudio/wizardState.test.ts(15,58): error TS7006: Parameter 'step' implicitly has an 'any' type.
tests/agentService.test.ts(7,57): error TS2307: Cannot find module '@/services/agentService' or its corresponding type declarations.
tests/agentService.test.ts(21,16): error TS18046: 'profile' is of type 'unknown'.
tests/agentService.test.ts(22,16): error TS18046: 'profile' is of type 'unknown'.
tests/agentService.test.ts(23,16): error TS18046: 'profile' is of type 'unknown'.
tests/agentService.test.ts(24,16): error TS18046: 'profile' is of type 'unknown'.
tests/agentService.test.ts(25,16): error TS18046: 'profile' is of type 'unknown'.
tests/agentService.test.ts(26,16): error TS18046: 'profile' is of type 'unknown'.
tests/agentService.test.ts(27,16): error TS18046: 'profile' is of type 'unknown'.
tests/agentService.test.ts(42,42): error TS7006: Parameter 'r' implicitly has an 'any' type.
tests/agentService.test.ts(49,41): error TS7006: Parameter 'r' implicitly has an 'any' type.
tests/agentService.test.ts(56,42): error TS7006: Parameter 'r' implicitly has an 'any' type.
tests/agentService.test.ts(219,51): error TS18046: 'task' is of type 'unknown'.
tests/agentService.test.ts(311,29): error TS7006: Parameter 'conv' implicitly has an 'any' type.
tests/aiStudentService.test.ts(114,47): error TS2339: Property 'analyzeStudent' does not exist on type '{ generateIEPGoals: (student: AdvancedStudent) => Promise<any>; generateNeuroInsights: (student: AdvancedStudent) => Promise<any>; }'.
tests/aiStudentService.test.ts(128,47): error TS2339: Property 'analyzeStudent' does not exist on type '{ generateIEPGoals: (student: AdvancedStudent) => Promise<any>; generateNeuroInsights: (student: AdvancedStudent) => Promise<any>; }'.
tests/aiStudentService.test.ts(137,47): error TS2339: Property 'analyzeStudent' does not exist on type '{ generateIEPGoals: (student: AdvancedStudent) => Promise<any>; generateNeuroInsights: (student: AdvancedStudent) => Promise<any>; }'.
tests/aiStudentService.test.ts(144,47): error TS2339: Property 'analyzeStudent' does not exist on type '{ generateIEPGoals: (student: AdvancedStudent) => Promise<any>; generateNeuroInsights: (student: AdvancedStudent) => Promise<any>; }'.
tests/aiStudentService.test.ts(152,47): error TS2339: Property 'analyzeStudent' does not exist on type '{ generateIEPGoals: (student: AdvancedStudent) => Promise<any>; generateNeuroInsights: (student: AdvancedStudent) => Promise<any>; }'.
tests/aiStudentService.test.ts(158,47): error TS2339: Property 'analyzeStudent' does not exist on type '{ generateIEPGoals: (student: AdvancedStudent) => Promise<any>; generateNeuroInsights: (student: AdvancedStudent) => Promise<any>; }'.
tests/aiStudentService.test.ts(166,46): error TS2339: Property 'generatePersonalizedContent' does not exist on type '{ generateIEPGoals: (student: AdvancedStudent) => Promise<any>; generateNeuroInsights: (student: AdvancedStudent) => Promise<any>; }'.
tests/aiStudentService.test.ts(182,46): error TS2339: Property 'generatePersonalizedContent' does not exist on type '{ generateIEPGoals: (student: AdvancedStudent) => Promise<any>; generateNeuroInsights: (student: AdvancedStudent) => Promise<any>; }'.
tests/aiStudentService.test.ts(193,46): error TS2339: Property 'generatePersonalizedContent' does not exist on type '{ generateIEPGoals: (student: AdvancedStudent) => Promise<any>; generateNeuroInsights: (student: AdvancedStudent) => Promise<any>; }'.
tests/aiStudentService.test.ts(205,42): error TS2339: Property 'generateBEPSuggestions' does not exist on type '{ generateIEPGoals: (student: AdvancedStudent) => Promise<any>; generateNeuroInsights: (student: AdvancedStudent) => Promise<any>; }'.
tests/aiStudentService.test.ts(215,42): error TS2339: Property 'generateBEPSuggestions' does not exist on type '{ generateIEPGoals: (student: AdvancedStudent) => Promise<any>; generateNeuroInsights: (student: AdvancedStudent) => Promise<any>; }'.
tests/aiStudentService.test.ts(220,25): error TS7006: Parameter 'goal' implicitly has an 'any' type.
tests/aiStudentService.test.ts(230,42): error TS2339: Property 'generateBEPSuggestions' does not exist on type '{ generateIEPGoals: (student: AdvancedStudent) => Promise<any>; generateNeuroInsights: (student: AdvancedStudent) => Promise<any>; }'.
tests/aiStudentService.test.ts(245,49): error TS2339: Property 'validateProgress' does not exist on type '{ generateIEPGoals: (student: AdvancedStudent) => Promise<any>; generateNeuroInsights: (student: AdvancedStudent) => Promise<any>; }'.
tests/aiStudentService.test.ts(264,49): error TS2339: Property 'validateProgress' does not exist on type '{ generateIEPGoals: (student: AdvancedStudent) => Promise<any>; generateNeuroInsights: (student: AdvancedStudent) => Promise<any>; }'.
tests/aiStudentService.test.ts(280,49): error TS2339: Property 'validateProgress' does not exist on type '{ generateIEPGoals: (student: AdvancedStudent) => Promise<any>; generateNeuroInsights: (student: AdvancedStudent) => Promise<any>; }'.
tests/aiStudentService.test.ts(293,45): error TS2339: Property 'generateParentReport' does not exist on type '{ generateIEPGoals: (student: AdvancedStudent) => Promise<any>; generateNeuroInsights: (student: AdvancedStudent) => Promise<any>; }'.
tests/aiStudentService.test.ts(306,45): error TS2339: Property 'generateParentReport' does not exist on type '{ generateIEPGoals: (student: AdvancedStudent) => Promise<any>; generateNeuroInsights: (student: AdvancedStudent) => Promise<any>; }'.
tests/aiStudentService.test.ts(317,45): error TS2339: Property 'generateParentReport' does not exist on type '{ generateIEPGoals: (student: AdvancedStudent) => Promise<any>; generateNeuroInsights: (student: AdvancedStudent) => Promise<any>; }'.
tests/aiStudentService.test.ts(327,45): error TS2339: Property 'generateParentReport' does not exist on type '{ generateIEPGoals: (student: AdvancedStudent) => Promise<any>; generateNeuroInsights: (student: AdvancedStudent) => Promise<any>; }'.
tests/aiStudentService.test.ts(371,46): error TS2339: Property 'findPeerMatches' does not exist on type '{ generateIEPGoals: (student: AdvancedStudent) => Promise<any>; generateNeuroInsights: (student: AdvancedStudent) => Promise<any>; }'.
tests/aiStudentService.test.ts(380,46): error TS2339: Property 'findPeerMatches' does not exist on type '{ generateIEPGoals: (student: AdvancedStudent) => Promise<any>; generateNeuroInsights: (student: AdvancedStudent) => Promise<any>; }'.
tests/aiStudentService.test.ts(385,23): error TS7006: Parameter 'match' implicitly has an 'any' type.
tests/aiStudentService.test.ts(392,46): error TS2339: Property 'findPeerMatches' does not exist on type '{ generateIEPGoals: (student: AdvancedStudent) => Promise<any>; generateNeuroInsights: (student: AdvancedStudent) => Promise<any>; }'.
tests/aiStudentService.test.ts(397,23): error TS7006: Parameter 'match' implicitly has an 'any' type.
tests/aiStudentService.test.ts(403,46): error TS2339: Property 'findPeerMatches' does not exist on type '{ generateIEPGoals: (student: AdvancedStudent) => Promise<any>; generateNeuroInsights: (student: AdvancedStudent) => Promise<any>; }'.
tests/aiStudentService.test.ts(408,23): error TS7006: Parameter 'match' implicitly has an 'any' type.
tests/aiStudentService.test.ts(431,47): error TS2339: Property 'analyzeStudent' does not exist on type '{ generateIEPGoals: (student: AdvancedStudent) => Promise<any>; generateNeuroInsights: (student: AdvancedStudent) => Promise<any>; }'.
tests/aiStudentService.test.ts(457,47): error TS2339: Property 'analyzeStudent' does not exist on type '{ generateIEPGoals: (student: AdvancedStudent) => Promise<any>; generateNeuroInsights: (student: AdvancedStudent) => Promise<any>; }'.
tests/aiStudentService.test.ts(465,46): error TS2339: Property 'generateCognitiveInsight' does not exist on type '{ generateIEPGoals: (student: AdvancedStudent) => Promise<any>; generateNeuroInsights: (student: AdvancedStudent) => Promise<any>; }'.
tests/aiStudentService.test.ts(484,21): error TS7006: Parameter 'goal' implicitly has an 'any' type.
tests/AppError.test.ts(86,40): error TS2345: Argument of type 'number' is not assignable to parameter of type 'string'.
tests/FactoryFunctions.test.ts(62,30): error TS2339: Property 'paymentMethods' does not exist on type 'FinancialProfile'.
tests/FactoryFunctions.test.ts(63,30): error TS2339: Property 'monthlyPaymentStatus' does not exist on type 'FinancialProfile'.
tests/FactoryFunctions.test.ts(69,30): error TS2339: Property 'lastTransactionDate' does not exist on type 'FinancialProfile'.
tests/FindTheDifferenceSheetFallback.test.tsx(5,1): error TS2582: Cannot find name 'describe'. Do you need to install type definitions for a test runner? Try `npm i --save-dev @types/jest` or `npm i --save-dev @types/mocha`.
tests/FindTheDifferenceSheetFallback.test.tsx(6,3): error TS2582: Cannot find name 'test'. Do you need to install type definitions for a test runner? Try `npm i --save-dev @types/jest` or `npm i --save-dev @types/mocha`.
tests/FindTheDifferenceSheetFallback.test.tsx(9,5): error TS2304: Cannot find name 'expect'.
tests/gizemliSayilar.test.ts(18,7): error TS2353: Object literal may only specify known properties, and 'itemsPerPage' does not exist in type 'GeneratorOptions'.
tests/Integration.test.ts(126,40): error TS2345: Argument of type 'number' is not assignable to parameter of type 'string'.
tests/Integration.test.ts(149,38): error TS2345: Argument of type 'number' is not assignable to parameter of type 'string'.
tests/Integration.test.ts(206,23): error TS2339: Property 'total' does not exist on type 'Promise<{ remaining: number; total: number; resetAfterMs: number; allowed: boolean; }>'.
tests/Integration.test.ts(206,53): error TS2339: Property 'total' does not exist on type 'Promise<{ remaining: number; total: number; resetAfterMs: number; allowed: boolean; }>'.
tests/Integration.test.ts(207,22): error TS2339: Property 'total' does not exist on type 'Promise<{ remaining: number; total: number; resetAfterMs: number; allowed: boolean; }>'.
tests/Integration.test.ts(207,54): error TS2339: Property 'total' does not exist on type 'Promise<{ remaining: number; total: number; resetAfterMs: number; allowed: boolean; }>'.
tests/Integration.test.ts(317,19): error TS2339: Property 'remaining' does not exist on type 'Promise<{ remaining: number; total: number; resetAfterMs: number; allowed: boolean; }>'.
tests/jsonRepair.test.ts(103,14): error TS18046: 'result' is of type 'unknown'.
tests/jsonRepair.test.ts(104,14): error TS18046: 'result' is of type 'unknown'.
tests/jsonRepair.test.ts(110,14): error TS18046: 'result' is of type 'unknown'.
tests/KavramHaritasiGenerator.test.ts(2,10): error TS2305: Module '"../src/services/generators/kavramHaritasi"' has no exported member 'KavramHaritasiGenerator'.
tests/meyveliToplama.test.ts(18,7): error TS2353: Object literal may only specify known properties, and 'itemsPerPage' does not exist in type 'GeneratorOptions'.
tests/phase1-4-integration.test.ts(22,12): error TS18046: 'repaired' is of type 'unknown'.
tests/phase1-4-integration.test.ts(65,12): error TS18046: 'repaired1' is of type 'unknown'.
tests/phase1-4-integration.test.ts(70,12): error TS18046: 'repaired2' is of type 'unknown'.
tests/phase1-4-integration.test.ts(75,12): error TS18046: 'repaired3' is of type 'unknown'.
tests/RateLimiter.test.ts(76,21): error TS2339: Property 'remaining' does not exist on type 'Promise<{ remaining: number; total: number; resetAfterMs: number; allowed: boolean; }>'.
tests/RateLimiter.test.ts(81,21): error TS2339: Property 'remaining' does not exist on type 'Promise<{ remaining: number; total: number; resetAfterMs: number; allowed: boolean; }>'.
tests/RateLimiter.test.ts(88,21): error TS2339: Property 'resetsAt' does not exist on type 'Promise<{ remaining: number; total: number; resetAfterMs: number; allowed: boolean; }>'.
tests/RateLimiter.test.ts(89,21): error TS2339: Property 'resetsAt' does not exist on type 'Promise<{ remaining: number; total: number; resetAfterMs: number; allowed: boolean; }>'.
tests/RateLimiter.test.ts(123,21): error TS2339: Property 'remaining' does not exist on type 'Promise<{ remaining: number; total: number; resetAfterMs: number; allowed: boolean; }>'.
tests/RateLimiter.test.ts(141,24): error TS2339: Property 'remaining' does not exist on type 'Promise<{ remaining: number; total: number; resetAfterMs: number; allowed: boolean; }>'.
tests/RateLimiter.test.ts(142,26): error TS2339: Property 'remaining' does not exist on type 'Promise<{ remaining: number; total: number; resetAfterMs: number; allowed: boolean; }>'.
tests/sinavGenerator.test.ts(171,12): error TS18048: 'sinav.pedagogicalNote' is possibly 'undefined'.
tests/SprintA.test.ts(29,16): error TS2339: Property 'userMessage' does not exist on type 'void'.
tests/SprintA.test.ts(30,16): error TS2339: Property 'timestamp' does not exist on type 'void'.
tests/StudentAPI.test.ts(53,29): error TS2339: Property 'name' does not exist on type '{ age: number; grade: string; }'.
tests/StudentAPI.test.ts(234,49): error TS2367: This comparison appears to be unintentional because the types '"teacher-456"' and '"teacher-123"' have no overlap.
tests/StudentAPI.test.ts(243,47): error TS2367: This comparison appears to be unintentional because the types '"teacher-456"' and '"teacher-123"' have no overlap.
tests/TemplateEngine.test.ts(103,23): error TS2339: Property 'pedagogicalNote' does not exist on type 'ActivityMetadata'.
tests/TemplateEngine.test.ts(136,23): error TS2339: Property 'pedagogicalNote' does not exist on type 'ActivityMetadata'.
tests/TemplateEngine.test.ts(167,23): error TS2339: Property 'pedagogicalNote' does not exist on type 'ActivityMetadata'.
tests/TemplateEngine.test.ts(197,9): error TS2353: Object literal may only specify known properties, and 'pedagogicalNote' does not exist in type 'ActivityMetadata'.
tests/VisualOddOneOutSheetFallback.test.tsx(7,1): error TS2582: Cannot find name 'describe'. Do you need to install type definitions for a test runner? Try `npm i --save-dev @types/jest` or `npm i --save-dev @types/mocha`.
tests/VisualOddOneOutSheetFallback.test.tsx(8,3): error TS2582: Cannot find name 'test'. Do you need to install type definitions for a test runner? Try `npm i --save-dev @types/jest` or `npm i --save-dev @types/mocha`.
tests/VisualOddOneOutSheetFallback.test.tsx(10,5): error TS2304: Cannot find name 'expect'.
