src/__tests__/premium-builder.test.ts(3,1): error TS2582: Cannot find name 'test'. Do you need to install type definitions for a test runner? Try `npm i --save-dev @types/jest` or `npm i --save-dev @types/mocha`.
src/__tests__/premium-builder.test.ts(10,3): error TS2304: Cannot find name 'expect'.
src/__tests__/premium-builder.test.ts(11,3): error TS2304: Cannot find name 'expect'.
src/__tests__/premium-builder.test.ts(12,3): error TS2304: Cannot find name 'expect'.
src/__tests__/premium-builder.test.ts(13,3): error TS2304: Cannot find name 'expect'.
src/__tests__/premium-builder.test.ts(14,3): error TS2304: Cannot find name 'expect'.
src/__tests__/premium-builder.test.ts(14,10): error TS18048: 'content.riddles' is possibly 'undefined'.
src/components/A4Editor/ContentPanel.tsx(136,80): error TS18046: 's' is of type 'unknown'.
src/components/activity-configs/AdvancedMissingPartsConfig.tsx(5,3): error TS2305: Module '"lucide-react"' has no exported member 'Type'.
src/components/activity-configs/AdvancedMissingPartsConfig.tsx(6,3): error TS2305: Module '"lucide-react"' has no exported member 'Palette'.
src/components/activity-configs/AdvancedMissingPartsConfig.tsx(13,3): error TS2305: Module '"lucide-react"' has no exported member 'Zap'.
src/components/activity-configs/AdvancedMissingPartsConfig.tsx(15,3): error TS2305: Module '"lucide-react"' has no exported member 'Sliders'.
src/components/activity-configs/AdvancedMissingPartsConfig.tsx(16,3): error TS2305: Module '"lucide-react"' has no exported member 'Grid'.
src/components/activity-configs/AdvancedMissingPartsConfig.tsx(17,3): error TS2305: Module '"lucide-react"' has no exported member 'AlignLeft'.
src/components/activity-configs/AdvancedMissingPartsConfig.tsx(18,3): error TS2305: Module '"lucide-react"' has no exported member 'AlignCenter'.
src/components/activity-configs/AdvancedMissingPartsConfig.tsx(19,3): error TS2305: Module '"lucide-react"' has no exported member 'AlignRight'.
src/components/activity-configs/AdvancedMissingPartsConfig.tsx(20,3): error TS2305: Module '"lucide-react"' has no exported member 'Hash'.
src/components/activity-configs/AdvancedMissingPartsConfig.tsx(21,3): error TS2305: Module '"lucide-react"' has no exported member 'Minus'.
src/components/activity-configs/AdvancedMissingPartsConfig.tsx(22,3): error TS2305: Module '"lucide-react"' has no exported member 'Underline'.
src/components/activity-configs/AdvancedMissingPartsConfig.tsx(23,3): error TS2305: Module '"lucide-react"' has no exported member 'List'.
src/components/activity-configs/AdvancedMissingPartsConfig.tsx(24,3): error TS2305: Module '"lucide-react"' has no exported member 'Columns'.
src/components/activity-configs/AdvancedMissingPartsConfig.tsx(25,3): error TS2305: Module '"lucide-react"' has no exported member 'Maximize2'.
src/components/activity-configs/AdvancedMissingPartsConfig.tsx(26,3): error TS2305: Module '"lucide-react"' has no exported member 'Minimize2'.
src/components/activity-configs/AdvancedMissingPartsConfig.tsx(138,58): error TS2322: Type '{}' is not assignable to type 'ReactNode'.
src/components/activity-configs/AdvancedMissingPartsConfig.tsx(144,11): error TS2322: Type '{}' is not assignable to type 'string | number | readonly string[] | undefined'.
src/components/activity-configs/AdvancedMissingPartsConfig.tsx(231,15): error TS2322: Type '{}' is not assignable to type 'string | number | readonly string[] | undefined'.
src/components/activity-configs/AdvancedMissingPartsConfig.tsx(243,15): error TS2322: Type '{}' is not assignable to type 'string | number | readonly string[] | undefined'.
src/components/activity-configs/AdvancedMissingPartsConfig.tsx(273,9): error TS2322: Type 'unknown' is not assignable to type 'ReactNode'.
src/components/activity-configs/AdvancedMissingPartsConfig.tsx(275,84): error TS2322: Type '{}' is not assignable to type 'ReactNode'.
src/components/activity-configs/AdvancedMissingPartsConfig.tsx(280,15): error TS2322: Type '{}' is not assignable to type 'string | number | readonly string[] | undefined'.
src/components/activity-configs/FinancialMathConfig.tsx(42,25): error TS2322: Type 'string | [number, number]' is not assignable to type 'string | number | readonly string[] | undefined'.
  Type '[number, number]' is not assignable to type 'string | number | readonly string[] | undefined'.
    Type '[number, number]' is not assignable to type 'readonly string[]'.
      Type 'number' is not assignable to type 'string'.
src/components/activity-configs/index.ts(49,46): error TS2307: Cannot find module './InfographicShortAnswerConfig' or its corresponding type declarations.
src/components/activity-configs/MissingPartsConfig.tsx(60,29): error TS2322: Type '{}' is not assignable to type 'string | number | readonly string[] | undefined'.
src/components/activity-configs/SentenceFiveWOneHConfig.tsx(71,29): error TS2322: Type '{}' is not assignable to type 'string | number | readonly string[] | undefined'.
src/components/activity-configs/SentenceFiveWOneHConfig.tsx(99,25): error TS2322: Type '{}' is not assignable to type 'string | number'.
src/components/activity-configs/StoryAnalysisConfig.tsx(72,29): error TS2322: Type '{}' is not assignable to type 'string | number | readonly string[] | undefined'.
src/components/activity-configs/StoryAnalysisConfig.tsx(88,21): error TS2322: Type '{}' is not assignable to type 'string | number'.
src/components/activity-configs/StorySequencingConfig.tsx(63,29): error TS2322: Type '{}' is not assignable to type 'string | number | readonly string[] | undefined'.
src/components/ActivityImporterModal.tsx(56,60): error TS2345: Argument of type 'unknown' is not assignable to parameter of type 'Record<string, unknown> | undefined'.
src/components/ActivityStudio/goal/LibraryFilters.tsx(2,25): error TS2305: Module '"@/types/creativeStudio"' has no exported member 'Difficulty'.
src/components/ActivityStudio/preview/ExportEngine.ts(45,60): error TS18046: 's' is of type 'unknown'.
src/components/ActivityStudio/preview/ExportEngine.ts(70,12): error TS2339: Property 'jsPDF' does not exist on type '{ default: typeof jsPDF; prototype: jsPDF; }'.
src/components/ActivityStudio/preview/PreviewRenderer.tsx(14,43): error TS7006: Parameter 'state' implicitly has an 'any' type.
src/components/ActivityStudio/preview/PreviewRenderer.tsx(15,47): error TS7006: Parameter 'state' implicitly has an 'any' type.
src/components/ActivityStudio/preview/PreviewRenderer.tsx(16,51): error TS7006: Parameter 'state' implicitly has an 'any' type.
src/components/ActivityStudio/validation/pedagogicValidator.ts(2,15): error TS2459: Module '"../../../types/activityStudio"' declares 'Difficulty' locally, but it is not exported.
src/components/ActivityStudio/wizard/panels/CompactA4LayoutPanel.tsx(47,54): error TS7006: Parameter 'state' implicitly has an 'any' type.
src/components/ActivityStudio/wizard/panels/CompactA4LayoutPanel.tsx(48,50): error TS7006: Parameter 'state' implicitly has an 'any' type.
src/components/ActivityStudio/wizard/panels/ThemeSyncPanel.tsx(17,47): error TS7006: Parameter 'state' implicitly has an 'any' type.
src/components/ActivityStudio/wizard/panels/ThemeSyncPanel.tsx(18,50): error TS7006: Parameter 'state' implicitly has an 'any' type.
src/components/ActivityStudio/wizard/StepCustomize.tsx(15,40): error TS7006: Parameter 'state' implicitly has an 'any' type.
src/components/Admin/ActivityManagerPanel.tsx(12,3): error TS2305: Module '"lucide-react"' has no exported member 'Zap'.
src/components/Admin/ActivityManagerPanel.tsx(15,3): error TS2305: Module '"lucide-react"' has no exported member 'EyeOff'.
src/components/Admin/ActivityManagerPanel.tsx(17,3): error TS2305: Module '"lucide-react"' has no exported member 'Box'.
src/components/Admin/ActivityManagerPanel.tsx(20,3): error TS2305: Module '"lucide-react"' has no exported member 'MoreVertical'.
src/components/Admin/ActivityManagerPanel.tsx(23,3): error TS2305: Module '"lucide-react"' has no exported member 'BrainCircuit'.
src/components/Admin/ActivityManagerPanel.tsx(25,3): error TS2724: '"lucide-react"' has no exported member named 'RefreshCw'. Did you mean 'RefreshCcw'?
src/components/AdminDashboard/AdminActivityApproval.tsx(46,48): error TS2345: Argument of type 'unknown' is not assignable to parameter of type 'Record<string, unknown> | undefined'.
src/components/AdminDashboard/AdminActivityApproval.tsx(65,38): error TS2345: Argument of type 'unknown' is not assignable to parameter of type 'Record<string, unknown> | undefined'.
src/components/AdminDashboard/AdminActivityApproval.tsx(79,37): error TS2345: Argument of type 'unknown' is not assignable to parameter of type 'Record<string, unknown> | undefined'.
src/components/AdminDashboard/AdminActivityManager.tsx(10,3): error TS2305: Module '"lucide-react"' has no exported member 'Zap'.
src/components/AdminDashboard/AdminActivityManager.tsx(13,3): error TS2305: Module '"lucide-react"' has no exported member 'EyeOff'.
src/components/AdminDashboard/AdminActivityManager.tsx(19,3): error TS2305: Module '"lucide-react"' has no exported member 'BrainCircuit'.
src/components/AdminDashboard/AdminActivityManager.tsx(21,3): error TS2724: '"lucide-react"' has no exported member named 'RefreshCw'. Did you mean 'RefreshCcw'?
src/components/AdminDashboard/AdminDraftReview.tsx(73,38): error TS2345: Argument of type 'unknown' is not assignable to parameter of type 'Record<string, unknown> | undefined'.
src/components/AdminDashboard/AdminPromptStudio.tsx(90,5): error TS2304: Cannot find name 'setLoading'.
src/components/AdminDashboard/AdminPromptStudio.tsx(94,5): error TS2304: Cannot find name 'setLoading'.
src/components/AdminDashboard/AdminPromptStudio.tsx(182,5): error TS2304: Cannot find name 'setSimA'.
src/components/AdminDashboard/AdminPromptStudio.tsx(182,14): error TS7006: Parameter 'prev' implicitly has an 'any' type.
src/components/AdminDashboard/AdminPromptStudio.tsx(183,5): error TS2304: Cannot find name 'setSimB'.
src/components/AdminDashboard/AdminPromptStudio.tsx(183,14): error TS7006: Parameter 'prev' implicitly has an 'any' type.
src/components/AdminDashboard/AdminUserManagement.tsx(8,3): error TS2305: Module '"lucide-react"' has no exported member 'ShieldCheck'.
src/components/AdminDashboard/AdminUserManagement.tsx(9,3): error TS2724: '"lucide-react"' has no exported member named 'UserX'. Did you mean 'Users'?
src/components/AdminDashboard/AdminUserManagement.tsx(10,3): error TS2305: Module '"lucide-react"' has no exported member 'UserCheck'.
src/components/AdminDashboard/AdminUserManagement.tsx(11,3): error TS2305: Module '"lucide-react"' has no exported member 'MoreHorizontal'.
src/components/AdminDashboard/AdminUserManagement.tsx(12,3): error TS2305: Module '"lucide-react"' has no exported member 'Mail'.
src/components/AdminDashboard/AdminUserManagement.tsx(15,3): error TS2724: '"lucide-react"' has no exported member named 'RefreshCw'. Did you mean 'RefreshCcw'?
src/components/AdminDashboard/AdminUserManagement.tsx(17,3): error TS2724: '"lucide-react"' has no exported member named 'Lock'. Did you mean 'Clock'?
src/components/AdminDashboard/AdminUserManagement.tsx(18,3): error TS2305: Module '"lucide-react"' has no exported member 'Unlock'.
src/components/AdminDashboard/AdminUserManagement.tsx(19,3): error TS2724: '"lucide-react"' has no exported member named 'CheckCircle2'. Did you mean 'CheckCircle'?
src/components/AdminDashboard/PermissionManager.tsx(17,11): error TS2339: Property 'roles' does not exist on type '{ canAccess: (module: PermissionModule) => boolean; hasPermission: (module: PermissionModule, action: PermissionAction) => boolean; ... 4 more ...; role: any; }'.
src/components/AdminDashboard/PermissionManager.tsx(17,18): error TS2339: Property 'grantPermission' does not exist on type '{ canAccess: (module: PermissionModule) => boolean; hasPermission: (module: PermissionModule, action: PermissionAction) => boolean; ... 4 more ...; role: any; }'.
src/components/AdminDashboard/PermissionManager.tsx(17,35): error TS2339: Property 'revokePermission' does not exist on type '{ canAccess: (module: PermissionModule) => boolean; hasPermission: (module: PermissionModule, action: PermissionAction) => boolean; ... 4 more ...; role: any; }'.
src/components/AdminDashboard/PermissionManager.tsx(17,53): error TS2339: Property 'exportMatrix' does not exist on type '{ canAccess: (module: PermissionModule) => boolean; hasPermission: (module: PermissionModule, action: PermissionAction) => boolean; ... 4 more ...; role: any; }'.
src/components/AdminDashboard/PermissionManager.tsx(17,67): error TS2339: Property 'deleteRole' does not exist on type '{ canAccess: (module: PermissionModule) => boolean; hasPermission: (module: PermissionModule, action: PermissionAction) => boolean; ... 4 more ...; role: any; }'.
src/components/AdminDashboard/PermissionManager.tsx(21,36): error TS7006: Parameter 'r' implicitly has an 'any' type.
src/components/AdminDashboard/PermissionManager.tsx(54,29): error TS7006: Parameter 'r' implicitly has an 'any' type.
src/components/AdminDashboard/PermissionManager.tsx(63,31): error TS7006: Parameter 'r' implicitly has an 'any' type.
src/components/AdminDashboard/PermissionManager.tsx(83,25): error TS7006: Parameter 'role' implicitly has an 'any' type.
src/components/AdminDashboard/PermissionsIDE.tsx(6,3): error TS2724: '"lucide-react"' has no exported member named 'RefreshCw'. Did you mean 'RefreshCcw'?
src/components/AdminDashboard/PermissionsIDE.tsx(7,3): error TS2724: '"lucide-react"' has no exported member named 'Lock'. Did you mean 'Clock'?
src/components/AdminDashboard/PermissionsIDE.tsx(8,3): error TS2305: Module '"lucide-react"' has no exported member 'Unlock'.
src/components/AdminDashboard/PermissionsIDE.tsx(9,3): error TS2305: Module '"lucide-react"' has no exported member 'Check'.
src/components/AdminDashboard/PermissionsIDE.tsx(11,3): error TS2305: Module '"lucide-react"' has no exported member 'AlertTriangle'.
src/components/AdminDashboard/PermissionsIDE.tsx(15,3): error TS2724: '"lucide-react"' has no exported member named 'Edit3'. Did you mean 'Edit'?
src/components/AdminDashboard/PermissionsIDE.tsx(18,3): error TS2305: Module '"lucide-react"' has no exported member 'Zap'.
src/components/AdminDashboard/PermissionsIDE.tsx(19,3): error TS2305: Module '"lucide-react"' has no exported member 'Globe'.
src/components/AdminDashboard/PromptSimulator.tsx(77,13): error TS2304: Cannot find name 'logError'.
src/components/AdminDashboard/UserManagement.tsx(2,28): error TS2305: Module '"../../types/admin"' has no exported member 'UserRoleType'.
src/components/AdminDashboard/UserManagement.tsx(21,7): error TS2741: Property 'deleted' is missing in type '{ active: string; pending: string; suspended: string; }' but required in type 'Record<ExtendedUserStatus, string>'.
src/components/AdminDashboard/UserManagement.tsx(30,5): error TS2741: Property 'avatar' is missing in type '{ id: string; name: string; email: string; role: "admin"; status: "active"; createdAt: string; lastLogin: string; worksheetCount: number; exportCount: number; }' but required in type 'ManagedUser'.
src/components/AdminDashboard/UserManagement.tsx(31,5): error TS2741: Property 'avatar' is missing in type '{ id: string; name: string; email: string; role: "teacher"; status: "active"; createdAt: string; lastLogin: string; worksheetCount: number; exportCount: number; }' but required in type 'ManagedUser'.
src/components/AdminDashboard/UserManagement.tsx(32,5): error TS2741: Property 'avatar' is missing in type '{ id: string; name: string; email: string; role: "student"; status: "active"; createdAt: string; lastLogin: string; worksheetCount: number; exportCount: number; }' but required in type 'ManagedUser'.
src/components/AdminDashboard/UserManagement.tsx(33,5): error TS2741: Property 'avatar' is missing in type '{ id: string; name: string; email: string; role: "teacher"; status: "pending"; createdAt: string; worksheetCount: number; exportCount: number; }' but required in type 'ManagedUser'.
src/components/AdminDashboard/UserManagement.tsx(34,5): error TS2741: Property 'avatar' is missing in type '{ id: string; name: string; email: string; role: "student"; status: "suspended"; createdAt: string; worksheetCount: number; exportCount: number; }' but required in type 'ManagedUser'.
src/components/AdminDashboard/UserManagement.tsx(127,86): error TS2322: Type 'unknown' is not assignable to type 'Key | null | undefined'.
src/components/AdminDashboard/UserManagement.tsx(127,94): error TS2322: Type 'unknown' is not assignable to type 'string | number | readonly string[] | undefined'.
src/components/AdminDashboard/UserManagement.tsx(127,119): error TS2538: Type 'unknown' cannot be used as an index type.
src/components/AdminPermissionsIDE.tsx(32,19): error TS2345: Argument of type 'RBACSettings' is not assignable to parameter of type 'SetStateAction<RBACSettings | null>'.
  Type 'import("C:/Users/Administrator/Desktop/oogmatik/src/types/rbac-advanced").RBACSettings' is not assignable to type 'import("C:/Users/Administrator/Desktop/oogmatik/src/types/rbac").RBACSettings'.
    Types of property 'roles' are incompatible.
      Type 'import("C:/Users/Administrator/Desktop/oogmatik/src/types/rbac-advanced").RolePermissions[]' is not assignable to type 'import("C:/Users/Administrator/Desktop/oogmatik/src/types/rbac").RolePermissions[]'.
        Type 'import("C:/Users/Administrator/Desktop/oogmatik/src/types/rbac-advanced").RolePermissions' is not assignable to type 'import("C:/Users/Administrator/Desktop/oogmatik/src/types/rbac").RolePermissions'.
          Types of property 'modules' are incompatible.
            Type 'import("C:/Users/Administrator/Desktop/oogmatik/src/types/rbac-advanced").ModulePermission[]' is not assignable to type 'import("C:/Users/Administrator/Desktop/oogmatik/src/types/rbac").ModulePermission[]'.
              Type 'import("C:/Users/Administrator/Desktop/oogmatik/src/types/rbac-advanced").ModulePermission' is not assignable to type 'import("C:/Users/Administrator/Desktop/oogmatik/src/types/rbac").ModulePermission'.
                Types of property 'module' are incompatible.
                  Type 'import("C:/Users/Administrator/Desktop/oogmatik/src/types/rbac-advanced").PermissionModule' is not assignable to type 'import("C:/Users/Administrator/Desktop/oogmatik/src/types/rbac").PermissionModule'.
                    Type '"creative-studio"' is not assignable to type 'PermissionModule'.
src/components/AdminPermissionsIDE.tsx(84,38): error TS2345: Argument of type 'import("C:/Users/Administrator/Desktop/oogmatik/src/types/rbac").RBACSettings' is not assignable to parameter of type 'import("C:/Users/Administrator/Desktop/oogmatik/src/types/rbac-advanced").RBACSettings'.
  Types of property 'globalSettings' are incompatible.
    Type '{ maintenanceMode: boolean; aiGenerationEnabled: boolean; registrationEnabled: boolean; }' is missing the following properties from type '{ maintenanceMode: boolean; aiGenerationEnabled: boolean; registrationEnabled: boolean; enforceCategoryPermissions: boolean; enforceActivityPermissions: boolean; auditLoggingEnabled: boolean; }': enforceCategoryPermissions, enforceActivityPermissions, auditLoggingEnabled
src/components/AssessmentModule.tsx(218,86): error TS2345: Argument of type 'unknown' is not assignable to parameter of type 'Record<string, unknown> | undefined'.
src/components/AssessmentModule.tsx(264,58): error TS2345: Argument of type 'unknown' is not assignable to parameter of type 'Record<string, unknown> | undefined'.
src/components/AssessmentReportViewer.tsx(121,22): error TS2345: Argument of type 'unknown' is not assignable to parameter of type 'string | AppError | Error'.
src/components/AssessmentReportViewer.tsx(133,48): error TS2345: Argument of type 'unknown' is not assignable to parameter of type 'Record<string, unknown> | undefined'.
src/components/ErrorBoundary.tsx(28,40): error TS2554: Expected 1-2 arguments, but got 3.
src/components/ErrorDisplay.tsx(110,11): error TS2322: Type 'unknown' is not assignable to type 'ReactNode'.
src/components/ErrorDisplay.tsx(121,28): error TS2362: The left-hand side of an arithmetic operation must be of type 'any', 'number', 'bigint' or an enum type.
src/components/FavoritesSection.tsx(159,46): error TS2345: Argument of type 'unknown' is not assignable to parameter of type 'Record<string, unknown> | undefined'.
src/components/KelimeCumleStudio/hooks/useKelimeCumleGenerator.ts(36,39): error TS2339: Property 'showPredicate' does not exist on type 'KelimeCumleConfig'.
src/components/KelimeCumleStudio/hooks/useKelimeCumleGenerator.ts(55,46): error TS2345: Argument of type 'unknown' is not assignable to parameter of type 'Record<string, unknown> | undefined'.
src/components/KelimeCumleStudio/KelimeCumleStudio.tsx(58,26): error TS2345: Argument of type 'unknown' is not assignable to parameter of type 'string | AppError | Error'.
src/components/KelimeCumleStudio/KelimeCumleStudio.tsx(148,49): error TS2345: Argument of type 'unknown' is not assignable to parameter of type 'Record<string, unknown> | undefined'.
src/components/MathStudio/hooks/useExportActions.ts(60,22): error TS2345: Argument of type 'unknown' is not assignable to parameter of type 'string | AppError | Error'.
src/components/MathStudio/hooks/useExportActions.ts(92,22): error TS2345: Argument of type 'unknown' is not assignable to parameter of type 'string | AppError | Error'.
src/components/MathStudio/hooks/useProblemGenerator.ts(54,22): error TS2345: Argument of type 'unknown' is not assignable to parameter of type 'string | AppError | Error'.
src/components/MathStudio/MathStudio.tsx(82,37): error TS7006: Parameter 'x' implicitly has an 'any' type.
src/components/MathStudio/MathStudio.tsx(91,25): error TS7006: Parameter 's' implicitly has an 'any' type.
src/components/MessagesView.tsx(124,48): error TS2345: Argument of type 'unknown' is not assignable to parameter of type 'Record<string, unknown> | undefined'.
src/components/MessagesView.tsx(140,39): error TS2345: Argument of type 'unknown' is not assignable to parameter of type 'Record<string, unknown> | undefined'.
src/components/MessagesView.tsx(161,50): error TS2345: Argument of type 'unknown' is not assignable to parameter of type 'Record<string, unknown> | undefined'.
src/components/MobileWorksheetViewer.tsx(169,13): error TS2322: Type '(block: WorksheetContentBlock) => void' is not assignable to type '(block: Omit<WorksheetContentBlock, "id">) => void'.
  Types of parameters 'block' and 'block' are incompatible.
    Property 'id' is missing in type 'Omit<WorksheetContentBlock, "id">' but required in type 'WorksheetContentBlock'.
src/components/OCRScanner.tsx(829,54): error TS2345: Argument of type 'string' is not assignable to parameter of type 'Record<string, unknown>'.
src/components/Onboarding/AboutModule.tsx(2,35): error TS2305: Module '"lucide-react"' has no exported member 'Globe'.
src/components/Onboarding/AboutModule.tsx(2,42): error TS2305: Module '"lucide-react"' has no exported member 'Heart'.
src/components/Onboarding/AboutModule.tsx(2,49): error TS2305: Module '"lucide-react"' has no exported member 'Mail'.
src/components/Onboarding/AboutModule.tsx(2,55): error TS2305: Module '"lucide-react"' has no exported member 'Twitter'.
src/components/Onboarding/AboutModule.tsx(2,64): error TS2305: Module '"lucide-react"' has no exported member 'Linkedin'.
src/components/Onboarding/AboutModule.tsx(2,74): error TS2305: Module '"lucide-react"' has no exported member 'Github'.
src/components/Onboarding/AboutModule.tsx(2,117): error TS2305: Module '"lucide-react"' has no exported member 'ShieldCheck'.
src/components/Onboarding/AboutModule.tsx(168,31): error TS2304: Cannot find name 'Phone'.
src/components/Onboarding/DeveloperVisionModule.tsx(2,13): error TS2305: Module '"lucide-react"' has no exported member 'Code'.
src/components/Onboarding/DeveloperVisionModule.tsx(2,19): error TS2305: Module '"lucide-react"' has no exported member 'Zap'.
src/components/Onboarding/DeveloperVisionModule.tsx(2,24): error TS2305: Module '"lucide-react"' has no exported member 'Rocket'.
src/components/Onboarding/DeveloperVisionModule.tsx(2,32): error TS2305: Module '"lucide-react"' has no exported member 'GitBranch'.
src/components/Onboarding/DeveloperVisionModule.tsx(2,53): error TS2305: Module '"lucide-react"' has no exported member 'Cloud'.
src/components/Onboarding/DeveloperVisionModule.tsx(2,95): error TS2305: Module '"lucide-react"' has no exported member 'Cpu'.
src/components/Onboarding/DeveloperVisionModule.tsx(2,100): error TS2305: Module '"lucide-react"' has no exported member 'Globe'.
src/components/Onboarding/DeveloperVisionModule.tsx(2,107): error TS2305: Module '"lucide-react"' has no exported member 'ArrowRight'.
src/components/Onboarding/DeveloperVisionModule.tsx(2,138): error TS2305: Module '"lucide-react"' has no exported member 'Github'.
src/components/Onboarding/GuideModule.tsx(2,37): error TS2305: Module '"lucide-react"' has no exported member 'Lightbulb'.
src/components/Onboarding/GuideModule.tsx(2,56): error TS2305: Module '"lucide-react"' has no exported member 'Zap'.
src/components/Onboarding/GuideModule.tsx(2,61): error TS2305: Module '"lucide-react"' has no exported member 'ArrowRight'.
src/components/Onboarding/PremiumHelpModule.tsx(2,21): error TS2305: Module '"lucide-react"' has no exported member 'MessageCircle'.
src/components/Onboarding/PremiumHelpModule.tsx(2,43): error TS2305: Module '"lucide-react"' has no exported member 'Mail'.
src/components/Onboarding/PremiumHelpModule.tsx(2,75): error TS2305: Module '"lucide-react"' has no exported member 'ExternalLink'.
src/components/Onboarding/PremiumHelpModule.tsx(2,89): error TS2305: Module '"lucide-react"' has no exported member 'ArrowRight'.
src/components/Onboarding/PremiumHelpModule.tsx(2,101): error TS2305: Module '"lucide-react"' has no exported member 'ShieldCheck'.
src/components/Onboarding/TourModule.tsx(2,13): error TS2305: Module '"lucide-react"' has no exported member 'Play'.
src/components/Onboarding/TourModule.tsx(2,19): error TS2305: Module '"lucide-react"' has no exported member 'SkipForward'.
src/components/Onboarding/TourModule.tsx(2,32): error TS2305: Module '"lucide-react"' has no exported member 'ArrowRight'.
src/components/Onboarding/TourModule.tsx(2,44): error TS2305: Module '"lucide-react"' has no exported member 'ArrowLeft'.
src/components/Onboarding/TourModule.tsx(2,68): error TS2305: Module '"lucide-react"' has no exported member 'Circle'.
src/components/Onboarding/TourModule.tsx(2,76): error TS2305: Module '"lucide-react"' has no exported member 'Rocket'.
src/components/PDFViewer/hooks/useDyslexiaSettings.ts(35,43): error TS7006: Parameter 's' implicitly has an 'any' type.
src/components/PDFViewer/hooks/usePDFViewer.ts(48,40): error TS7006: Parameter 's' implicitly has an 'any' type.
src/components/PDFViewer/PDFErrorBoundary.tsx(27,43): error TS2554: Expected 1-2 arguments, but got 3.
src/components/PrintPreviewModal.tsx(62,61): error TS2345: Argument of type 'unknown' is not assignable to parameter of type 'Record<string, unknown> | undefined'.
src/components/PrintPreviewModal.tsx(134,39): error TS2345: Argument of type 'unknown' is not assignable to parameter of type 'Record<string, unknown> | undefined'.
src/components/ProgressDashboard/HistoryList.tsx(5,17): error TS2724: '"lucide-react"' has no exported member named 'CheckCircle2'. Did you mean 'CheckCircle'?
src/components/ProgressDashboard/HistoryList.tsx(14,19): error TS2339: Property 'DYSLEXIA_SUPPORT' does not exist on type 'typeof ActivityType'.
src/components/ProgressDashboard/ProgressDashboard.tsx(8,10): error TS2305: Module '"lucide-react"' has no exported member 'Trophy'.
src/components/ProgressDashboard/ProgressDashboard.tsx(8,46): error TS2305: Module '"lucide-react"' has no exported member 'LogIn'.
src/components/ProgressDashboard/SkillOverview.tsx(3,22): error TS2305: Module '"lucide-react"' has no exported member 'TrendingDown'.
src/components/ProgressDashboard/SkillOverview.tsx(3,36): error TS2305: Module '"lucide-react"' has no exported member 'Minus'.
src/components/ProtectedRoute.tsx(5,10): error TS2305: Module '"lucide-react"' has no exported member 'ShieldAlert'.
src/components/ProtectedRoute.tsx(5,23): error TS2305: Module '"lucide-react"' has no exported member 'ArrowLeft'.
src/components/ReadingStudio/Editor/ArchivePanel.tsx(17,51): error TS2345: Argument of type 'unknown' is not assignable to parameter of type 'Record<string, unknown> | undefined'.
src/components/ReadingStudio/Editor/StudentSelector.tsx(11,39): error TS7006: Parameter 's' implicitly has an 'any' type.
src/components/ReadingStudio/ReadingStudio.tsx(106,27): error TS2339: Property 'pedagogicalGoals' does not exist on type 'InteractiveStoryData'.
src/components/ReadingStudio/ReadingStudio.tsx(171,16): error TS2345: Argument of type 'unknown' is not assignable to parameter of type 'string | AppError | Error'.
src/components/ReadingStudio/ReadingStudio.tsx(183,16): error TS2345: Argument of type 'unknown' is not assignable to parameter of type 'string | AppError | Error'.
src/components/SavedWorksheetsView.tsx(5,3): error TS2305: Module '"lucide-react"' has no exported member 'ArrowLeft'.
src/components/SavedWorksheetsView.tsx(7,3): error TS2305: Module '"lucide-react"' has no exported member 'FileBox'.
src/components/SavedWorksheetsView.tsx(8,3): error TS2305: Module '"lucide-react"' has no exported member 'CalendarClock'.
src/components/SavedWorksheetsView.tsx(12,3): error TS2305: Module '"lucide-react"' has no exported member 'FolderOpen'.
src/components/SavedWorksheetsView.tsx(13,3): error TS2305: Module '"lucide-react"' has no exported member 'ClipboardCheck'.
src/components/SavedWorksheetsView.tsx(14,3): error TS2305: Module '"lucide-react"' has no exported member 'GraduationCap'.
src/components/SavedWorksheetsView.tsx(17,3): error TS2305: Module '"lucide-react"' has no exported member 'Library'.
src/components/SavedWorksheetsView.tsx(325,22): error TS2345: Argument of type 'unknown' is not assignable to parameter of type 'string | AppError | Error'.
src/components/Screening/ResultDashboard.tsx(208,36): error TS2345: Argument of type 'unknown' is not assignable to parameter of type 'Record<string, unknown> | undefined'.
src/components/sheet-renderers/index.ts(1,37): error TS2307: Cannot find module './InfoGraphicRenderer' or its corresponding type declarations.
src/components/SheetRenderer.tsx(12,36): error TS2307: Cannot find module '../A4Printable/A4PrintableWrapper' or its corresponding type declarations.
src/components/SheetRenderer.tsx(93,36): error TS2307: Cannot find module './InfographicStudio/panels/CenterPanel/A4PrintableSheetV2' or its corresponding type declarations.
src/components/SheetRenderer.tsx(860,42): error TS2339: Property 'length' does not exist on type '{}'.
src/components/SheetRenderer.tsx(862,38): error TS2339: Property 'length' does not exist on type '{}'.
src/components/SheetRenderer.tsx(863,32): error TS2339: Property 'length' does not exist on type '{}'.
src/components/SheetRenderer.tsx(965,21): error TS2367: This comparison appears to be unintentional because the types 'number | undefined' and 'string' have no overlap.
src/components/SheetRenderer.tsx(965,66): error TS2367: This comparison appears to be unintentional because the types 'number | undefined' and 'string' have no overlap.
src/components/SheetRenderer.tsx(966,33): error TS2339: Property 'lineSpacing' does not exist on type 'StyleSettings'.
src/components/SheetRenderer.tsx(966,75): error TS2339: Property 'lineSpacing' does not exist on type 'StyleSettings'.
src/components/SheetRenderer.tsx(1074,39): error TS2322: Type 'WorksheetBlock' is not assignable to type 'Record<string, unknown>'.
  Index signature for type 'string' is missing in type 'WorksheetBlock'.
src/components/SheetRenderer.tsx(1075,37): error TS2322: Type 'WorksheetBlock' is not assignable to type 'Record<string, unknown>'.
  Index signature for type 'string' is missing in type 'WorksheetBlock'.
src/components/SheetRenderer.tsx(1289,39): error TS2740: Type '{}' is missing the following properties from type 'LayoutItem[]': length, pop, push, concat, and 35 more.
src/components/SheetRenderer.tsx(1289,60): error TS2322: Type 'unknown' is not assignable to type 'InteractiveStoryData | null'.
src/components/SheetRenderer.tsx(1400,67): error TS2322: Type '{ data: AlgorithmData; settings: StyleSettings | undefined; }' is not assignable to type 'IntrinsicAttributes & { data: AlgorithmData; }'.
  Property 'settings' does not exist on type 'IntrinsicAttributes & { data: AlgorithmData; }'.
src/components/SheetRenderer.tsx(1411,75): error TS2322: Type '{ data: NumberPatternData; settings: StyleSettings | undefined; }' is not assignable to type 'IntrinsicAttributes & { data: NumberPatternData; }'.
  Property 'settings' does not exist on type 'IntrinsicAttributes & { data: NumberPatternData; }'.
src/components/SheetRenderer.tsx(1418,13): error TS2322: Type '{ data: RealLifeProblemData; settings: StyleSettings | undefined; }' is not assignable to type 'IntrinsicAttributes & { data: RealLifeProblemData; }'.
  Property 'settings' does not exist on type 'IntrinsicAttributes & { data: RealLifeProblemData; }'.
src/components/SheetRenderer.tsx(1424,79): error TS2322: Type '{ data: LogicGridPuzzleData; settings: StyleSettings | undefined; }' is not assignable to type 'IntrinsicAttributes & { data: LogicGridPuzzleData; }'.
  Property 'settings' does not exist on type 'IntrinsicAttributes & { data: LogicGridPuzzleData; }'.
src/components/SheetRenderer.tsx(1429,67): error TS2322: Type '{ data: FutoshikiData; settings: StyleSettings | undefined; }' is not assignable to type 'IntrinsicAttributes & { data: FutoshikiData; }'.
  Property 'settings' does not exist on type 'IntrinsicAttributes & { data: FutoshikiData; }'.
src/components/SheetRenderer.tsx(1434,75): error TS2322: Type '{ data: NumberPyramidData; settings: StyleSettings | undefined; }' is not assignable to type 'IntrinsicAttributes & { data: NumberPyramidData; }'.
  Property 'settings' does not exist on type 'IntrinsicAttributes & { data: NumberPyramidData; }'.
src/components/SheetRenderer.tsx(1439,67): error TS2322: Type '{ data: OddOneOutData; settings: StyleSettings | undefined; }' is not assignable to type 'IntrinsicAttributes & { data: OddOneOutData; }'.
  Property 'settings' does not exist on type 'IntrinsicAttributes & { data: OddOneOutData; }'.
src/components/SheetRenderer.tsx(1446,13): error TS2322: Type '{ data: NumberLogicRiddleData; settings: StyleSettings | undefined; }' is not assignable to type 'IntrinsicAttributes & { data: NumberLogicRiddleData; }'.
  Property 'settings' does not exist on type 'IntrinsicAttributes & { data: NumberLogicRiddleData; }'.
src/components/SheetRenderer.tsx(1452,79): error TS2322: Type '{ data: NumberPathLogicData; settings: StyleSettings | undefined; }' is not assignable to type 'IntrinsicAttributes & { data: NumberPathLogicData; }'.
  Property 'settings' does not exist on type 'IntrinsicAttributes & { data: NumberPathLogicData; }'.
src/components/SheetRenderer.tsx(1459,13): error TS2322: Type '{ data: VisualArithmeticData; settings: StyleSettings | undefined; }' is not assignable to type 'IntrinsicAttributes & { data: VisualArithmeticData; }'.
  Property 'settings' does not exist on type 'IntrinsicAttributes & { data: VisualArithmeticData; }'.
src/components/SheetRenderer.tsx(1465,73): error TS2322: Type '{ data: ClockReadingData; settings: StyleSettings | undefined; }' is not assignable to type 'IntrinsicAttributes & { data: ClockReadingData; }'.
  Property 'settings' does not exist on type 'IntrinsicAttributes & { data: ClockReadingData; }'.
src/components/SheetRenderer.tsx(1470,71): error TS2322: Type '{ data: NumberSenseData; settings: StyleSettings | undefined; }' is not assignable to type 'IntrinsicAttributes & { data: NumberSenseData; }'.
  Property 'settings' does not exist on type 'IntrinsicAttributes & { data: NumberSenseData; }'.
src/components/SheetRenderer.tsx(1475,75): error TS2322: Type '{ data: MoneyCountingData; settings: StyleSettings | undefined; }' is not assignable to type 'IntrinsicAttributes & { data: MoneyCountingData; }'.
  Property 'settings' does not exist on type 'IntrinsicAttributes & { data: MoneyCountingData; }'.
src/components/SheetRenderer.tsx(1480,79): error TS2322: Type '{ data: MathMemoryCardsData; settings: StyleSettings | undefined; }' is not assignable to type 'IntrinsicAttributes & { data: MathMemoryCardsData; }'.
  Property 'settings' does not exist on type 'IntrinsicAttributes & { data: MathMemoryCardsData; }'.
src/components/SheetRenderer.tsx(1485,71): error TS2322: Type '{ data: SpatialGridData; settings: StyleSettings | undefined; }' is not assignable to type 'IntrinsicAttributes & { data: SpatialGridData; }'.
  Property 'settings' does not exist on type 'IntrinsicAttributes & { data: SpatialGridData; }'.
src/components/SheetRenderer.tsx(1490,73): error TS2322: Type '{ data: ConceptMatchData; settings: StyleSettings | undefined; }' is not assignable to type 'IntrinsicAttributes & { data: ConceptMatchData; }'.
  Property 'settings' does not exist on type 'IntrinsicAttributes & { data: ConceptMatchData; }'.
src/components/SheetRenderer.tsx(1495,69): error TS2322: Type '{ data: EstimationData; settings: StyleSettings | undefined; }' is not assignable to type 'IntrinsicAttributes & { data: EstimationData; }'.
  Property 'settings' does not exist on type 'IntrinsicAttributes & { data: EstimationData; }'.
src/components/SheetRenderer.tsx(1500,69): error TS2322: Type '{ data: AbcConnectData; settings: StyleSettings | undefined; }' is not assignable to type 'IntrinsicAttributes & { data: AbcConnectData; }'.
  Property 'settings' does not exist on type 'IntrinsicAttributes & { data: AbcConnectData; }'.
src/components/SheetRenderer.tsx(1505,75): error TS2322: Type '{ data: OddEvenSudokuData; settings: StyleSettings | undefined; }' is not assignable to type 'IntrinsicAttributes & { data: OddEvenSudokuData; }'.
  Property 'settings' does not exist on type 'IntrinsicAttributes & { data: OddEvenSudokuData; }'.
src/components/SheetRenderer.tsx(1510,73): error TS2322: Type '{ data: MagicPyramidData; settings: StyleSettings | undefined; }' is not assignable to type 'IntrinsicAttributes & { data: MagicPyramidData; }'.
  Property 'settings' does not exist on type 'IntrinsicAttributes & { data: MagicPyramidData; }'.
src/components/SheetRenderer.tsx(1515,73): error TS2322: Type '{ data: NumberCapsuleData; settings: StyleSettings | undefined; }' is not assignable to type 'IntrinsicAttributes & { data: NumberCapsuleData; }'.
  Property 'settings' does not exist on type 'IntrinsicAttributes & { data: NumberCapsuleData; }'.
src/components/SheetRenderer.tsx(1520,69): error TS2322: Type '{ data: WordMemoryData; settings: StyleSettings | undefined; }' is not assignable to type 'IntrinsicAttributes & { data: WordMemoryData; }'.
  Property 'settings' does not exist on type 'IntrinsicAttributes & { data: WordMemoryData; }'.
src/components/SheetRenderer.tsx(1525,73): error TS2322: Type '{ data: VisualMemoryData; settings: StyleSettings | undefined; }' is not assignable to type 'IntrinsicAttributes & { data: VisualMemoryData; }'.
  Property 'settings' does not exist on type 'IntrinsicAttributes & { data: VisualMemoryData; }'.
src/components/SheetRenderer.tsx(1530,79): error TS2322: Type '{ data: CharacterMemoryData; settings: StyleSettings | undefined; }' is not assignable to type 'IntrinsicAttributes & { data: CharacterMemoryData; }'.
  Property 'settings' does not exist on type 'IntrinsicAttributes & { data: CharacterMemoryData; }'.
src/components/SheetRenderer.tsx(1535,75): error TS2322: Type '{ data: ColorWheelMemoryData; settings: StyleSettings | undefined; }' is not assignable to type 'IntrinsicAttributes & { data: ColorWheelMemoryData; }'.
  Property 'settings' does not exist on type 'IntrinsicAttributes & { data: ColorWheelMemoryData; }'.
src/components/SheetRenderer.tsx(1538,25): error TS2551: Property 'IMAGE_COMPREHENSION' does not exist on type 'typeof ActivityType'. Did you mean 'IMAGE_COMPREHRENSION'?
src/components/SheetRenderer.tsx(1542,13): error TS2322: Type '{ data: ImageComprehensionData; settings: StyleSettings | undefined; }' is not assignable to type 'IntrinsicAttributes & { data: ImageComprehensionData; }'.
  Property 'settings' does not exist on type 'IntrinsicAttributes & { data: ImageComprehensionData; }'.
src/components/SheetRenderer.tsx(1548,69): error TS2322: Type '{ data: StroopTestData; settings: StyleSettings | undefined; }' is not assignable to type 'IntrinsicAttributes & { data: StroopTestData; }'.
  Property 'settings' does not exist on type 'IntrinsicAttributes & { data: StroopTestData; }'.
src/components/SheetRenderer.tsx(1552,61): error TS2322: Type '{ data: any; settings: StyleSettings | undefined; }' is not assignable to type 'IntrinsicAttributes & { data: LetterGridTestData; }'.
  Property 'settings' does not exist on type 'IntrinsicAttributes & { data: LetterGridTestData; }'.
src/components/SheetRenderer.tsx(1556,77): error TS2322: Type '{ data: LetterGridTestData; settings: StyleSettings | undefined; }' is not assignable to type 'IntrinsicAttributes & { data: LetterGridTestData; }'.
  Property 'settings' does not exist on type 'IntrinsicAttributes & { data: LetterGridTestData; }'.
src/components/SheetRenderer.tsx(1561,73): error TS2322: Type '{ data: NumberSearchData; settings: StyleSettings | undefined; }' is not assignable to type 'IntrinsicAttributes & { data: NumberSearchData; }'.
  Property 'settings' does not exist on type 'IntrinsicAttributes & { data: NumberSearchData; }'.
src/components/SheetRenderer.tsx(1568,13): error TS2322: Type '{ data: ChaoticNumberSearchData; settings: StyleSettings | undefined; }' is not assignable to type 'IntrinsicAttributes & { data: ChaoticNumberSearchData; }'.
  Property 'settings' does not exist on type 'IntrinsicAttributes & { data: ChaoticNumberSearchData; }'.
src/components/SheetRenderer.tsx(1576,13): error TS2322: Type '{ data: AttentionDevelopmentData; settings: StyleSettings | undefined; }' is not assignable to type 'IntrinsicAttributes & { data: AttentionDevelopmentData; }'.
  Property 'settings' does not exist on type 'IntrinsicAttributes & { data: AttentionDevelopmentData; }'.
src/components/SheetRenderer.tsx(1582,77): error TS2322: Type '{ data: AttentionFocusData; settings: StyleSettings | undefined; }' is not assignable to type 'IntrinsicAttributes & { data: AttentionFocusData; }'.
  Property 'settings' does not exist on type 'IntrinsicAttributes & { data: AttentionFocusData; }'.
src/components/SheetRenderer.tsx(1585,25): error TS2339: Property 'FIND_DUPLICATE' does not exist on type 'typeof ActivityType'.
src/components/SheetRenderer.tsx(1587,75): error TS2322: Type '{ data: FindDuplicateData; settings: StyleSettings | undefined; }' is not assignable to type 'IntrinsicAttributes & { data: FindDuplicateData; }'.
  Property 'settings' does not exist on type 'IntrinsicAttributes & { data: FindDuplicateData; }'.
src/components/SheetRenderer.tsx(1592,77): error TS2322: Type '{ data: FindLetterPairData; settings: StyleSettings | undefined; }' is not assignable to type 'IntrinsicAttributes & { data: FindLetterPairData; }'.
  Property 'settings' does not exist on type 'IntrinsicAttributes & { data: FindLetterPairData; }'.
src/components/SheetRenderer.tsx(1597,73): error TS2322: Type '{ data: TargetSearchData; settings: StyleSettings | undefined; }' is not assignable to type 'IntrinsicAttributes & { data: TargetSearchData; }'.
  Property 'settings' does not exist on type 'IntrinsicAttributes & { data: TargetSearchData; }'.
src/components/SheetRenderer.tsx(1604,13): error TS2322: Type '{ data: SyllableMasterLabData; settings: StyleSettings | undefined; }' is not assignable to type 'IntrinsicAttributes & { data: SyllableMasterLabData; }'.
  Property 'settings' does not exist on type 'IntrinsicAttributes & { data: SyllableMasterLabData; }'.
src/components/SheetRenderer.tsx(1610,75): error TS2322: Type '{ data: ReadingSudokuData; settings: StyleSettings | undefined; }' is not assignable to type 'IntrinsicAttributes & { data: ReadingSudokuData; }'.
  Property 'settings' does not exist on type 'IntrinsicAttributes & { data: ReadingSudokuData; }'.
src/components/SheetRenderer.tsx(1615,75): error TS2322: Type '{ data: ReadingStroopData; settings: StyleSettings | undefined; }' is not assignable to type 'IntrinsicAttributes & { data: ReadingStroopData; }'.
  Property 'settings' does not exist on type 'IntrinsicAttributes & { data: ReadingStroopData; }'.
src/components/SheetRenderer.tsx(1622,13): error TS2322: Type '{ data: SynonymAntonymMatchData; settings: StyleSettings | undefined; }' is not assignable to type 'IntrinsicAttributes & { data: SynonymAntonymMatchData; }'.
  Property 'settings' does not exist on type 'IntrinsicAttributes & { data: SynonymAntonymMatchData; }'.
src/components/SheetRenderer.tsx(1630,13): error TS2322: Type '{ data: SyllableWordBuilderData; settings: StyleSettings | undefined; }' is not assignable to type 'IntrinsicAttributes & { data: SyllableWordBuilderData; }'.
  Property 'settings' does not exist on type 'IntrinsicAttributes & { data: SyllableWordBuilderData; }'.
src/components/SheetRenderer.tsx(1638,13): error TS2322: Type '{ data: LetterVisualMatchingData; settings: StyleSettings | undefined; }' is not assignable to type 'IntrinsicAttributes & { data: LetterVisualMatchingData; }'.
  Property 'settings' does not exist on type 'IntrinsicAttributes & { data: LetterVisualMatchingData; }'.
src/components/SheetRenderer.tsx(1644,79): error TS2322: Type '{ data: FamilyRelationsData; settings: StyleSettings | undefined; }' is not assignable to type 'IntrinsicAttributes & { data: FamilyRelationsData; }'.
  Property 'settings' does not exist on type 'IntrinsicAttributes & { data: FamilyRelationsData; }'.
src/components/SheetRenderer.tsx(1649,75): error TS2322: Type '{ data: FamilyLogicTestData; settings: StyleSettings | undefined; }' is not assignable to type 'IntrinsicAttributes & { data: FamilyLogicTestData; }'.
  Property 'settings' does not exist on type 'IntrinsicAttributes & { data: FamilyLogicTestData; }'.
src/components/SheetRenderer.tsx(1656,13): error TS2322: Type '{ data: MorphologyMatrixData; settings: StyleSettings | undefined; }' is not assignable to type 'IntrinsicAttributes & { data: MorphologyMatrixData; }'.
  Property 'settings' does not exist on type 'IntrinsicAttributes & { data: MorphologyMatrixData; }'.
src/components/SheetRenderer.tsx(1667,71): error TS2322: Type '{ data: ReadingFlowData; settings: StyleSettings | undefined; }' is not assignable to type 'IntrinsicAttributes & { data: ReadingFlowData; }'.
  Property 'settings' does not exist on type 'IntrinsicAttributes & { data: ReadingFlowData; }'.
src/components/SheetRenderer.tsx(1674,13): error TS2322: Type '{ data: PhonologicalAwarenessData; settings: StyleSettings | undefined; }' is not assignable to type 'IntrinsicAttributes & { data: PhonologicalAwarenessData; }'.
  Property 'settings' does not exist on type 'IntrinsicAttributes & { data: PhonologicalAwarenessData; }'.
src/components/SheetRenderer.tsx(1680,71): error TS2322: Type '{ data: RapidNamingData; settings: StyleSettings | undefined; }' is not assignable to type 'IntrinsicAttributes & { data: RapidNamingData; }'.
  Property 'settings' does not exist on type 'IntrinsicAttributes & { data: RapidNamingData; }'.
src/components/SheetRenderer.tsx(1687,13): error TS2322: Type '{ data: LetterDiscriminationData; settings: StyleSettings | undefined; }' is not assignable to type 'IntrinsicAttributes & { data: LetterDiscriminationData; }'.
  Property 'settings' does not exist on type 'IntrinsicAttributes & { data: LetterDiscriminationData; }'.
src/components/SheetRenderer.tsx(1693,75): error TS2322: Type '{ data: MirrorLettersData; settings: StyleSettings | undefined; }' is not assignable to type 'IntrinsicAttributes & { data: MirrorLettersData; }'.
  Property 'settings' does not exist on type 'IntrinsicAttributes & { data: MirrorLettersData; }'.
src/components/SheetRenderer.tsx(1698,75): error TS2322: Type '{ data: SyllableTrainData; settings: StyleSettings | undefined; }' is not assignable to type 'IntrinsicAttributes & { data: SyllableTrainData; }'.
  Property 'settings' does not exist on type 'IntrinsicAttributes & { data: SyllableTrainData; }'.
src/components/SheetRenderer.tsx(1705,13): error TS2322: Type '{ data: VisualTrackingLineData; settings: StyleSettings | undefined; }' is not assignable to type 'IntrinsicAttributes & { data: VisualTrackingLineData; }'.
  Property 'settings' does not exist on type 'IntrinsicAttributes & { data: VisualTrackingLineData; }'.
src/components/SheetRenderer.tsx(1713,13): error TS2322: Type '{ data: BackwardSpellingData; settings: StyleSettings | undefined; }' is not assignable to type 'IntrinsicAttributes & { data: BackwardSpellingData; }'.
  Property 'settings' does not exist on type 'IntrinsicAttributes & { data: BackwardSpellingData; }'.
src/components/SheetRenderer.tsx(1719,71): error TS2322: Type '{ data: CodeReadingData; settings: StyleSettings | undefined; }' is not assignable to type 'IntrinsicAttributes & { data: CodeReadingData; }'.
  Property 'settings' does not exist on type 'IntrinsicAttributes & { data: CodeReadingData; }'.
src/components/SheetRenderer.tsx(1726,13): error TS2322: Type '{ data: AttentionToQuestionData; settings: StyleSettings | undefined; }' is not assignable to type 'IntrinsicAttributes & { data: AttentionToQuestionData; }'.
  Property 'settings' does not exist on type 'IntrinsicAttributes & { data: AttentionToQuestionData; }'.
src/components/SheetRenderer.tsx(1734,13): error TS2322: Type '{ data: HandwritingPracticeData; settings: StyleSettings | undefined; }' is not assignable to type 'IntrinsicAttributes & { data: HandwritingPracticeData; }'.
  Property 'settings' does not exist on type 'IntrinsicAttributes & { data: HandwritingPracticeData; }'.
src/components/SheetRenderer.tsx(1740,75): error TS2322: Type '{ data: MapInstructionData; settings: StyleSettings | undefined; }' is not assignable to type 'IntrinsicAttributes & { data: MapInstructionData; }'.
  Property 'settings' does not exist on type 'IntrinsicAttributes & { data: MapInstructionData; }'.
src/components/SheetRenderer.tsx(1744,60): error TS2322: Type '{ data: any; settings: StyleSettings | undefined; }' is not assignable to type 'IntrinsicAttributes & Props'.
  Property 'settings' does not exist on type 'IntrinsicAttributes & Props'.
src/components/SheetRenderer.tsx(1750,70): error TS2304: Cannot find name 'StoryAnalysisData'.
src/components/SheetRenderer.tsx(1753,72): error TS2304: Cannot find name 'StorySequencingData'.
src/components/SheetRenderer.tsx(1756,77): error TS2304: Cannot find name 'MissingPartsData'.
src/components/SheetRenderer.tsx(1758,12): error TS2678: Type 'ActivityType.INFOGRAPHIC_SHORT_ANSWER' is not comparable to type 'ActivityType.HECE_PARKURU | ActivityType.FIND_LETTER_PAIR | ActivityType.READING_SUDOKU | ActivityType.SYLLABLE_MASTER_LAB | ActivityType.READING_STROOP | ActivityType.FAMILY_RELATIONS | ... 235 more ... | null'.
src/components/SheetRenderer.tsx(1759,43): error TS2739: Type '{}' is missing the following properties from type 'ShortAnswerData': title, questions
src/components/SheetRenderer.tsx(1762,74): error TS2322: Type '{ data: any; settings: StyleSettings | undefined; }' is not assignable to type 'IntrinsicAttributes & Props'.
  Property 'settings' does not exist on type 'IntrinsicAttributes & Props'.
src/components/SheetRenderer.tsx(1765,67): error TS2322: Type '{ data: any; settings: StyleSettings | undefined; }' is not assignable to type 'IntrinsicAttributes & Props'.
  Property 'settings' does not exist on type 'IntrinsicAttributes & Props'.
src/components/SheetRenderer.tsx(1768,65): error TS2322: Type '{ data: any; settings: StyleSettings | undefined; }' is not assignable to type 'IntrinsicAttributes & Props'.
  Property 'settings' does not exist on type 'IntrinsicAttributes & Props'.
src/components/SheetRenderer.tsx(1771,66): error TS2322: Type '{ data: any; settings: StyleSettings | undefined; }' is not assignable to type 'IntrinsicAttributes & Props'.
  Property 'settings' does not exist on type 'IntrinsicAttributes & Props'.
src/components/SheetRenderer.tsx(1774,73): error TS2322: Type '{ data: any; settings: StyleSettings | undefined; }' is not assignable to type 'IntrinsicAttributes & Props'.
  Property 'settings' does not exist on type 'IntrinsicAttributes & Props'.
src/components/SheetRenderer.tsx(1777,67): error TS2322: Type '{ data: any; settings: StyleSettings | undefined; }' is not assignable to type 'IntrinsicAttributes & Props'.
  Property 'settings' does not exist on type 'IntrinsicAttributes & Props'.
src/components/SheetRenderer.tsx(1797,71): error TS2322: Type '{ data: GridDrawingData; settings: StyleSettings | undefined; }' is not assignable to type 'IntrinsicAttributes & { data: GridDrawingData; }'.
  Property 'settings' does not exist on type 'IntrinsicAttributes & { data: GridDrawingData; }'.
src/components/SheetRenderer.tsx(1802,79): error TS2322: Type '{ data: SymmetryDrawingData; settings: StyleSettings | undefined; }' is not assignable to type 'IntrinsicAttributes & { data: SymmetryDrawingData; }'.
  Property 'settings' does not exist on type 'IntrinsicAttributes & { data: SymmetryDrawingData; }'.
src/components/SheetRenderer.tsx(1822,13): error TS2322: Type '{ data: HiddenPasswordGridData; settings: StyleSettings | undefined; }' is not assignable to type 'IntrinsicAttributes & { data: HiddenPasswordGridData; }'.
  Property 'settings' does not exist on type 'IntrinsicAttributes & { data: HiddenPasswordGridData; }'.
src/components/SheetRenderer.tsx(1828,69): error TS2322: Type '{ data: WordSearchData; settings: StyleSettings | undefined; }' is not assignable to type 'IntrinsicAttributes & { data: WordSearchData; }'.
  Property 'settings' does not exist on type 'IntrinsicAttributes & { data: WordSearchData; }'.
src/components/SheetRenderer.tsx(1835,78): error TS2322: Type '{ data: AnagramsData; settings: StyleSettings | undefined; }' is not assignable to type 'IntrinsicAttributes & { data: AnagramsData; }'.
  Property 'settings' does not exist on type 'IntrinsicAttributes & { data: AnagramsData; }'.
src/components/SheetRenderer.tsx(1839,67): error TS2322: Type '{ data: CrosswordData; settings: StyleSettings | undefined; }' is not assignable to type 'IntrinsicAttributes & { data: CrosswordData; }'.
  Property 'settings' does not exist on type 'IntrinsicAttributes & { data: CrosswordData; }'.
src/components/SheetRenderer.tsx(1843,58): error TS2322: Type '{ data: any; settings: StyleSettings | undefined; }' is not assignable to type 'IntrinsicAttributes & { data: BoxMathData; }'.
  Property 'settings' does not exist on type 'IntrinsicAttributes & { data: BoxMathData; }'.
src/components/SheetRenderer.tsx(1846,64): error TS2322: Type 'StyleSettings | undefined' is not assignable to type '{ showAnswers?: boolean | undefined; theme?: "indigo" | "rose" | "emerald" | "amber" | "blue" | "purple" | undefined; iconStyle?: "avatar" | "minimal" | "geometric" | "emoji" | undefined; ... 8 more ...; headerStyle?: "minimal" | ... 2 more ... | undefined; }'.
  Type 'undefined' is not assignable to type '{ showAnswers?: boolean | undefined; theme?: "indigo" | "rose" | "emerald" | "amber" | "blue" | "purple" | undefined; iconStyle?: "avatar" | "minimal" | "geometric" | "emoji" | undefined; ... 8 more ...; headerStyle?: "minimal" | ... 2 more ... | undefined; }'.
src/components/SheetRenderer.tsx(1848,12): error TS2678: Type 'ActivityType.VISUAL_INTERPRETATION' is not comparable to type 'ActivityType.HECE_PARKURU | ActivityType.FIND_LETTER_PAIR | ActivityType.READING_SUDOKU | ActivityType.SYLLABLE_MASTER_LAB | ActivityType.READING_STROOP | ActivityType.FAMILY_RELATIONS | ... 235 more ... | null'.
src/components/SheetRenderer.tsx(1849,71): error TS2322: Type 'StyleSettings | undefined' is not assignable to type 'StyleSettings'.
  Type 'undefined' is not assignable to type 'StyleSettings'.
src/components/SheetRenderer.tsx(1862,36): error TS2322: Type 'SingleWorksheetData' is not assignable to type '{ instruction?: string | undefined; items?: LetterConnectItem[] | undefined; pedagogicalNote?: string | undefined; difficulty?: string | undefined; }'.
  Types of property 'items' are incompatible.
    Type 'Record<string, unknown>[] | undefined' is not assignable to type 'LetterConnectItem[] | undefined'.
      Type 'Record<string, unknown>[]' is not assignable to type 'LetterConnectItem[]'.
        Property 'id' is missing in type 'Record<string, unknown>' but required in type 'LetterConnectItem'.
src/components/SheetRenderer.tsx(1864,32): error TS2322: Type 'SingleWorksheetData' is not assignable to type 'HarfBaglamaData'.
  Types of property 'items' are incompatible.
    Type 'Record<string, unknown>[] | undefined' is not assignable to type 'HarfBaglamaDataItem[]'.
      Type 'undefined' is not assignable to type 'HarfBaglamaDataItem[]'.
src/components/sheets/verbal/AdvancedMissingPartsSheet.tsx(8,3): error TS2305: Module '"lucide-react"' has no exported member 'Lightbulb'.
src/components/sheets/verbal/AdvancedMissingPartsSheet.tsx(11,3): error TS2305: Module '"lucide-react"' has no exported member 'Timer'.
src/components/sheets/verbal/AdvancedMissingPartsSheet.tsx(14,3): error TS2305: Module '"lucide-react"' has no exported member 'Zap'.
src/components/sheets/verbal/AdvancedMissingPartsSheet.tsx(16,3): error TS2305: Module '"lucide-react"' has no exported member 'Heart'.
src/components/sheets/verbal/AdvancedMissingPartsSheet.tsx(17,3): error TS2305: Module '"lucide-react"' has no exported member 'Trophy'.
src/components/sheets/verbal/MissingPartsSheet.tsx(17,77): error TS2339: Property 'length' does not exist on type '{ words: string[]; categories?: string[] | undefined; showCategories: boolean; randomOrder: boolean; }'.
src/components/sheets/verbal/MissingPartsSheet.tsx(26,43): error TS2339: Property 'map' does not exist on type '{ words: string[]; categories?: string[] | undefined; showCategories: boolean; randomOrder: boolean; }'.
src/components/sheets/verbal/MissingPartsSheet.tsx(26,48): error TS7006: Parameter 'word' implicitly has an 'any' type.
src/components/sheets/verbal/MissingPartsSheet.tsx(26,54): error TS7006: Parameter 'i' implicitly has an 'any' type.
src/components/sheets/visual/DirectionalCodeReadingSheet.tsx(198,35): error TS18046: 's' is of type 'unknown'.
src/components/sheets/visual/DirectionalCodeReadingSheet.tsx(199,125): error TS18046: 's' is of type 'unknown'.
src/components/sheets/visual/DirectionalCodeReadingSheet.tsx(200,114): error TS18046: 's' is of type 'unknown'.
src/components/sheets/visual/DirectionalTrackingSheet.tsx(48,19): error TS18046: 's' is of type 'unknown'.
src/components/sheets/visual/DirectionalTrackingSheet.tsx(49,76): error TS18046: 's' is of type 'unknown'.
src/components/sheets/visual/DirectionalTrackingSheet.tsx(50,65): error TS18046: 's' is of type 'unknown'.
src/components/sheets/visual/DirectionalTrackingSheet.tsx(300,20): error TS18046: 's' is of type 'unknown'.
src/components/sheets/visual/DirectionalTrackingSheet.tsx(304,18): error TS18046: 's' is of type 'unknown'.
src/components/sheets/visual/DirectionalTrackingSheet.tsx(307,18): error TS18046: 's' is of type 'unknown'.
src/components/sheets/visual/DirectionalTrackingSheet.tsx(360,17): error TS2322: Type 'unknown' is not assignable to type 'Key | null | undefined'.
src/components/sheets/visual/FindTheDifferenceSheet.tsx(205,64): error TS2339: Property 'includeClinicalNotes' does not exist on type 'StyleSettings'.
src/components/sheets/visual/PatternCompletionSheet.tsx(3,10): error TS2459: Module '"../../../types/core"' declares 'ShapeType' locally, but it is not exported.
src/components/sheets/visual/PatternCompletionSheet.tsx(15,33): error TS2339: Property 'puzzles' does not exist on type '{ title: string; instruction: string; matrix: PatternCell[]; options: { id: string; isCorrect: boolean; cell: PatternCell; }[]; }'.
src/components/sheets/visual/PatternCompletionSheet.tsx(26,63): error TS2339: Property 'compactLayout' does not exist on type '{ difficulty: "orta" | "├ğok kolay" | "kolay" | "zor"; patternType: "geometric" | "color_blocks" | "logic_sequence"; gridSize: number; }'.
src/components/sheets/visual/PatternCompletionSheet.tsx(115,25): error TS7006: Parameter 'pz' implicitly has an 'any' type.
src/components/sheets/visual/PatternCompletionSheet.tsx(115,29): error TS7006: Parameter 'index' implicitly has an 'any' type.
src/components/sheets/visual/PatternCompletionSheet.tsx(126,54): error TS2339: Property 'showNumbers' does not exist on type '{ difficulty: "orta" | "├ğok kolay" | "kolay" | "zor"; patternType: "geometric" | "color_blocks" | "logic_sequence"; gridSize: number; }'.
src/components/Student/modules/AdvancedStudentForm.tsx(3,10): error TS2614: Module '"../../../services/privacyService"' has no exported member 'PrivacyService'. Did you mean to use 'import PrivacyService from "../../../services/privacyService"' instead?
src/components/Student/modules/AdvancedStudentForm.tsx(89,42): error TS2345: Argument of type 'unknown' is not assignable to parameter of type 'Record<string, unknown> | undefined'.
src/components/Student/modules/AdvancedStudentForm.tsx(234,18): error TS18046: 's' is of type 'unknown'.
src/components/Student/modules/AdvancedStudentForm.tsx(236,36): error TS18046: 's' is of type 'unknown'.
src/components/Student/modules/AdvancedStudentForm.tsx(241,39): error TS18046: 's' is of type 'unknown'.
src/components/Student/modules/AdvancedStudentForm.tsx(246,41): error TS18046: 's' is of type 'unknown'.
src/components/Student/modules/AdvancedStudentForm.tsx(250,39): error TS18046: 's' is of type 'unknown'.
src/components/Student/modules/AdvancedStudentForm.tsx(252,16): error TS18046: 's' is of type 'unknown'.
src/components/Student/modules/AIInsightsModule.tsx(4,28): error TS2305: Module '"../../../services/aiStudentService"' has no exported member 'CognitiveProfileResult'.
src/components/Student/modules/AIInsightsModule.tsx(16,47): error TS2339: Property 'generateCognitiveInsight' does not exist on type '{ generateIEPGoals: (student: AdvancedStudent) => Promise<any>; generateNeuroInsights: (student: AdvancedStudent) => Promise<any>; }'.
src/components/Student/modules/AIInsightsModule.tsx(19,49): error TS2345: Argument of type 'unknown' is not assignable to parameter of type 'Record<string, unknown> | undefined'.
src/components/Student/modules/AIInsightsModule.tsx(66,38): error TS7006: Parameter 'str' implicitly has an 'any' type.
src/components/Student/modules/AIInsightsModule.tsx(66,43): error TS7006: Parameter 'idx' implicitly has an 'any' type.
src/components/Student/modules/AIInsightsModule.tsx(96,31): error TS7006: Parameter 'item' implicitly has an 'any' type.
src/components/Student/modules/AIInsightsModule.tsx(96,37): error TS7006: Parameter 'i' implicitly has an 'any' type.
src/components/Student/modules/AIInsightsModule.tsx(123,31): error TS7006: Parameter 'step' implicitly has an 'any' type.
src/components/Student/modules/AIInsightsModule.tsx(123,37): error TS7006: Parameter 'i' implicitly has an 'any' type.
src/components/Student/modules/IEPModule.tsx(73,15): error TS2739: Type '{ id: `${string}-${string}-${string}-${string}-${string}`; title: string; description: string; category: "academic" | "behavioral" | "social" | "motor" | "speech"; status: "not_started"; progress: number; ... 5 more ...; reviews: never[]; }' is missing the following properties from type 'IEPGoal': baseline, shortTermObjective, successCriteria
src/components/Student/modules/IEPModule.tsx(459,76): error TS2345: Argument of type 'unknown' is not assignable to parameter of type 'Record<string, unknown> | undefined'.
src/components/Student/modules/OverviewModule.tsx(148,13): error TS2322: Type 'number[]' is not assignable to type 'DataPoint[]'.
  Type 'number' is not assignable to type 'DataPoint'.
src/components/Student/modules/PortfolioModule.tsx(89,31): error TS18046: 's' is of type 'unknown'.
src/components/Student/modules/PortfolioModule.tsx(90,69): error TS18046: 's' is of type 'unknown'.
src/components/Student/modules/PortfolioModule.tsx(90,91): error TS18046: 's' is of type 'unknown'.
src/components/Student/modules/PortfolioModule.tsx(90,114): error TS18046: 's' is of type 'unknown'.
src/components/Student/modules/PortfolioModule.tsx(91,55): error TS18046: 's' is of type 'unknown'.
src/components/Student/modules/PortfolioModule.tsx(94,117): error TS18046: 's' is of type 'unknown'.
src/components/Student/modules/PortfolioModule.tsx(95,111): error TS18046: 's' is of type 'unknown'.
src/components/Student/StudentSelector.tsx(37,41): error TS2345: Argument of type 'unknown' is not assignable to parameter of type 'Record<string, unknown> | undefined'.
src/components/SuperStudio/components/ConfiguratorCascade.tsx(31,48): error TS2345: Argument of type 'unknown' is not assignable to parameter of type 'Record<string, unknown> | undefined'.
src/components/UniversalStudio/UniversalAdapter.ts(42,37): error TS18046: 's' is of type 'unknown'.
src/components/UniversalStudio/UniversalAdapter.ts(292,9): error TS18046: 'items' is of type 'unknown'.
src/components/UniversalStudio/UniversalCanvas.tsx(49,48): error TS2345: Argument of type '{}' is not assignable to parameter of type 'string'.
src/components/UniversalStudio/UniversalCanvas.tsx(305,19): error TS2352: Conversion of type 'number' to type 'string' may be a mistake because neither type sufficiently overlaps with the other. If this was intentional, convert the expression to 'unknown' first.
src/components/UniversalWorksheetViewer/hooks/useCloudStorage.ts(183,54): error TS2345: Argument of type 'unknown' is not assignable to parameter of type 'Record<string, unknown> | undefined'.
src/components/UniversalWorksheetViewer/hooks/useCloudStorage.ts(210,49): error TS2345: Argument of type 'unknown' is not assignable to parameter of type 'Record<string, unknown> | undefined'.
src/components/UniversalWorksheetViewer/hooks/useCloudStorage.ts(228,53): error TS2345: Argument of type 'unknown' is not assignable to parameter of type 'Record<string, unknown> | undefined'.
src/components/UniversalWorksheetViewer/UniversalWorksheetViewer.tsx(322,13): error TS2322: Type '(block: WorksheetContentBlock) => void' is not assignable to type '(block: Omit<WorksheetContentBlock, "id">) => void'.
  Types of parameters 'block' and 'block' are incompatible.
    Property 'id' is missing in type 'Omit<WorksheetContentBlock, "id">' but required in type 'WorksheetContentBlock'.
src/components/VariationResultsView.tsx(196,19): error TS2322: Type 'unknown' is not assignable to type 'ReactNode'.
src/components/WorkbookAI.tsx(12,36): error TS2305: Module '"lucide-react"' has no exported member 'Loader'.
src/components/WorkbookAI.tsx(12,44): error TS2305: Module '"lucide-react"' has no exported member 'AlertTriangle'.
src/components/WorkbookAI.tsx(16,31): error TS2459: Module '"../types/core"' declares 'StyleSettings' locally, but it is not exported.
src/components/WorkbookAI.tsx(141,21): error TS18046: 's' is of type 'unknown'.
src/components/WorkbookAI.tsx(142,24): error TS18046: 's' is of type 'unknown'.
src/components/WorkbookAI.tsx(143,23): error TS18046: 's' is of type 'unknown'.
src/components/WorkbookAI.tsx(174,16): error TS2345: Argument of type 'unknown' is not assignable to parameter of type 'string | AppError | Error'.
src/components/WorkbookAI.tsx(184,42): error TS18046: 's' is of type 'unknown'.
src/components/WorkbookAI.tsx(184,69): error TS2698: Spread types may only be created from object types.
src/components/WorkbookAI.tsx(187,44): error TS2345: Argument of type 'unknown' is not assignable to parameter of type 'Record<string, unknown> | undefined'.
src/components/WorkbookAI.tsx(193,40): error TS18046: 's' is of type 'unknown'.
src/components/WorkbookAI.tsx(193,66): error TS2698: Spread types may only be created from object types.
src/components/WorkbookAI.tsx(260,51): error TS18046: 's' is of type 'unknown'.
src/components/WorkbookAI.tsx(266,51): error TS18046: 's' is of type 'unknown'.
src/components/WorkbookAI.tsx(272,51): error TS18046: 's' is of type 'unknown'.
src/components/WorkbookLibrary.tsx(12,18): error TS2305: Module '"lucide-react"' has no exported member 'Grid'.
src/components/WorkbookLibrary.tsx(12,24): error TS2305: Module '"lucide-react"' has no exported member 'List'.
src/components/WorkbookLibrary.tsx(12,44): error TS2305: Module '"lucide-react"' has no exported member 'Copy'.
src/components/WorkbookView.tsx(365,53): error TS2345: Argument of type 'Error' is not assignable to parameter of type 'Record<string, unknown>'.
  Index signature for type 'string' is missing in type 'Error'.
src/components/WorkbookView.tsx(401,21): error TS2345: Argument of type '(prev: Record<string, unknown>) => { studentName: any; schoolName: any; }' is not assignable to parameter of type 'SetStateAction<WorkbookSettings>'.
  Type '(prev: Record<string, unknown>) => { studentName: any; schoolName: any; }' is not assignable to type '(prevState: WorkbookSettings) => WorkbookSettings'.
    Types of parameters 'prev' and 'prevState' are incompatible.
      Type 'WorkbookSettings' is not assignable to type 'Record<string, unknown>'.
        Index signature for type 'string' is missing in type 'WorkbookSettings'.
src/constants.ts(394,5): error TS2353: Object literal may only specify known properties, and 'categories' does not exist in type 'Activity'.
src/data/dummyData.ts(30,9): error TS2739: Type '{ id: string; category: "academic"; title: string; description: string; targetDate: string; status: "in_progress"; progress: number; priority: "high"; strategies: string[]; resources: string[]; evaluationMethod: "test"; reviews: never[]; }' is missing the following properties from type 'IEPGoal': baseline, shortTermObjective, successCriteria
src/hooks/useActivitySettings.ts(25,83): error TS2345: Argument of type 'unknown' is not assignable to parameter of type 'Record<string, unknown> | undefined'.
src/hooks/useActivitySettings.ts(39,52): error TS2345: Argument of type 'unknown' is not assignable to parameter of type 'Record<string, unknown> | undefined'.
src/hooks/useAmbientLight.ts(72,50): error TS2345: Argument of type 'string' is not assignable to parameter of type 'Record<string, unknown>'.
src/hooks/useAmbientLight.ts(81,63): error TS2345: Argument of type 'unknown' is not assignable to parameter of type 'Record<string, unknown> | undefined'.
src/hooks/useAuditLog.ts(2,43): error TS2305: Module '"../types/admin"' has no exported member 'UserRoleType'.
src/modules/activities/letter-maze-test/types.ts(1,34): error TS2307: Cannot find module '../../common' or its corresponding type declarations.
src/pages/LandingPage.tsx(3,23): error TS2305: Module '"lucide-react"' has no exported member 'Zap'.
src/pages/LandingPage.tsx(3,63): error TS2305: Module '"lucide-react"' has no exported member 'ArrowRight'.
src/pages/LandingPage.tsx(3,75): error TS2724: '"lucide-react"' has no exported member named 'CheckCircle2'. Did you mean 'CheckCircle'?
src/pages/LoginPage.tsx(5,10): error TS2305: Module '"lucide-react"' has no exported member 'Mail'.
src/pages/LoginPage.tsx(5,16): error TS2724: '"lucide-react"' has no exported member named 'Lock'. Did you mean 'Clock'?
src/pages/LoginPage.tsx(5,22): error TS2724: '"lucide-react"' has no exported member named 'User'. Did you mean 'Users'?
src/pages/LoginPage.tsx(5,38): error TS2305: Module '"lucide-react"' has no exported member 'ArrowRight'.
src/pages/LoginPage.tsx(5,50): error TS2305: Module '"lucide-react"' has no exported member 'Loader2'.
src/pages/LoginPage.tsx(5,59): error TS2305: Module '"lucide-react"' has no exported member 'Github'.
src/pages/LoginPage.tsx(5,67): error TS2724: '"lucide-react"' has no exported member named 'Chrome'. Did you mean 'Home'?
src/pages/PricingPage.tsx(3,10): error TS2305: Module '"lucide-react"' has no exported member 'Check'.
src/pages/PricingPage.tsx(3,20): error TS2305: Module '"lucide-react"' has no exported member 'ArrowRight'.
src/pages/PricingPage.tsx(3,32): error TS2305: Module '"lucide-react"' has no exported member 'Zap'.
src/registry.ts(184,9): error TS2322: Type 'number' is not assignable to type '"medium" | "small" | "large" | "xl" | undefined'.
src/services/activityStudioContentService.ts(86,37): error TS2339: Property 'pedagogicalNote' does not exist on type 'AgentOutput'.
src/services/activityStudioEnhancementService.ts(67,40): error TS2339: Property 'pedagogicalNote' does not exist on type 'AgentOutput'.
src/services/aiContentService.ts(175,48): error TS2345: Argument of type 'unknown' is not assignable to parameter of type 'Record<string, unknown> | undefined'.
src/services/aiStudentService.ts(21,26): error TS2339: Property 'diagnosisContext' does not exist on type 'AdvancedStudent'.
src/services/aiStudentService.ts(69,39): error TS2345: Argument of type 'unknown' is not assignable to parameter of type 'Record<string, unknown> | undefined'.
src/services/aiStudentService.ts(86,46): error TS2339: Property 'progressNotes' does not exist on type 'AdvancedStudent'.
src/services/aiStudentService.ts(127,44): error TS2345: Argument of type 'unknown' is not assignable to parameter of type 'Record<string, unknown> | undefined'.
src/services/aiWorksheetService.ts(425,38): error TS2339: Property 'name' does not exist on type '(SingleWorksheetData | undefined)[]'.
src/services/aiWorksheetService.ts(425,46): error TS18047: 'worksheet' is possibly 'null'.
src/services/aiWorksheetService.ts(425,56): error TS2339: Property 'name' does not exist on type 'SingleWorksheetData[]'.
src/services/aiWorksheetService.ts(426,45): error TS2339: Property 'description' does not exist on type '(SingleWorksheetData | undefined)[]'.
src/services/aiWorksheetService.ts(426,60): error TS18047: 'worksheet' is possibly 'null'.
src/services/aiWorksheetService.ts(426,70): error TS2339: Property 'description' does not exist on type 'SingleWorksheetData[]'.
src/services/aiWorksheetService.ts(427,58): error TS2339: Property 'activities' does not exist on type '(SingleWorksheetData | undefined)[]'.
src/services/aiWorksheetService.ts(428,35): error TS2339: Property 'activities' does not exist on type '(SingleWorksheetData | undefined)[]'.
src/services/aiWorksheetService.ts(429,13): error TS18047: 'worksheet' is possibly 'null'.
src/services/aiWorksheetService.ts(429,23): error TS2339: Property 'activities' does not exist on type 'SingleWorksheetData[]'.
src/services/assessmentService.ts(64,53): error TS2345: Argument of type 'unknown' is not assignable to parameter of type 'Record<string, unknown> | undefined'.
src/services/assessmentService.ts(94,61): error TS2345: Argument of type 'unknown' is not assignable to parameter of type 'Record<string, unknown> | undefined'.
src/services/assessmentService.ts(155,60): error TS2345: Argument of type 'unknown' is not assignable to parameter of type 'Record<string, unknown> | undefined'.
src/services/assessmentService.ts(167,93): error TS2345: Argument of type 'unknown' is not assignable to parameter of type 'Record<string, unknown> | undefined'.
src/services/assignmentService.ts(29,5): error TS2345: Argument of type '(payload: CreateAssignmentPayload, assignedBy: string) => Promise<ActivityAssignment[]>' is not assignable to parameter of type '(...args: unknown[]) => Promise<unknown>'.
  Types of parameters 'payload' and 'args' are incompatible.
    Type 'unknown' is not assignable to type 'CreateAssignmentPayload'.
src/services/assignmentService.ts(75,5): error TS2345: Argument of type '(teacherId: string) => Promise<ActivityAssignment[]>' is not assignable to parameter of type '(...args: unknown[]) => Promise<unknown>'.
  Types of parameters 'teacherId' and 'args' are incompatible.
    Type 'unknown' is not assignable to type 'string'.
src/services/assignmentService.ts(95,5): error TS2345: Argument of type '(studentId: string) => Promise<ActivityAssignment[]>' is not assignable to parameter of type '(...args: unknown[]) => Promise<unknown>'.
  Types of parameters 'studentId' and 'args' are incompatible.
    Type 'unknown' is not assignable to type 'string'.
src/services/assignmentService.ts(115,5): error TS2345: Argument of type '(assignmentId: string, payload: AssignmentUpdatePayload) => Promise<void>' is not assignable to parameter of type '(...args: unknown[]) => Promise<unknown>'.
  Types of parameters 'assignmentId' and 'args' are incompatible.
    Type 'unknown' is not assignable to type 'string'.
src/services/cacheService.ts(57,53): error TS2345: Argument of type 'unknown' is not assignable to parameter of type 'Record<string, unknown> | undefined'.
src/services/cacheService.ts(74,37): error TS2345: Argument of type 'unknown' is not assignable to parameter of type 'Record<string, unknown> | undefined'.
src/services/cacheService.ts(91,36): error TS2345: Argument of type 'unknown' is not assignable to parameter of type 'Record<string, unknown> | undefined'.
src/services/generators/ActivityService.ts(7,37): error TS2307: Cannot find module './infographicGenerator' or its corresponding type declarations.
src/services/generators/ActivityService.ts(77,85): error TS2307: Cannot find module '../offlineGenerators/infographic' or its corresponding type declarations.
src/services/generators/ActivityService.ts(82,77): error TS2307: Cannot find module '../offlineGenerators/infographic' or its corresponding type declarations.
src/services/generators/assessment.ts(87,54): error TS2345: Argument of type 'unknown' is not assignable to parameter of type 'Record<string, unknown> | undefined'.
src/services/generators/brainTeasers.ts(70,3): error TS2322: Type 'WorksheetData | WorksheetData[]' is not assignable to type 'WorksheetData'.
  Type 'WorksheetData[]' is not assignable to type 'WorksheetData'.
    Type 'WorksheetData' is not assignable to type 'SingleWorksheetData'.
      Type 'null' is not assignable to type 'SingleWorksheetData'.
src/services/generators/core/BaseGenerator.ts(34,71): error TS2345: Argument of type 'unknown' is not assignable to parameter of type 'Record<string, unknown> | undefined'.
src/services/generators/core/SmartFallbackGenerator.ts(106,6): error TS2339: Property 'addPedagogicalNote' does not exist on type 'WorksheetBuilder'.
src/services/generators/index.ts(29,15): error TS2307: Cannot find module './infographicShortAnswer' or its corresponding type declarations.
src/services/generators/offline/abcConnect.ts(24,25): error TS18048: 'worksheetCount' is possibly 'undefined'.
src/services/generators/offline/capsuleGame.ts(17,25): error TS18048: 'worksheetCount' is possibly 'undefined'.
src/services/generators/offline/futoshiki.ts(51,25): error TS18048: 'worksheetCount' is possibly 'undefined'.
src/services/generators/offline/magicPyramid.ts(14,25): error TS18048: 'worksheetCount' is possibly 'undefined'.
src/services/generators/offline/oddEvenSudoku.ts(51,25): error TS18048: 'worksheetCount' is possibly 'undefined'.
src/services/generators/perceptualSkills.ts(54,20): error TS2367: This comparison appears to be unintentional because the types '"radial" | "tree" | "horizontal" | "vertical" | undefined' and '"ultra_full"' have no overlap.
src/services/generators/perceptualSkills.ts(54,51): error TS2367: This comparison appears to be unintentional because the types '"radial" | "tree" | "horizontal" | "vertical" | undefined' and '"ultra_dense"' have no overlap.
src/services/generators/premiumCompositeGenerator.ts(106,57): error TS2345: Argument of type 'unknown' is not assignable to parameter of type 'Record<string, unknown> | undefined'.
src/services/generators/premiumCompositeGenerator.ts(162,59): error TS2345: Argument of type 'unknown' is not assignable to parameter of type 'Record<string, unknown> | undefined'.
src/services/generators/registry.ts(5,47): error TS2307: Cannot find module './infographic/infographicAdapter.js' or its corresponding type declarations.
src/services/generators/registry.ts(6,51): error TS2307: Cannot find module './infographic/infographicFactory.js' or its corresponding type declarations.
src/services/generators/registry.ts(439,22): error TS2339: Property 'generateInfographicShortAnswerFromAI' does not exist on type 'typeof import("C:/Users/Administrator/Desktop/oogmatik/src/services/generators/index")'.
src/services/generators/registry.ts(501,11): error TS18046: 'pair' is of type 'unknown'.
src/services/generators/registry.ts(510,11): error TS18046: 'pair' is of type 'unknown'.
src/services/generators/registry.ts(528,11): error TS18046: 'pair' is of type 'unknown'.
src/services/generators/registry.ts(537,11): error TS18046: 'pair' is of type 'unknown'.
src/services/imageService.ts(43,45): error TS2345: Argument of type 'unknown' is not assignable to parameter of type 'Record<string, unknown> | undefined'.
src/services/offlineGenerators/algorithm.ts(13,25): error TS2769: No overload matches this call.
  Overload 1 of 4, '(iterable: Iterable<unknown> | ArrayLike<unknown>, mapfn: (v: unknown, k: number) => AlgorithmData, thisArg?: any): AlgorithmData[]', gave the following error.
    Type 'number | undefined' is not assignable to type 'number'.
      Type 'undefined' is not assignable to type 'number'.
  Overload 2 of 4, '(arrayLike: ArrayLike<unknown>, mapfn: (v: unknown, k: number) => AlgorithmData, thisArg?: any): AlgorithmData[]', gave the following error.
    Type 'number | undefined' is not assignable to type 'number'.
      Type 'undefined' is not assignable to type 'number'.
src/services/offlineGenerators/apartmentLogic.ts(8,25): error TS2769: No overload matches this call.
  Overload 1 of 4, '(iterable: Iterable<unknown> | ArrayLike<unknown>, mapfn: (v: unknown, k: number) => any, thisArg?: any): any[]', gave the following error.
    Type 'number | undefined' is not assignable to type 'number'.
      Type 'undefined' is not assignable to type 'number'.
  Overload 2 of 4, '(arrayLike: ArrayLike<unknown>, mapfn: (v: unknown, k: number) => any, thisArg?: any): any[]', gave the following error.
    Type 'number | undefined' is not assignable to type 'number'.
      Type 'undefined' is not assignable to type 'number'.
src/services/offlineGenerators/brainTeasers.ts(112,18): error TS2345: Argument of type '{ id: string; type: "riddle"; category: string; difficulty_stars: number; q: string; a: string; hint: string; } | { id: string; type: "lateral_thinking"; category: string; difficulty_stars: number; q: string; a: string; hint: string; } | { ...; } | { ...; }' is not assignable to parameter of type 'BrainTeaserPuzzle'.
  Property 'visual' is missing in type '{ id: string; type: "riddle"; category: string; difficulty_stars: number; q: string; a: string; hint: string; }' but required in type 'BrainTeaserPuzzle'.
src/services/offlineGenerators/brainTeasers.ts(120,7): error TS2322: Type 'unknown' is not assignable to type 'string'.
src/services/offlineGenerators/brainTeasers.ts(130,10): error TS2352: Conversion of type 'BrainTeasersData[]' to type 'WorksheetData[]' may be a mistake because neither type sufficiently overlaps with the other. If this was intentional, convert the expression to 'unknown' first.
  Type 'BrainTeasersData' is missing the following properties from type 'SingleWorksheetData[]': length, pop, push, concat, and 35 more.
src/services/offlineGenerators/clockReading.ts(44,25): error TS18048: 'worksheetCount' is possibly 'undefined'.
src/services/offlineGenerators/colorfulSyllable.ts(7,25): error TS2769: No overload matches this call.
  Overload 1 of 4, '(iterable: Iterable<unknown> | ArrayLike<unknown>, mapfn: (v: unknown, k: number) => any, thisArg?: any): any[]', gave the following error.
    Type 'number | undefined' is not assignable to type 'number'.
      Type 'undefined' is not assignable to type 'number'.
  Overload 2 of 4, '(arrayLike: ArrayLike<unknown>, mapfn: (v: unknown, k: number) => any, thisArg?: any): any[]', gave the following error.
    Type 'number | undefined' is not assignable to type 'number'.
      Type 'undefined' is not assignable to type 'number'.
src/services/offlineGenerators/dyscalculia.ts(16,25): error TS2769: No overload matches this call.
  Overload 1 of 4, '(iterable: Iterable<unknown> | ArrayLike<unknown>, mapfn: (v: unknown, k: number) => { title: string; instruction: string; exercises: any[]; }, thisArg?: any): { title: string; instruction: string; exercises: any[]; }[]', gave the following error.
    Type 'number | undefined' is not assignable to type 'number'.
      Type 'undefined' is not assignable to type 'number'.
  Overload 2 of 4, '(arrayLike: ArrayLike<unknown>, mapfn: (v: unknown, k: number) => { title: string; instruction: string; exercises: any[]; }, thisArg?: any): { title: string; instruction: string; exercises: any[]; }[]', gave the following error.
    Type 'number | undefined' is not assignable to type 'number'.
      Type 'undefined' is not assignable to type 'number'.
src/services/offlineGenerators/dyscalculia.ts(32,25): error TS2769: No overload matches this call.
  Overload 1 of 4, '(iterable: Iterable<unknown> | ArrayLike<unknown>, mapfn: (v: unknown, k: number) => { title: string; instruction: string; problems: { num1: number; num2: number; operator: string; answer: number; visualType: "ten-frame"; }[]; }, thisArg?: any): { ...; }[]', gave the following error.
    Type 'number | undefined' is not assignable to type 'number'.
      Type 'undefined' is not assignable to type 'number'.
  Overload 2 of 4, '(arrayLike: ArrayLike<unknown>, mapfn: (v: unknown, k: number) => { title: string; instruction: string; problems: { num1: number; num2: number; operator: string; answer: number; visualType: "ten-frame"; }[]; }, thisArg?: any): { ...; }[]', gave the following error.
    Type 'number | undefined' is not assignable to type 'number'.
      Type 'undefined' is not assignable to type 'number'.
src/services/offlineGenerators/dyscalculia.ts(43,25): error TS18048: 'worksheetCount' is possibly 'undefined'.
src/services/offlineGenerators/dyscalculia.ts(80,44): error TS2322: Type 'string | undefined' is not assignable to type 'string'.
  Type 'undefined' is not assignable to type 'string'.
src/services/offlineGenerators/familyTreeMatrix.ts(7,25): error TS2769: No overload matches this call.
  Overload 1 of 4, '(iterable: Iterable<unknown> | ArrayLike<unknown>, mapfn: (v: unknown, k: number) => any, thisArg?: any): any[]', gave the following error.
    Type 'number | undefined' is not assignable to type 'number'.
      Type 'undefined' is not assignable to type 'number'.
  Overload 2 of 4, '(arrayLike: ArrayLike<unknown>, mapfn: (v: unknown, k: number) => any, thisArg?: any): any[]', gave the following error.
    Type 'number | undefined' is not assignable to type 'number'.
      Type 'undefined' is not assignable to type 'number'.
src/services/offlineGenerators/financialMarket.ts(7,25): error TS2769: No overload matches this call.
  Overload 1 of 4, '(iterable: Iterable<unknown> | ArrayLike<unknown>, mapfn: (v: unknown, k: number) => any, thisArg?: any): any[]', gave the following error.
    Type 'number | undefined' is not assignable to type 'number'.
      Type 'undefined' is not assignable to type 'number'.
  Overload 2 of 4, '(arrayLike: ArrayLike<unknown>, mapfn: (v: unknown, k: number) => any, thisArg?: any): any[]', gave the following error.
    Type 'number | undefined' is not assignable to type 'number'.
      Type 'undefined' is not assignable to type 'number'.
src/services/offlineGenerators/financialMath.ts(17,25): error TS18048: 'worksheetCount' is possibly 'undefined'.
src/services/offlineGenerators/index.ts(29,15): error TS2307: Cannot find module './infographicShortAnswer' or its corresponding type declarations.
src/services/offlineGenerators/logicErrorHunter.ts(28,25): error TS2769: No overload matches this call.
  Overload 1 of 4, '(iterable: Iterable<unknown> | ArrayLike<unknown>, mapfn: (v: unknown, k: number) => any, thisArg?: any): any[]', gave the following error.
    Type 'number | undefined' is not assignable to type 'number'.
      Type 'undefined' is not assignable to type 'number'.
  Overload 2 of 4, '(arrayLike: ArrayLike<unknown>, mapfn: (v: unknown, k: number) => any, thisArg?: any): any[]', gave the following error.
    Type 'number | undefined' is not assignable to type 'number'.
      Type 'undefined' is not assignable to type 'number'.
src/services/offlineGenerators/mapDetective.ts(123,25): error TS18048: 'worksheetCount' is possibly 'undefined'.
src/services/offlineGenerators/mathLogic.ts(18,25): error TS18048: 'worksheetCount' is possibly 'undefined'.
src/services/offlineGenerators/mathLogic.ts(77,34): error TS2339: Property 'split' does not exist on type 'string | [number, number]'.
  Property 'split' does not exist on type '[number, number]'.
src/services/offlineGenerators/mathLogic.ts(80,25): error TS18048: 'worksheetCount' is possibly 'undefined'.
src/services/offlineGenerators/mathLogic.ts(141,25): error TS18048: 'worksheetCount' is possibly 'undefined'.
src/services/offlineGenerators/memoryAttention.ts(8,25): error TS18048: 'worksheetCount' is possibly 'undefined'.
src/services/offlineGenerators/memoryAttention.ts(13,42): error TS2345: Argument of type 'string | undefined' is not assignable to parameter of type 'string'.
  Type 'undefined' is not assignable to type 'string'.
src/services/offlineGenerators/memoryAttention.ts(14,80): error TS2345: Argument of type 'string | undefined' is not assignable to parameter of type 'string'.
  Type 'undefined' is not assignable to type 'string'.
src/services/offlineGenerators/memoryAttention.ts(46,25): error TS18048: 'worksheetCount' is possibly 'undefined'.
src/services/offlineGenerators/memoryAttention.ts(83,25): error TS18048: 'worksheetCount' is possibly 'undefined'.
src/services/offlineGenerators/memoryAttention.ts(111,25): error TS18048: 'worksheetCount' is possibly 'undefined'.
src/services/offlineGenerators/memoryAttention.ts(147,25): error TS18048: 'worksheetCount' is possibly 'undefined'.
src/services/offlineGenerators/memoryAttention.ts(194,25): error TS18048: 'worksheetCount' is possibly 'undefined'.
src/services/offlineGenerators/memoryAttention.ts(216,25): error TS18048: 'worksheetCount' is possibly 'undefined'.
src/services/offlineGenerators/memoryAttention.ts(250,25): error TS18048: 'worksheetCount' is possibly 'undefined'.
src/services/offlineGenerators/memoryAttention.ts(273,25): error TS18048: 'worksheetCount' is possibly 'undefined'.
src/services/offlineGenerators/memoryAttention.ts(325,25): error TS18048: 'worksheetCount' is possibly 'undefined'.
src/services/offlineGenerators/memoryAttention.ts(350,25): error TS18048: 'worksheetCount' is possibly 'undefined'.
src/services/offlineGenerators/sariKitap/heceMotoru.ts(111,69): error TS18046: 's' is of type 'unknown'.
src/services/offlineGenerators/sariKitap/heceMotoru.ts(112,69): error TS18046: 's' is of type 'unknown'.
src/services/offlineGenerators/sayiDedektifi.ts(108,20): error TS2552: Cannot find name 'SayiDedektifRiddle'. Did you mean 'SayiDedektifiRiddle'?
src/services/sinavService.ts(58,9): error TS2345: Argument of type 'TypeError' is not assignable to parameter of type 'Record<string, unknown>'.
  Index signature for type 'string' is missing in type 'TypeError'.
src/services/statsService.ts(31,46): error TS2345: Argument of type 'unknown' is not assignable to parameter of type 'Record<string, unknown> | undefined'.
src/services/statsService.ts(59,49): error TS2345: Argument of type 'unknown' is not assignable to parameter of type 'Record<string, unknown> | undefined'.
src/services/templateEngine.ts(20,5): error TS2459: Module '"../types/ocr-activity"' declares 'Difficulty' locally, but it is not exported.
src/services/templateEngine.ts(59,9): error TS2322: Type '"architecture_clone"' is not assignable to type '"prompt_generation"'.
src/services/templateEngine.ts(130,17): error TS2353: Object literal may only specify known properties, and 'pedagogicalNote' does not exist in type 'ActivityMetadata'.
src/services/templateEngine.ts(210,22): error TS2339: Property 'pedagogicalNote' does not exist on type 'ActivityMetadata'.
src/services/templateEngine.ts(221,62): error TS2339: Property 'pedagogicalNote' does not exist on type 'ActivityMetadata'.
src/services/templateEngine.ts(243,32): error TS2339: Property 'pedagogicalNote' does not exist on type 'ActivityMetadata'.
src/services/templateEngine.ts(243,69): error TS2339: Property 'pedagogicalNote' does not exist on type 'ActivityMetadata'.
src/services/templateEngine.ts(295,75): error TS18046: 's' is of type 'unknown'.
src/services/templateLibrary.ts(13,5): error TS2459: Module '"../types/ocr-activity"' declares 'Difficulty' locally, but it is not exported.
src/services/themeContrastService.ts(1,15): error TS2459: Module '"@/types/activityStudio"' declares 'Difficulty' locally, but it is not exported.
src/services/workbook/workbookExport.ts(21,10): error TS2300: Duplicate identifier 'logError'.
src/services/workbook/workbookExport.ts(25,19): error TS2300: Duplicate identifier 'logError'.
src/services/workbookAIAssistant/validators/contentValidator.ts(319,9): error TS2345: Argument of type 'string[]' is not assignable to parameter of type 'Record<string, unknown>'.
  Index signature for type 'string' is missing in type 'string[]'.
src/services/workbookAIAssistant/validators/contentValidator.ts(325,54): error TS2345: Argument of type 'string[]' is not assignable to parameter of type 'Record<string, unknown>'.
  Index signature for type 'string' is missing in type 'string[]'.
src/services/workbookAIAssistant/validators/contentValidator.ts(330,64): error TS2345: Argument of type 'unknown' is not assignable to parameter of type 'Record<string, unknown> | undefined'.
src/shared/store/useGlobalStore.ts(38,18): error TS7006: Parameter 'theme' implicitly has an 'any' type.
src/shared/store/useGlobalStore.ts(39,32): error TS7006: Parameter 'settings' implicitly has an 'any' type.
src/shared/store/useGlobalStore.ts(40,14): error TS7006: Parameter 'state' implicitly has an 'any' type.
src/store/useA4EditorStore.ts(19,58): error TS7006: Parameter 'set' implicitly has an 'any' type.
src/store/useA4EditorStore.ts(19,63): error TS7006: Parameter 'get' implicitly has an 'any' type.
src/store/useA4EditorStore.ts(33,10): error TS7006: Parameter 'state' implicitly has an 'any' type.
src/store/useActivityStudioStore.ts(23,70): error TS7006: Parameter 'set' implicitly has an 'any' type.
src/store/useActivityStudioStore.ts(23,75): error TS7006: Parameter 'get' implicitly has an 'any' type.
src/store/useActivityStudioStore.ts(48,25): error TS7006: Parameter 'item' implicitly has an 'any' type.
src/store/useActivityStudioStore.ts(48,31): error TS7006: Parameter 'index' implicitly has an 'any' type.
src/store/useAppStore.ts(27,48): error TS7006: Parameter 'set' implicitly has an 'any' type.
src/store/useAppStore.ts(27,53): error TS7006: Parameter 'get' implicitly has an 'any' type.
src/store/useAssignmentStore.ts(38,62): error TS7006: Parameter 'set' implicitly has an 'any' type.
src/store/useCreativeStore.ts(39,58): error TS7006: Parameter 'set' implicitly has an 'any' type.
src/store/useCreativeStore.ts(39,63): error TS7006: Parameter 'get' implicitly has an 'any' type.
src/store/useMatSinavStore.ts(72,61): error TS7006: Parameter 'set' implicitly has an 'any' type.
src/store/useMatSinavStore.ts(72,66): error TS7006: Parameter 'get' implicitly has an 'any' type.
src/store/useMatSinavStore.ts(78,18): error TS7006: Parameter 'partial' implicitly has an 'any' type.
src/store/useMatSinavStore.ts(79,14): error TS7006: Parameter 's' implicitly has an 'any' type.
src/store/useMatSinavStore.ts(81,16): error TS7006: Parameter 'sinif' implicitly has an 'any' type.
src/store/useMatSinavStore.ts(82,14): error TS7006: Parameter 's' implicitly has an 'any' type.
src/store/useMatSinavStore.ts(91,26): error TS7006: Parameter 'uniteler' implicitly has an 'any' type.
src/store/useMatSinavStore.ts(92,14): error TS7006: Parameter 's' implicitly has an 'any' type.
src/store/useMatSinavStore.ts(94,28): error TS7006: Parameter 'kazanimlar' implicitly has an 'any' type.
src/store/useMatSinavStore.ts(95,14): error TS7006: Parameter 's' implicitly has an 'any' type.
src/store/useMatSinavStore.ts(97,23): error TS7006: Parameter 'tip' implicitly has an 'any' type.
src/store/useMatSinavStore.ts(97,28): error TS7006: Parameter 'sayi' implicitly has an 'any' type.
src/store/useMatSinavStore.ts(98,14): error TS7006: Parameter 's' implicitly has an 'any' type.
src/store/useMatSinavStore.ts(105,21): error TS7006: Parameter 'sinav' implicitly has an 'any' type.
src/store/useMatSinavStore.ts(106,23): error TS7006: Parameter 'v' implicitly has an 'any' type.
src/store/useMatSinavStore.ts(108,23): error TS7006: Parameter 'sinav' implicitly has an 'any' type.
src/store/useMatSinavStore.ts(114,26): error TS7006: Parameter 'id' implicitly has an 'any' type.
src/store/useMatSinavStore.ts(115,66): error TS18046: 's' is of type 'unknown'.
src/store/usePaperSizeStore.ts(12,60): error TS7006: Parameter 'set' implicitly has an 'any' type.
src/store/usePaperSizeStore.ts(12,65): error TS7006: Parameter 'get' implicitly has an 'any' type.
src/store/useProgressStore.ts(16,56): error TS7006: Parameter 'set' implicitly has an 'any' type.
src/store/useReadingStore.ts(43,56): error TS7006: Parameter 'set' implicitly has an 'any' type.
src/store/useReadingStore.ts(43,61): error TS7006: Parameter 'get' implicitly has an 'any' type.
src/store/useReadingStore.ts(90,15): error TS7006: Parameter 'config' implicitly has an 'any' type.
src/store/useReadingStore.ts(91,18): error TS7006: Parameter 'storyData' implicitly has an 'any' type.
src/store/useReadingStore.ts(92,15): error TS7006: Parameter 'layoutUpdate' implicitly has an 'any' type.
src/store/useReadingStore.ts(96,19): error TS7006: Parameter 'selectedId' implicitly has an 'any' type.
src/store/useReadingStore.ts(97,19): error TS7006: Parameter 'designMode' implicitly has an 'any' type.
src/store/useReadingStore.ts(98,22): error TS7006: Parameter 'activeStudent' implicitly has an 'any' type.
src/store/useReadingStore.ts(99,18): error TS7006: Parameter 'isLoading' implicitly has an 'any' type.
src/store/useReadingStore.ts(102,21): error TS7006: Parameter 'instanceId' implicitly has an 'any' type.
src/store/useReadingStore.ts(102,33): error TS7006: Parameter 'updates' implicitly has an 'any' type.
src/store/useReadingStore.ts(115,22): error TS7006: Parameter 'instanceId' implicitly has an 'any' type.
src/store/useReadingStore.ts(117,30): error TS7006: Parameter 'i' implicitly has an 'any' type.
src/store/useSariKitapStore.ts(132,58): error TS7006: Parameter 'set' implicitly has an 'any' type.
src/store/useSinavStore.ts(60,55): error TS7006: Parameter 'set' implicitly has an 'any' type.
src/store/useSinavStore.ts(66,16): error TS7006: Parameter 'partial' implicitly has an 'any' type.
src/store/useSinavStore.ts(67,10): error TS7006: Parameter 'state' implicitly has an 'any' type.
src/store/useSinavStore.ts(71,14): error TS7006: Parameter 'sinif' implicitly has an 'any' type.
src/store/useSinavStore.ts(72,10): error TS7006: Parameter 'state' implicitly has an 'any' type.
src/store/useSinavStore.ts(81,24): error TS7006: Parameter 'uniteler' implicitly has an 'any' type.
src/store/useSinavStore.ts(82,10): error TS7006: Parameter 'state' implicitly has an 'any' type.
src/store/useSinavStore.ts(86,26): error TS7006: Parameter 'kazanimlar' implicitly has an 'any' type.
src/store/useSinavStore.ts(87,10): error TS7006: Parameter 'state' implicitly has an 'any' type.
src/store/useSinavStore.ts(91,21): error TS7006: Parameter 'tip' implicitly has an 'any' type.
src/store/useSinavStore.ts(91,26): error TS7006: Parameter 'sayi' implicitly has an 'any' type.
src/store/useSinavStore.ts(92,10): error TS7006: Parameter 'state' implicitly has an 'any' type.
src/store/useSinavStore.ts(102,19): error TS7006: Parameter 'sinav' implicitly has an 'any' type.
src/store/useSinavStore.ts(104,21): error TS7006: Parameter 'isGenerating' implicitly has an 'any' type.
src/store/useSinavStore.ts(106,25): error TS7006: Parameter 'sinav' implicitly has an 'any' type.
src/store/useSinavStore.ts(107,10): error TS7006: Parameter 'state' implicitly has an 'any' type.
src/store/useStudentStore.ts(52,56): error TS7006: Parameter 'set' implicitly has an 'any' type.
src/store/useStudentStore.ts(52,61): error TS7006: Parameter 'get' implicitly has an 'any' type.
src/store/useSuperStudioStore.ts(55,64): error TS7006: Parameter 'set' implicitly has an 'any' type.
src/store/useSuperStudioStore.ts(55,69): error TS7006: Parameter 'get' implicitly has an 'any' type.
src/store/useToastStore.ts(27,50): error TS7006: Parameter 'set' implicitly has an 'any' type.
src/store/useWorksheetStore.ts(28,65): error TS7006: Parameter 'set' implicitly has an 'any' type.
src/store/useWorksheetStore.ts(28,70): error TS7006: Parameter 'get' implicitly has an 'any' type.
src/tools/scaffold/e2e.test.ts(52,16): error TS18048: 'agentResult.structuralValidation' is possibly 'undefined'.
src/tools/scaffold/validator.test.ts(43,34): error TS2576: Property 'validateBlueprint' does not exist on type 'ActivityValidator'. Did you mean to access the static member 'ActivityValidator.validateBlueprint' instead?
src/tools/scaffold/validator.test.ts(50,34): error TS2576: Property 'validateBlueprint' does not exist on type 'ActivityValidator'. Did you mean to access the static member 'ActivityValidator.validateBlueprint' instead?
src/tools/scaffold/validator.test.ts(52,35): error TS7006: Parameter 'e' implicitly has an 'any' type.
src/tools/scaffold/validator.test.ts(57,34): error TS2576: Property 'validateBlueprint' does not exist on type 'ActivityValidator'. Did you mean to access the static member 'ActivityValidator.validateBlueprint' instead?
src/tools/scaffold/validator.test.ts(59,35): error TS7006: Parameter 'e' implicitly has an 'any' type.
src/tools/scaffold/validator.test.ts(63,34): error TS2576: Property 'checkPedagogicalRequirements' does not exist on type 'ActivityValidator'. Did you mean to access the static member 'ActivityValidator.checkPedagogicalRequirements' instead?
src/types.ts(12,15): error TS2307: Cannot find module './types/infographic.js' or its corresponding type declarations.
src/types/index.ts(9,15): error TS2307: Cannot find module './infographic' or its corresponding type declarations.
src/types/worksheet.ts(1,43): error TS2307: Cannot find module './infographic' or its corresponding type declarations.
src/utils/inputSanitizer.ts(207,5): error TS2322: Type '{ sanitized: string; threats: DetectedThreat[]; isSafe: boolean; }' is not assignable to type 'string'.
src/utils/print/CaptureEngine.ts(43,57): error TS2345: Argument of type 'unknown' is not assignable to parameter of type 'Record<string, unknown> | undefined'.
src/utils/print/CaptureEngine.ts(101,49): error TS2345: Argument of type 'unknown' is not assignable to parameter of type 'Record<string, unknown> | undefined'.
src/utils/print/index.ts(74,41): error TS2345: Argument of type 'unknown' is not assignable to parameter of type 'Record<string, unknown> | undefined'.
src/utils/snapshotService.ts(118,44): error TS2345: Argument of type 'unknown' is not assignable to parameter of type 'Record<string, unknown> | undefined'.
src/utils/snapshotService.ts(147,35): error TS2345: Argument of type 'unknown' is not assignable to parameter of type 'Record<string, unknown> | undefined'.
src/utils/themeUtils.ts(1,30): error TS2307: Cannot find module '../components/InfographicStudio/hooks/useInfographicStudio' or its corresponding type declarations.
src/utils/validator.ts(59,89): error TS2345: Argument of type '{} | null' is not assignable to parameter of type 'Record<string, unknown> | undefined'.
  Type 'null' is not assignable to type 'Record<string, unknown> | undefined'.
src/utils/validator.ts(84,47): error TS2345: Argument of type 'unknown' is not assignable to parameter of type 'Record<string, unknown> | undefined'.
tests/ActivityApprovalService.test.ts(36,13): error TS2353: Object literal may only specify known properties, and 'pedagogicalNote' does not exist in type 'ActivityMetadata'.
tests/activityStudio/approvalFilter.test.ts(9,3): error TS2322: Type '"ocr_variation"' is not assignable to type '"prompt_generation"'.
tests/activityStudio/approvalFilter.test.ts(21,31): error TS2322: Type '"ocr_variation"' is not assignable to type '"prompt_generation"'.
tests/activityStudio/approvalFilter.test.ts(30,28): error TS2322: Type '"ocr_variation"' is not assignable to type '"prompt_generation"'.
tests/activityStudio/clinicalValidator.test.ts(6,20): error TS2554: Expected 2 arguments, but got 1.
tests/activityStudio/clinicalValidator.test.ts(12,20): error TS2554: Expected 2 arguments, but got 1.
tests/activityStudio/compactA4Panel.test.tsx(9,3): error TS2305: Module '"@/services/compactA4LayoutService"' has no exported member 'buildCompactA4LayoutWithMinimums'.
tests/activityStudio/compactA4Panel.test.tsx(49,30): error TS7006: Parameter 'section' implicitly has an 'any' type.
tests/activityStudio/contentService.test.ts(19,5): error TS2353: Object literal may only specify known properties, and 'pedagogicalNote' does not exist in type 'AgentOutput'.
tests/activityStudio/contentService.test.ts(27,50): error TS2353: Object literal may only specify known properties, and 'pedagogicalNote' does not exist in type 'AgentOutput'.
tests/activityStudio/contentService.test.ts(29,46): error TS2353: Object literal may only specify known properties, and 'pedagogicalNote' does not exist in type 'AgentOutput'.
tests/activityStudio/contentService.test.ts(30,42): error TS2353: Object literal may only specify known properties, and 'pedagogicalNote' does not exist in type 'AgentOutput'.
tests/activityStudio/contentService.test.ts(31,54): error TS2353: Object literal may only specify known properties, and 'pedagogicalNote' does not exist in type 'AgentOutput'.
tests/activityStudio/contentService.test.ts(32,56): error TS2353: Object literal may only specify known properties, and 'pedagogicalNote' does not exist in type 'AgentOutput'.
tests/activityStudio/contentService.test.ts(128,16): error TS18048: 'b.pedagogicalNote' is possibly 'undefined'.
tests/activityStudio/contentService.test.ts(162,9): error TS2353: Object literal may only specify known properties, and 'pedagogicalNote' does not exist in type 'AgentOutput'.
tests/activityStudio/wizardState.test.ts(15,58): error TS7006: Parameter 'step' implicitly has an 'any' type.
tests/aiStudentService.test.ts(114,47): error TS2339: Property 'analyzeStudent' does not exist on type '{ generateIEPGoals: (student: AdvancedStudent) => Promise<any>; generateNeuroInsights: (student: AdvancedStudent) => Promise<any>; }'.
tests/aiStudentService.test.ts(128,47): error TS2339: Property 'analyzeStudent' does not exist on type '{ generateIEPGoals: (student: AdvancedStudent) => Promise<any>; generateNeuroInsights: (student: AdvancedStudent) => Promise<any>; }'.
tests/aiStudentService.test.ts(137,47): error TS2339: Property 'analyzeStudent' does not exist on type '{ generateIEPGoals: (student: AdvancedStudent) => Promise<any>; generateNeuroInsights: (student: AdvancedStudent) => Promise<any>; }'.
tests/aiStudentService.test.ts(144,47): error TS2339: Property 'analyzeStudent' does not exist on type '{ generateIEPGoals: (student: AdvancedStudent) => Promise<any>; generateNeuroInsights: (student: AdvancedStudent) => Promise<any>; }'.
tests/aiStudentService.test.ts(152,47): error TS2339: Property 'analyzeStudent' does not exist on type '{ generateIEPGoals: (student: AdvancedStudent) => Promise<any>; generateNeuroInsights: (student: AdvancedStudent) => Promise<any>; }'.
tests/aiStudentService.test.ts(158,47): error TS2339: Property 'analyzeStudent' does not exist on type '{ generateIEPGoals: (student: AdvancedStudent) => Promise<any>; generateNeuroInsights: (student: AdvancedStudent) => Promise<any>; }'.
tests/aiStudentService.test.ts(166,46): error TS2339: Property 'generatePersonalizedContent' does not exist on type '{ generateIEPGoals: (student: AdvancedStudent) => Promise<any>; generateNeuroInsights: (student: AdvancedStudent) => Promise<any>; }'.
tests/aiStudentService.test.ts(182,46): error TS2339: Property 'generatePersonalizedContent' does not exist on type '{ generateIEPGoals: (student: AdvancedStudent) => Promise<any>; generateNeuroInsights: (student: AdvancedStudent) => Promise<any>; }'.
tests/aiStudentService.test.ts(193,46): error TS2339: Property 'generatePersonalizedContent' does not exist on type '{ generateIEPGoals: (student: AdvancedStudent) => Promise<any>; generateNeuroInsights: (student: AdvancedStudent) => Promise<any>; }'.
tests/aiStudentService.test.ts(205,42): error TS2339: Property 'generateBEPSuggestions' does not exist on type '{ generateIEPGoals: (student: AdvancedStudent) => Promise<any>; generateNeuroInsights: (student: AdvancedStudent) => Promise<any>; }'.
tests/aiStudentService.test.ts(215,42): error TS2339: Property 'generateBEPSuggestions' does not exist on type '{ generateIEPGoals: (student: AdvancedStudent) => Promise<any>; generateNeuroInsights: (student: AdvancedStudent) => Promise<any>; }'.
tests/aiStudentService.test.ts(220,25): error TS7006: Parameter 'goal' implicitly has an 'any' type.
tests/aiStudentService.test.ts(230,42): error TS2339: Property 'generateBEPSuggestions' does not exist on type '{ generateIEPGoals: (student: AdvancedStudent) => Promise<any>; generateNeuroInsights: (student: AdvancedStudent) => Promise<any>; }'.
tests/aiStudentService.test.ts(245,49): error TS2339: Property 'validateProgress' does not exist on type '{ generateIEPGoals: (student: AdvancedStudent) => Promise<any>; generateNeuroInsights: (student: AdvancedStudent) => Promise<any>; }'.
tests/aiStudentService.test.ts(264,49): error TS2339: Property 'validateProgress' does not exist on type '{ generateIEPGoals: (student: AdvancedStudent) => Promise<any>; generateNeuroInsights: (student: AdvancedStudent) => Promise<any>; }'.
tests/aiStudentService.test.ts(280,49): error TS2339: Property 'validateProgress' does not exist on type '{ generateIEPGoals: (student: AdvancedStudent) => Promise<any>; generateNeuroInsights: (student: AdvancedStudent) => Promise<any>; }'.
tests/aiStudentService.test.ts(293,45): error TS2339: Property 'generateParentReport' does not exist on type '{ generateIEPGoals: (student: AdvancedStudent) => Promise<any>; generateNeuroInsights: (student: AdvancedStudent) => Promise<any>; }'.
tests/aiStudentService.test.ts(306,45): error TS2339: Property 'generateParentReport' does not exist on type '{ generateIEPGoals: (student: AdvancedStudent) => Promise<any>; generateNeuroInsights: (student: AdvancedStudent) => Promise<any>; }'.
tests/aiStudentService.test.ts(317,45): error TS2339: Property 'generateParentReport' does not exist on type '{ generateIEPGoals: (student: AdvancedStudent) => Promise<any>; generateNeuroInsights: (student: AdvancedStudent) => Promise<any>; }'.
tests/aiStudentService.test.ts(327,45): error TS2339: Property 'generateParentReport' does not exist on type '{ generateIEPGoals: (student: AdvancedStudent) => Promise<any>; generateNeuroInsights: (student: AdvancedStudent) => Promise<any>; }'.
tests/aiStudentService.test.ts(371,46): error TS2339: Property 'findPeerMatches' does not exist on type '{ generateIEPGoals: (student: AdvancedStudent) => Promise<any>; generateNeuroInsights: (student: AdvancedStudent) => Promise<any>; }'.
tests/aiStudentService.test.ts(380,46): error TS2339: Property 'findPeerMatches' does not exist on type '{ generateIEPGoals: (student: AdvancedStudent) => Promise<any>; generateNeuroInsights: (student: AdvancedStudent) => Promise<any>; }'.
tests/aiStudentService.test.ts(385,23): error TS7006: Parameter 'match' implicitly has an 'any' type.
tests/aiStudentService.test.ts(392,46): error TS2339: Property 'findPeerMatches' does not exist on type '{ generateIEPGoals: (student: AdvancedStudent) => Promise<any>; generateNeuroInsights: (student: AdvancedStudent) => Promise<any>; }'.
tests/aiStudentService.test.ts(397,23): error TS7006: Parameter 'match' implicitly has an 'any' type.
tests/aiStudentService.test.ts(403,46): error TS2339: Property 'findPeerMatches' does not exist on type '{ generateIEPGoals: (student: AdvancedStudent) => Promise<any>; generateNeuroInsights: (student: AdvancedStudent) => Promise<any>; }'.
tests/aiStudentService.test.ts(408,23): error TS7006: Parameter 'match' implicitly has an 'any' type.
tests/aiStudentService.test.ts(431,47): error TS2339: Property 'analyzeStudent' does not exist on type '{ generateIEPGoals: (student: AdvancedStudent) => Promise<any>; generateNeuroInsights: (student: AdvancedStudent) => Promise<any>; }'.
tests/aiStudentService.test.ts(457,47): error TS2339: Property 'analyzeStudent' does not exist on type '{ generateIEPGoals: (student: AdvancedStudent) => Promise<any>; generateNeuroInsights: (student: AdvancedStudent) => Promise<any>; }'.
tests/aiStudentService.test.ts(465,46): error TS2339: Property 'generateCognitiveInsight' does not exist on type '{ generateIEPGoals: (student: AdvancedStudent) => Promise<any>; generateNeuroInsights: (student: AdvancedStudent) => Promise<any>; }'.
tests/aiStudentService.test.ts(484,21): error TS7006: Parameter 'goal' implicitly has an 'any' type.
tests/AppError.test.ts(86,40): error TS2345: Argument of type 'number' is not assignable to parameter of type 'string'.
tests/FactoryFunctions.test.ts(62,30): error TS2339: Property 'paymentMethods' does not exist on type 'FinancialProfile'.
tests/FactoryFunctions.test.ts(63,30): error TS2339: Property 'monthlyPaymentStatus' does not exist on type 'FinancialProfile'.
tests/FactoryFunctions.test.ts(69,30): error TS2339: Property 'lastTransactionDate' does not exist on type 'FinancialProfile'.
tests/FindTheDifferenceSheetFallback.test.tsx(5,1): error TS2582: Cannot find name 'describe'. Do you need to install type definitions for a test runner? Try `npm i --save-dev @types/jest` or `npm i --save-dev @types/mocha`.
tests/FindTheDifferenceSheetFallback.test.tsx(6,3): error TS2582: Cannot find name 'test'. Do you need to install type definitions for a test runner? Try `npm i --save-dev @types/jest` or `npm i --save-dev @types/mocha`.
tests/FindTheDifferenceSheetFallback.test.tsx(9,5): error TS2304: Cannot find name 'expect'.
tests/Integration.test.ts(126,40): error TS2345: Argument of type 'number' is not assignable to parameter of type 'string'.
tests/Integration.test.ts(149,38): error TS2345: Argument of type 'number' is not assignable to parameter of type 'string'.
tests/Integration.test.ts(206,23): error TS2339: Property 'total' does not exist on type 'Promise<{ remaining: number; total: number; resetAfterMs: number; allowed: boolean; }>'.
tests/Integration.test.ts(206,53): error TS2339: Property 'total' does not exist on type 'Promise<{ remaining: number; total: number; resetAfterMs: number; allowed: boolean; }>'.
tests/Integration.test.ts(207,22): error TS2339: Property 'total' does not exist on type 'Promise<{ remaining: number; total: number; resetAfterMs: number; allowed: boolean; }>'.
tests/Integration.test.ts(207,54): error TS2339: Property 'total' does not exist on type 'Promise<{ remaining: number; total: number; resetAfterMs: number; allowed: boolean; }>'.
tests/Integration.test.ts(317,19): error TS2339: Property 'remaining' does not exist on type 'Promise<{ remaining: number; total: number; resetAfterMs: number; allowed: boolean; }>'.
tests/KavramHaritasiGenerator.test.ts(2,10): error TS2305: Module '"../src/services/generators/kavramHaritasi"' has no exported member 'KavramHaritasiGenerator'.
tests/RateLimiter.test.ts(76,21): error TS2339: Property 'remaining' does not exist on type 'Promise<{ remaining: number; total: number; resetAfterMs: number; allowed: boolean; }>'.
tests/RateLimiter.test.ts(81,21): error TS2339: Property 'remaining' does not exist on type 'Promise<{ remaining: number; total: number; resetAfterMs: number; allowed: boolean; }>'.
tests/RateLimiter.test.ts(88,21): error TS2339: Property 'resetsAt' does not exist on type 'Promise<{ remaining: number; total: number; resetAfterMs: number; allowed: boolean; }>'.
tests/RateLimiter.test.ts(89,21): error TS2339: Property 'resetsAt' does not exist on type 'Promise<{ remaining: number; total: number; resetAfterMs: number; allowed: boolean; }>'.
tests/RateLimiter.test.ts(123,21): error TS2339: Property 'remaining' does not exist on type 'Promise<{ remaining: number; total: number; resetAfterMs: number; allowed: boolean; }>'.
tests/RateLimiter.test.ts(141,24): error TS2339: Property 'remaining' does not exist on type 'Promise<{ remaining: number; total: number; resetAfterMs: number; allowed: boolean; }>'.
tests/RateLimiter.test.ts(142,26): error TS2339: Property 'remaining' does not exist on type 'Promise<{ remaining: number; total: number; resetAfterMs: number; allowed: boolean; }>'.
tests/sinavGenerator.test.ts(171,12): error TS18048: 'sinav.pedagogicalNote' is possibly 'undefined'.
tests/SprintA.test.ts(29,16): error TS2339: Property 'userMessage' does not exist on type 'void'.
tests/SprintA.test.ts(30,16): error TS2339: Property 'timestamp' does not exist on type 'void'.
tests/StudentAPI.test.ts(53,29): error TS2339: Property 'name' does not exist on type '{ age: number; grade: string; }'.
tests/StudentAPI.test.ts(234,49): error TS2367: This comparison appears to be unintentional because the types '"teacher-456"' and '"teacher-123"' have no overlap.
tests/StudentAPI.test.ts(243,47): error TS2367: This comparison appears to be unintentional because the types '"teacher-456"' and '"teacher-123"' have no overlap.
tests/TemplateEngine.test.ts(103,23): error TS2339: Property 'pedagogicalNote' does not exist on type 'ActivityMetadata'.
tests/TemplateEngine.test.ts(136,23): error TS2339: Property 'pedagogicalNote' does not exist on type 'ActivityMetadata'.
tests/TemplateEngine.test.ts(167,23): error TS2339: Property 'pedagogicalNote' does not exist on type 'ActivityMetadata'.
tests/TemplateEngine.test.ts(197,9): error TS2353: Object literal may only specify known properties, and 'pedagogicalNote' does not exist in type 'ActivityMetadata'.
tests/VisualOddOneOutSheetFallback.test.tsx(7,1): error TS2582: Cannot find name 'describe'. Do you need to install type definitions for a test runner? Try `npm i --save-dev @types/jest` or `npm i --save-dev @types/mocha`.
tests/VisualOddOneOutSheetFallback.test.tsx(8,3): error TS2582: Cannot find name 'test'. Do you need to install type definitions for a test runner? Try `npm i --save-dev @types/jest` or `npm i --save-dev @types/mocha`.
tests/VisualOddOneOutSheetFallback.test.tsx(10,5): error TS2304: Cannot find name 'expect'.
